#
# There is insufficient memory for the Java Runtime Environment to continue.
# Native memory allocation (malloc) failed to allocate 1048576 bytes. Error detail: AllocateHeap
# Possible reasons:
#   The system is out of physical RAM or swap space
#   This process is running with CompressedOops enabled, and the Java Heap may be blocking the growth of the native heap
# Possible solutions:
#   Reduce memory load on the system
#   Increase physical memory or swap space
#   Check if swap backing store is full
#   Decrease Java heap size (-Xmx/-Xms)
#   Decrease number of Java threads
#   Decrease Java thread stack sizes (-Xss)
#   Set larger code cache with -XX:ReservedCodeCacheSize=
#   JVM is running with Unscaled Compressed Oops mode in which the Java heap is
#     placed in the first 4GB address space. The Java Heap base address is the
#     maximum limit for the native heap growth. Please use -XX:HeapBaseMinAddress
#     to set the Java Heap base and to place the Java Heap above 4GB virtual address.
# This output file may be truncated or incomplete.
#
#  Out of Memory Error (allocation.cpp:44), pid=6612, tid=24504
#
# JRE version: OpenJDK Runtime Environment Temurin-21.0.11+10 (21.0.11+10) (build 21.0.11+10-LTS)
# Java VM: OpenJDK 64-Bit Server VM Temurin-21.0.11+10 (21.0.11+10-LTS, mixed mode, sharing, tiered, compressed oops, compressed class ptrs, parallel gc, windows-amd64)
# No core dump will be written. Minidumps are not enabled by default on client versions of Windows
#

---------------  S U M M A R Y ------------

Command Line: --add-modules=ALL-SYSTEM --add-opens=java.base/java.util=ALL-UNNAMED --add-opens=java.base/java.lang=ALL-UNNAMED --add-opens=java.base/sun.nio.fs=ALL-UNNAMED -Declipse.application=org.eclipse.jdt.ls.core.id1 -Dosgi.bundles.defaultStartLevel=4 -Declipse.product=org.eclipse.jdt.ls.core.product -Djava.import.generatesMetadataFilesAtProjectRoot=false -DDetectVMInstallationsJob.disabled=true -Dfile.encoding=utf8 -XX:+UseParallelGC -XX:GCTimeRatio=4 -XX:AdaptiveSizePolicyWeight=90 -Dsun.zip.disableMemoryMapping=true -Xmx2G -Xms100m -Xlog:disable -javaagent:c:\Users\Federico\.vscode\extensions\redhat.java-1.55.0-win32-x64\lombok\lombok-1.18.39-4050.jar -XX:+HeapDumpOnOutOfMemoryError -XX:HeapDumpPath=c:\Users\Federico\AppData\Roaming\Code\User\workspaceStorage\c5623facd5cf54d83afa9868dd09a552\redhat.java -Daether.dependencyCollector.impl=bf c:\Users\Federico\.vscode\extensions\redhat.java-1.55.0-win32-x64\server\plugins\org.eclipse.equinox.launcher_1.7.200.v20260619-2039.jar -configuration c:\Users\Federico\AppData\Roaming\Code\User\globalStorage\redhat.java\1.55.0\config_win -data c:\Users\Federico\AppData\Roaming\Code\User\workspaceStorage\c5623facd5cf54d83afa9868dd09a552\redhat.java\jdt_ws --pipe=\\.\pipe\lsp-22a27fc7020f0cf6c32be0622642ec47-sock

Host: Intel(R) Celeron(R) N4020 CPU @ 1.10GHz, 2 cores, 3G,  Windows 11 , 64 bit Build 26100 (10.0.26100.5074)
Time: Tue Jul  7 18:36:40 2026 Hora estándar de Argentina elapsed time: 500685.585340 seconds (5d 19h 4m 45s)

---------------  T H R E A D  ---------------

Current thread (0x0000028e475d7160):  JavaThread "Attach Listener" daemon [_thread_in_vm, id=24504, stack(0x000000c28cc00000,0x000000c28cd00000) (1024K)]

Stack: [0x000000c28cc00000,0x000000c28cd00000]
Native frames: (J=compiled Java code, j=interpreted, Vv=VM code, C=native code)
V  [jvm.dll+0x6d7e19]
V  [jvm.dll+0x8b5096]
V  [jvm.dll+0x8b764e]
V  [jvm.dll+0x8b7d33]
V  [jvm.dll+0x284596]
V  [jvm.dll+0xc13c7]
V  [jvm.dll+0x6d86c9]
V  [jvm.dll+0x133616]
V  [jvm.dll+0x3f868e]
V  [jvm.dll+0x85fb0d]
V  [jvm.dll+0x6d664d]
C  [ucrtbase.dll+0x37b0]
C  [KERNEL32.DLL+0x2e8d7]
C  [ntdll.dll+0x8d9c]


---------------  P R O C E S S  ---------------

Threads class SMR info:
_java_thread_list=0x0000028e658be880, length=29, elements={
0x0000028e47724f80, 0x0000028e477ddfc0, 0x0000028e475d12a0, 0x0000028e475d35e0,
0x0000028e475d7160, 0x0000028e475e1fa0, 0x0000028e475e2a00, 0x0000028e475e3840,
0x0000028e47653220, 0x0000028e5e732390, 0x0000028e5e7977d0, 0x0000028e6326c010,
0x0000028e5e6bc4f0, 0x0000028e476ab6b0, 0x0000028e5e73ec10, 0x0000028e5e890a90,
0x0000028e5e9de410, 0x0000028e5e9df7c0, 0x0000028e5e9ddd80, 0x0000028e5e9dd060,
0x0000028e631edc60, 0x0000028e631ebb90, 0x0000028e631ee980, 0x0000028e631ef010,
0x0000028e631ed5d0, 0x0000028e631ef6a0, 0x0000028e63460df0, 0x0000028e631f1e00,
0x0000028e631ec220
}

Java Threads: ( => current thread )
  0x0000028e47724f80 JavaThread "main"                              [_thread_blocked, id=5196, stack(0x000000c28c500000,0x000000c28c600000) (1024K)]
  0x0000028e477ddfc0 JavaThread "Reference Handler"          daemon [_thread_blocked, id=9892, stack(0x000000c28c900000,0x000000c28ca00000) (1024K)]
  0x0000028e475d12a0 JavaThread "Finalizer"                  daemon [_thread_blocked, id=17584, stack(0x000000c28ca00000,0x000000c28cb00000) (1024K)]
  0x0000028e475d35e0 JavaThread "Signal Dispatcher"          daemon [_thread_blocked, id=22084, stack(0x000000c28cb00000,0x000000c28cc00000) (1024K)]
=>0x0000028e475d7160 JavaThread "Attach Listener"            daemon [_thread_in_vm, id=24504, stack(0x000000c28cc00000,0x000000c28cd00000) (1024K)]
  0x0000028e475e1fa0 JavaThread "Service Thread"             daemon [_thread_blocked, id=20428, stack(0x000000c28cd00000,0x000000c28ce00000) (1024K)]
  0x0000028e475e2a00 JavaThread "Monitor Deflation Thread"   daemon [_thread_blocked, id=11676, stack(0x000000c28ce00000,0x000000c28cf00000) (1024K)]
  0x0000028e475e3840 JavaThread "C2 CompilerThread0"         daemon [_thread_blocked, id=21956, stack(0x000000c28cf00000,0x000000c28d000000) (1024K)]
  0x0000028e47653220 JavaThread "C1 CompilerThread0"         daemon [_thread_blocked, id=1104, stack(0x000000c28d000000,0x000000c28d100000) (1024K)]
  0x0000028e5e732390 JavaThread "Common-Cleaner"             daemon [_thread_blocked, id=19964, stack(0x000000c28d100000,0x000000c28d200000) (1024K)]
  0x0000028e5e7977d0 JavaThread "Notification Thread"        daemon [_thread_blocked, id=7500, stack(0x000000c28d200000,0x000000c28d300000) (1024K)]
  0x0000028e6326c010 JavaThread "Active Thread: Equinox Container: cd9282ca-c7db-4c69-ac5f-8ab934b8179b"        [_thread_blocked, id=17480, stack(0x000000c28d400000,0x000000c28d500000) (1024K)]
  0x0000028e5e6bc4f0 JavaThread "Refresh Thread: Equinox Container: cd9282ca-c7db-4c69-ac5f-8ab934b8179b" daemon [_thread_blocked, id=4216, stack(0x000000c28d500000,0x000000c28d600000) (1024K)]
  0x0000028e476ab6b0 JavaThread "Framework Event Dispatcher: Equinox Container: cd9282ca-c7db-4c69-ac5f-8ab934b8179b" daemon [_thread_blocked, id=19272, stack(0x000000c28d600000,0x000000c28d700000) (1024K)]
  0x0000028e5e73ec10 JavaThread "Start Level: Equinox Container: cd9282ca-c7db-4c69-ac5f-8ab934b8179b" daemon [_thread_blocked, id=19636, stack(0x000000c28d700000,0x000000c28d800000) (1024K)]
  0x0000028e5e890a90 JavaThread "Bundle File Closer"         daemon [_thread_blocked, id=20588, stack(0x000000c28c400000,0x000000c28c500000) (1024K)]
  0x0000028e5e9de410 JavaThread "SCR Component Actor"        daemon [_thread_blocked, id=20812, stack(0x000000c28c300000,0x000000c28c400000) (1024K)]
  0x0000028e5e9df7c0 JavaThread "Worker-JM"                         [_thread_blocked, id=16144, stack(0x000000c28d800000,0x000000c28d900000) (1024K)]
  0x0000028e5e9ddd80 JavaThread "JNA Cleaner"                daemon [_thread_blocked, id=14092, stack(0x000000c28db00000,0x000000c28dc00000) (1024K)]
  0x0000028e5e9dd060 JavaThread "Java indexing"              daemon [_thread_blocked, id=17300, stack(0x000000c28df00000,0x000000c28e000000) (1024K)]
  0x0000028e631edc60 JavaThread "Thread-1"                   daemon [_thread_in_native, id=15504, stack(0x000000c28e400000,0x000000c28e500000) (1024K)]
  0x0000028e631ebb90 JavaThread "Thread-2"                   daemon [_thread_in_native, id=5272, stack(0x000000c28e500000,0x000000c28e600000) (1024K)]
  0x0000028e631ee980 JavaThread "Thread-3"                   daemon [_thread_in_native, id=14892, stack(0x000000c28e600000,0x000000c28e700000) (1024K)]
  0x0000028e631ef010 JavaThread "pool-2-thread-1"                   [_thread_blocked, id=20488, stack(0x000000c28e700000,0x000000c28e800000) (1024K)]
  0x0000028e631ed5d0 JavaThread "WorkspaceEventsHandler"            [_thread_blocked, id=7956, stack(0x000000c28e800000,0x000000c28e900000) (1024K)]
  0x0000028e631ef6a0 JavaThread "pool-1-thread-1"                   [_thread_blocked, id=21872, stack(0x000000c28e900000,0x000000c28ea00000) (1024K)]
  0x0000028e63460df0 JavaThread "Cleaner-0"                  daemon [_thread_blocked, id=9620, stack(0x000000c28e300000,0x000000c28e400000) (1024K)]
  0x0000028e631f1e00 JavaThread "Worker-16"                         [_thread_blocked, id=5732, stack(0x000000c28dc00000,0x000000c28dd00000) (1024K)]
  0x0000028e631ec220 JavaThread "Worker-17"                         [_thread_blocked, id=25344, stack(0x000000c28da00000,0x000000c28db00000) (1024K)]
Total: 29

Other Threads:
  0x0000028e477c4200 VMThread "VM Thread"                           [id=11484, stack(0x000000c28c800000,0x000000c28c900000) (1024K)]
  0x0000028e475acb10 WatcherThread "VM Periodic Task Thread"        [id=17536, stack(0x000000c28c700000,0x000000c28c800000) (1024K)]
  0x0000028e477441e0 WorkerThread "GC Thread#0"                     [id=23028, stack(0x000000c28c600000,0x000000c28c700000) (1024K)]
  0x0000028e63212120 WorkerThread "GC Thread#1"                     [id=4940, stack(0x000000c28d300000,0x000000c28d400000) (1024K)]
Total: 4

Threads with active compile tasks:
Total: 0

VM state: not at safepoint (normal execution)

VM Mutex/Monitor currently owned by a thread: None

Heap address: 0x0000000080000000, size: 2048 MB, Compressed Oops mode: 32-bit

CDS archive(s) mapped at: [0x0000028e00000000-0x0000028e00ba0000-0x0000028e00ba0000), size 12189696, SharedBaseAddress: 0x0000028e00000000, ArchiveRelocationMode: 1.
Compressed class space mapped at: 0x0000028e01000000-0x0000028e41000000, reserved size: 1073741824
Narrow klass base: 0x0000028e00000000, Narrow klass shift: 0, Narrow klass range: 0x100000000

GC Precious Log:
 CardTable entry size: 512
 CPUs: 2 total, 2 available
 Memory: 3858M
 Large Page Support: Disabled
 NUMA Support: Disabled
 Compressed Oops: Enabled (32-bit)
 Alignments: Space 512K, Generation 512K, Heap 2M
 Heap Min Capacity: 100M
 Heap Initial Capacity: 100M
 Heap Max Capacity: 2G
 Pre-touch: Disabled
 Parallel Workers: 2

Heap:
 PSYoungGen      total 4608K, used 1741K [0x00000000d5580000, 0x00000000d5c80000, 0x0000000100000000)
  eden space 4096K, 30% used [0x00000000d5580000,0x00000000d56b6300,0x00000000d5980000)
  from space 512K, 97% used [0x00000000d5b00000,0x00000000d5b7d220,0x00000000d5b80000)
  to   space 1536K, 0% used [0x00000000d5980000,0x00000000d5980000,0x00000000d5b00000)
 ParOldGen       total 806400K, used 604574K [0x0000000080000000, 0x00000000b1380000, 0x00000000d5580000)
  object space 806400K, 74% used [0x0000000080000000,0x00000000a4e678d0,0x00000000b1380000)
 Metaspace       used 98704K, committed 100480K, reserved 1179648K
  class space    used 10142K, committed 11072K, reserved 1048576K

Card table byte_map: [0x0000028e470c0000,0x0000028e474d0000] _byte_map_base: 0x0000028e46cc0000

Marking Bits: (ParMarkBitMap*) 0x00007ffa6dd84460
 Begin Bits: [0x0000028e59bd0000, 0x0000028e5bbd0000)
 End Bits:   [0x0000028e5bbd0000, 0x0000028e5dbd0000)

Polling page: 0x0000028e45580000

Metaspace:

Usage:
  Non-class:     86.49 MB used.
      Class:      9.90 MB used.
       Both:     96.39 MB used.

Virtual space:
  Non-class space:      128.00 MB reserved,      87.31 MB ( 68%) committed,  2 nodes.
      Class space:        1.00 GB reserved,      10.81 MB (  1%) committed,  1 nodes.
             Both:        1.12 GB reserved,      98.12 MB (  9%) committed. 

Chunk freelists:
   Non-Class:  8.08 MB
       Class:  5.22 MB
        Both:  13.30 MB

MaxMetaspaceSize: unlimited
CompressedClassSpaceSize: 1.00 GB
Initial GC threshold: 21.00 MB
Current GC threshold: 160.88 MB
CDS: on
 - commit_granule_bytes: 65536.
 - commit_granule_words: 8192.
 - virtual_space_node_default_size: 8388608.
 - enlarge_chunks_in_place: 1.
 - use_allocation_guard: 0.


Internal statistics:

num_allocs_failed_limit: 9.
num_arena_births: 1872.
num_arena_deaths: 456.
num_vsnodes_births: 3.
num_vsnodes_deaths: 0.
num_space_committed: 1570.
num_space_uncommitted: 0.
num_chunks_returned_to_freelist: 533.
num_chunks_taken_from_freelist: 6647.
num_chunk_merges: 151.
num_chunk_splits: 3992.
num_chunks_enlarged: 2340.
num_inconsistent_stats: 0.

CodeHeap 'non-profiled nmethods': size=120064Kb used=21799Kb max_used=21799Kb free=98264Kb
 bounds [0x0000028e523e0000, 0x0000028e53930000, 0x0000028e59920000]
CodeHeap 'profiled nmethods': size=120000Kb used=47484Kb max_used=50836Kb free=72515Kb
 bounds [0x0000028e4a920000, 0x0000028e4dad0000, 0x0000028e51e50000]
CodeHeap 'non-nmethods': size=5696Kb used=1540Kb max_used=1652Kb free=4155Kb
 bounds [0x0000028e51e50000, 0x0000028e520c0000, 0x0000028e523e0000]
CodeCache: size=245760Kb, used=70823Kb, max_used=74287Kb, free=174934Kb
 total_blobs=20155, nmethods=19282, adapters=776, full_count=0
Compilation: enabled, stopped_count=0, restarted_count=0

Compilation events (20 events):
Event: 417963.826 Thread 0x0000028e47653220 23363       3       org.eclipse.jdt.internal.compiler.flow.ExceptionHandlingFlowContext::<init> (290 bytes)
Event: 417963.828 Thread 0x0000028e475e3840 23364       4       org.eclipse.jdt.internal.compiler.ast.ThisReference::isImplicitThis (13 bytes)
Event: 417963.829 Thread 0x0000028e475e3840 nmethod 23364 0x0000028e53929b10 code [0x0000028e53929ca0, 0x0000028e53929d38]
Event: 417963.858 Thread 0x0000028e47653220 nmethod 23363 0x0000028e4c65a410 code [0x0000028e4c65a720, 0x0000028e4c65c078]
Event: 417963.858 Thread 0x0000028e47653220 23362       3       org.eclipse.jdt.internal.compiler.flow.ExceptionHandlingFlowContext::<init> (18 bytes)
Event: 417963.859 Thread 0x0000028e47653220 nmethod 23362 0x0000028e4c002c10 code [0x0000028e4c002dc0, 0x0000028e4c002f28]
Event: 417965.138 Thread 0x0000028e47653220 23365       3       org.eclipse.jdt.core.dom.BindingComparator::isEqual (73 bytes)
Event: 417965.175 Thread 0x0000028e47653220 nmethod 23365 0x0000028e4bce8990 code [0x0000028e4bce8bc0, 0x0000028e4bce9270]
Event: 420247.721 Thread 0x0000028e47653220 23366       3       org.eclipse.jdt.internal.compiler.parser.TypeConverter::decodeType2 (562 bytes)
Event: 420247.807 Thread 0x0000028e47653220 nmethod 23366 0x0000028e4c336390 code [0x0000028e4c336680, 0x0000028e4c337820]
Event: 420247.808 Thread 0x0000028e47653220 23367       3       org.eclipse.jdt.internal.compiler.parser.TypeConverter::decodeType3 (599 bytes)
Event: 420247.939 Thread 0x0000028e47653220 nmethod 23367 0x0000028e4c0f4410 code [0x0000028e4c0f4840, 0x0000028e4c0f73a8]
Event: 420248.137 Thread 0x0000028e47653220 23369       3       com.vladsch.flexmark.util.dependency.DependencyResolver::resolveDependencies (953 bytes)
Event: 420248.266 Thread 0x0000028e47653220 nmethod 23369 0x0000028e4ad5a910 code [0x0000028e4ad5b4e0, 0x0000028e4ad63868]
Event: 420248.523 Thread 0x0000028e47653220 23370       3       org.eclipse.jdt.internal.compiler.ast.SingleNameReference::traverse (14 bytes)
Event: 420248.538 Thread 0x0000028e47653220 nmethod 23370 0x0000028e4c002410 code [0x0000028e4c0025e0, 0x0000028e4c0028a8]
Event: 420379.266 Thread 0x0000028e47653220 23371       3       java.util.HashMap$ValueSpliterator::characteristics (28 bytes)
Event: 420379.315 Thread 0x0000028e47653220 nmethod 23371 0x0000028e4c0f4010 code [0x0000028e4c0f41c0, 0x0000028e4c0f4380]
Event: 420379.315 Thread 0x0000028e47653220 23372       3       java.util.HashMap$ValueSpliterator::forEachRemaining (186 bytes)
Event: 420379.347 Thread 0x0000028e47653220 nmethod 23372 0x0000028e4c659590 code [0x0000028e4c6597a0, 0x0000028e4c659f68]

GC Heap History (20 events):
Event: 67510.810 GC heap before
{Heap before GC invocations=1988 (full 5):
 PSYoungGen      total 4608K, used 4586K [0x00000000d5580000, 0x00000000d5b80000, 0x0000000100000000)
  eden space 4096K, 100% used [0x00000000d5580000,0x00000000d5980000,0x00000000d5980000)
  from space 512K, 95% used [0x00000000d5a80000,0x00000000d5afa930,0x00000000d5b00000)
  to   space 1024K, 0% used [0x00000000d5980000,0x00000000d5980000,0x00000000d5a80000)
 ParOldGen       total 806400K, used 601352K [0x0000000080000000, 0x00000000b1380000, 0x00000000d5580000)
  object space 806400K, 74% used [0x0000000080000000,0x00000000a4b42080,0x00000000b1380000)
 Metaspace       used 98637K, committed 100416K, reserved 1179648K
  class space    used 10142K, committed 11072K, reserved 1048576K
}
Event: 67510.822 GC heap after
{Heap after GC invocations=1988 (full 5):
 PSYoungGen      total 5120K, used 256K [0x00000000d5580000, 0x00000000d5b00000, 0x0000000100000000)
  eden space 4096K, 0% used [0x00000000d5580000,0x00000000d5580000,0x00000000d5980000)
  from space 1024K, 25% used [0x00000000d5980000,0x00000000d59c0000,0x00000000d5a80000)
  to   space 512K, 0% used [0x00000000d5a80000,0x00000000d5a80000,0x00000000d5b00000)
 ParOldGen       total 806400K, used 601812K [0x0000000080000000, 0x00000000b1380000, 0x00000000d5580000)
  object space 806400K, 74% used [0x0000000080000000,0x00000000a4bb52b0,0x00000000b1380000)
 Metaspace       used 98637K, committed 100416K, reserved 1179648K
  class space    used 10142K, committed 11072K, reserved 1048576K
}
Event: 67511.052 GC heap before
{Heap before GC invocations=1989 (full 5):
 PSYoungGen      total 5120K, used 4351K [0x00000000d5580000, 0x00000000d5b00000, 0x0000000100000000)
  eden space 4096K, 99% used [0x00000000d5580000,0x00000000d597ffd0,0x00000000d5980000)
  from space 1024K, 25% used [0x00000000d5980000,0x00000000d59c0000,0x00000000d5a80000)
  to   space 512K, 0% used [0x00000000d5a80000,0x00000000d5a80000,0x00000000d5b00000)
 ParOldGen       total 806400K, used 601812K [0x0000000080000000, 0x00000000b1380000, 0x00000000d5580000)
  object space 806400K, 74% used [0x0000000080000000,0x00000000a4bb52b0,0x00000000b1380000)
 Metaspace       used 98639K, committed 100416K, reserved 1179648K
  class space    used 10142K, committed 11072K, reserved 1048576K
}
Event: 67511.059 GC heap after
{Heap after GC invocations=1989 (full 5):
 PSYoungGen      total 4608K, used 212K [0x00000000d5580000, 0x00000000d5b00000, 0x0000000100000000)
  eden space 4096K, 0% used [0x00000000d5580000,0x00000000d5580000,0x00000000d5980000)
  from space 512K, 41% used [0x00000000d5a80000,0x00000000d5ab5220,0x00000000d5b00000)
  to   space 512K, 0% used [0x00000000d5a00000,0x00000000d5a00000,0x00000000d5a80000)
 ParOldGen       total 806400K, used 602028K [0x0000000080000000, 0x00000000b1380000, 0x00000000d5580000)
  object space 806400K, 74% used [0x0000000080000000,0x00000000a4beb2b0,0x00000000b1380000)
 Metaspace       used 98639K, committed 100416K, reserved 1179648K
  class space    used 10142K, committed 11072K, reserved 1048576K
}
Event: 67511.188 GC heap before
{Heap before GC invocations=1990 (full 5):
 PSYoungGen      total 4608K, used 4308K [0x00000000d5580000, 0x00000000d5b00000, 0x0000000100000000)
  eden space 4096K, 100% used [0x00000000d5580000,0x00000000d5980000,0x00000000d5980000)
  from space 512K, 41% used [0x00000000d5a80000,0x00000000d5ab5220,0x00000000d5b00000)
  to   space 512K, 0% used [0x00000000d5a00000,0x00000000d5a00000,0x00000000d5a80000)
 ParOldGen       total 806400K, used 602028K [0x0000000080000000, 0x00000000b1380000, 0x00000000d5580000)
  object space 806400K, 74% used [0x0000000080000000,0x00000000a4beb2b0,0x00000000b1380000)
 Metaspace       used 98639K, committed 100416K, reserved 1179648K
  class space    used 10142K, committed 11072K, reserved 1048576K
}
Event: 67511.195 GC heap after
{Heap after GC invocations=1990 (full 5):
 PSYoungGen      total 4608K, used 484K [0x00000000d5580000, 0x00000000d5b80000, 0x0000000100000000)
  eden space 4096K, 0% used [0x00000000d5580000,0x00000000d5580000,0x00000000d5980000)
  from space 512K, 94% used [0x00000000d5a00000,0x00000000d5a79230,0x00000000d5a80000)
  to   space 1024K, 0% used [0x00000000d5a80000,0x00000000d5a80000,0x00000000d5b80000)
 ParOldGen       total 806400K, used 602108K [0x0000000080000000, 0x00000000b1380000, 0x00000000d5580000)
  object space 806400K, 74% used [0x0000000080000000,0x00000000a4bff2b0,0x00000000b1380000)
 Metaspace       used 98639K, committed 100416K, reserved 1179648K
  class space    used 10142K, committed 11072K, reserved 1048576K
}
Event: 417960.108 GC heap before
{Heap before GC invocations=1991 (full 5):
 PSYoungGen      total 4608K, used 4580K [0x00000000d5580000, 0x00000000d5b80000, 0x0000000100000000)
  eden space 4096K, 100% used [0x00000000d5580000,0x00000000d5980000,0x00000000d5980000)
  from space 512K, 94% used [0x00000000d5a00000,0x00000000d5a79230,0x00000000d5a80000)
  to   space 1024K, 0% used [0x00000000d5a80000,0x00000000d5a80000,0x00000000d5b80000)
 ParOldGen       total 806400K, used 602108K [0x0000000080000000, 0x00000000b1380000, 0x00000000d5580000)
  object space 806400K, 74% used [0x0000000080000000,0x00000000a4bff2b0,0x00000000b1380000)
 Metaspace       used 98646K, committed 100416K, reserved 1179648K
  class space    used 10142K, committed 11072K, reserved 1048576K
}
Event: 417961.643 GC heap after
{Heap after GC invocations=1991 (full 5):
 PSYoungGen      total 4608K, used 436K [0x00000000d5580000, 0x00000000d5b00000, 0x0000000100000000)
  eden space 4096K, 0% used [0x00000000d5580000,0x00000000d5580000,0x00000000d5980000)
  from space 512K, 85% used [0x00000000d5a80000,0x00000000d5aed220,0x00000000d5b00000)
  to   space 512K, 0% used [0x00000000d5a00000,0x00000000d5a00000,0x00000000d5a80000)
 ParOldGen       total 806400K, used 602569K [0x0000000080000000, 0x00000000b1380000, 0x00000000d5580000)
  object space 806400K, 74% used [0x0000000080000000,0x00000000a4c724e0,0x00000000b1380000)
 Metaspace       used 98646K, committed 100416K, reserved 1179648K
  class space    used 10142K, committed 11072K, reserved 1048576K
}
Event: 417963.018 GC heap before
{Heap before GC invocations=1992 (full 5):
 PSYoungGen      total 4608K, used 4532K [0x00000000d5580000, 0x00000000d5b00000, 0x0000000100000000)
  eden space 4096K, 100% used [0x00000000d5580000,0x00000000d5980000,0x00000000d5980000)
  from space 512K, 85% used [0x00000000d5a80000,0x00000000d5aed220,0x00000000d5b00000)
  to   space 512K, 0% used [0x00000000d5a00000,0x00000000d5a00000,0x00000000d5a80000)
 ParOldGen       total 806400K, used 602569K [0x0000000080000000, 0x00000000b1380000, 0x00000000d5580000)
  object space 806400K, 74% used [0x0000000080000000,0x00000000a4c724e0,0x00000000b1380000)
 Metaspace       used 98646K, committed 100416K, reserved 1179648K
  class space    used 10142K, committed 11072K, reserved 1048576K
}
Event: 417963.056 GC heap after
{Heap after GC invocations=1992 (full 5):
 PSYoungGen      total 4608K, used 490K [0x00000000d5580000, 0x00000000d5c80000, 0x0000000100000000)
  eden space 4096K, 0% used [0x00000000d5580000,0x00000000d5580000,0x00000000d5980000)
  from space 512K, 95% used [0x00000000d5a00000,0x00000000d5a7a930,0x00000000d5a80000)
  to   space 1536K, 0% used [0x00000000d5b00000,0x00000000d5b00000,0x00000000d5c80000)
 ParOldGen       total 806400K, used 603072K [0x0000000080000000, 0x00000000b1380000, 0x00000000d5580000)
  object space 806400K, 74% used [0x0000000080000000,0x00000000a4cf0100,0x00000000b1380000)
 Metaspace       used 98646K, committed 100416K, reserved 1179648K
  class space    used 10142K, committed 11072K, reserved 1048576K
}
Event: 417963.372 GC heap before
{Heap before GC invocations=1993 (full 5):
 PSYoungGen      total 4608K, used 4586K [0x00000000d5580000, 0x00000000d5c80000, 0x0000000100000000)
  eden space 4096K, 100% used [0x00000000d5580000,0x00000000d5980000,0x00000000d5980000)
  from space 512K, 95% used [0x00000000d5a00000,0x00000000d5a7a930,0x00000000d5a80000)
  to   space 1536K, 0% used [0x00000000d5b00000,0x00000000d5b00000,0x00000000d5c80000)
 ParOldGen       total 806400K, used 603072K [0x0000000080000000, 0x00000000b1380000, 0x00000000d5580000)
  object space 806400K, 74% used [0x0000000080000000,0x00000000a4cf0100,0x00000000b1380000)
 Metaspace       used 98658K, committed 100416K, reserved 1179648K
  class space    used 10142K, committed 11072K, reserved 1048576K
}
Event: 417963.403 GC heap after
{Heap after GC invocations=1993 (full 5):
 PSYoungGen      total 5120K, used 644K [0x00000000d5580000, 0x00000000d5c00000, 0x0000000100000000)
  eden space 4096K, 0% used [0x00000000d5580000,0x00000000d5580000,0x00000000d5980000)
  from space 1024K, 62% used [0x00000000d5b00000,0x00000000d5ba1210,0x00000000d5c00000)
  to   space 1024K, 0% used [0x00000000d5a00000,0x00000000d5a00000,0x00000000d5b00000)
 ParOldGen       total 806400K, used 603408K [0x0000000080000000, 0x00000000b1380000, 0x00000000d5580000)
  object space 806400K, 74% used [0x0000000080000000,0x00000000a4d44130,0x00000000b1380000)
 Metaspace       used 98658K, committed 100416K, reserved 1179648K
  class space    used 10142K, committed 11072K, reserved 1048576K
}
Event: 417963.701 GC heap before
{Heap before GC invocations=1994 (full 5):
 PSYoungGen      total 5120K, used 4740K [0x00000000d5580000, 0x00000000d5c00000, 0x0000000100000000)
  eden space 4096K, 99% used [0x00000000d5580000,0x00000000d597fff0,0x00000000d5980000)
  from space 1024K, 62% used [0x00000000d5b00000,0x00000000d5ba1210,0x00000000d5c00000)
  to   space 1024K, 0% used [0x00000000d5a00000,0x00000000d5a00000,0x00000000d5b00000)
 ParOldGen       total 806400K, used 603408K [0x0000000080000000, 0x00000000b1380000, 0x00000000d5580000)
  object space 806400K, 74% used [0x0000000080000000,0x00000000a4d44130,0x00000000b1380000)
 Metaspace       used 98660K, committed 100416K, reserved 1179648K
  class space    used 10142K, committed 11072K, reserved 1048576K
}
Event: 417963.718 GC heap after
{Heap after GC invocations=1994 (full 5):
 PSYoungGen      total 5120K, used 532K [0x00000000d5580000, 0x00000000d5b80000, 0x0000000100000000)
  eden space 4096K, 0% used [0x00000000d5580000,0x00000000d5580000,0x00000000d5980000)
  from space 1024K, 52% used [0x00000000d5a00000,0x00000000d5a85200,0x00000000d5b00000)
  to   space 512K, 0% used [0x00000000d5b00000,0x00000000d5b00000,0x00000000d5b80000)
 ParOldGen       total 806400K, used 603520K [0x0000000080000000, 0x00000000b1380000, 0x00000000d5580000)
  object space 806400K, 74% used [0x0000000080000000,0x00000000a4d60130,0x00000000b1380000)
 Metaspace       used 98660K, committed 100416K, reserved 1179648K
  class space    used 10142K, committed 11072K, reserved 1048576K
}
Event: 417963.793 GC heap before
{Heap before GC invocations=1995 (full 5):
 PSYoungGen      total 5120K, used 4628K [0x00000000d5580000, 0x00000000d5b80000, 0x0000000100000000)
  eden space 4096K, 100% used [0x00000000d5580000,0x00000000d5980000,0x00000000d5980000)
  from space 1024K, 52% used [0x00000000d5a00000,0x00000000d5a85200,0x00000000d5b00000)
  to   space 512K, 0% used [0x00000000d5b00000,0x00000000d5b00000,0x00000000d5b80000)
 ParOldGen       total 806400K, used 603520K [0x0000000080000000, 0x00000000b1380000, 0x00000000d5580000)
  object space 806400K, 74% used [0x0000000080000000,0x00000000a4d60130,0x00000000b1380000)
 Metaspace       used 98670K, committed 100480K, reserved 1179648K
  class space    used 10142K, committed 11072K, reserved 1048576K
}
Event: 417963.806 GC heap after
{Heap after GC invocations=1995 (full 5):
 PSYoungGen      total 4608K, used 394K [0x00000000d5580000, 0x00000000d5b80000, 0x0000000100000000)
  eden space 4096K, 0% used [0x00000000d5580000,0x00000000d5580000,0x00000000d5980000)
  from space 512K, 77% used [0x00000000d5b00000,0x00000000d5b62930,0x00000000d5b80000)
  to   space 512K, 0% used [0x00000000d5a80000,0x00000000d5a80000,0x00000000d5b00000)
 ParOldGen       total 806400K, used 603600K [0x0000000080000000, 0x00000000b1380000, 0x00000000d5580000)
  object space 806400K, 74% used [0x0000000080000000,0x00000000a4d74130,0x00000000b1380000)
 Metaspace       used 98670K, committed 100480K, reserved 1179648K
  class space    used 10142K, committed 11072K, reserved 1048576K
}
Event: 420243.376 GC heap before
{Heap before GC invocations=1996 (full 5):
 PSYoungGen      total 4608K, used 4486K [0x00000000d5580000, 0x00000000d5b80000, 0x0000000100000000)
  eden space 4096K, 99% used [0x00000000d5580000,0x00000000d597f070,0x00000000d5980000)
  from space 512K, 77% used [0x00000000d5b00000,0x00000000d5b62930,0x00000000d5b80000)
  to   space 512K, 0% used [0x00000000d5a80000,0x00000000d5a80000,0x00000000d5b00000)
 ParOldGen       total 806400K, used 603600K [0x0000000080000000, 0x00000000b1380000, 0x00000000d5580000)
  object space 806400K, 74% used [0x0000000080000000,0x00000000a4d74130,0x00000000b1380000)
 Metaspace       used 98676K, committed 100480K, reserved 1179648K
  class space    used 10142K, committed 11072K, reserved 1048576K
}
Event: 420245.145 GC heap after
{Heap after GC invocations=1996 (full 5):
 PSYoungGen      total 4608K, used 480K [0x00000000d5580000, 0x00000000d5b80000, 0x0000000100000000)
  eden space 4096K, 0% used [0x00000000d5580000,0x00000000d5580000,0x00000000d5980000)
  from space 512K, 93% used [0x00000000d5a80000,0x00000000d5af8020,0x00000000d5b00000)
  to   space 512K, 0% used [0x00000000d5b00000,0x00000000d5b00000,0x00000000d5b80000)
 ParOldGen       total 806400K, used 604050K [0x0000000080000000, 0x00000000b1380000, 0x00000000d5580000)
  object space 806400K, 74% used [0x0000000080000000,0x00000000a4de4860,0x00000000b1380000)
 Metaspace       used 98676K, committed 100480K, reserved 1179648K
  class space    used 10142K, committed 11072K, reserved 1048576K
}
Event: 420248.484 GC heap before
{Heap before GC invocations=1997 (full 5):
 PSYoungGen      total 4608K, used 4576K [0x00000000d5580000, 0x00000000d5b80000, 0x0000000100000000)
  eden space 4096K, 100% used [0x00000000d5580000,0x00000000d5980000,0x00000000d5980000)
  from space 512K, 93% used [0x00000000d5a80000,0x00000000d5af8020,0x00000000d5b00000)
  to   space 512K, 0% used [0x00000000d5b00000,0x00000000d5b00000,0x00000000d5b80000)
 ParOldGen       total 806400K, used 604050K [0x0000000080000000, 0x00000000b1380000, 0x00000000d5580000)
  object space 806400K, 74% used [0x0000000080000000,0x00000000a4de4860,0x00000000b1380000)
 Metaspace       used 98702K, committed 100480K, reserved 1179648K
  class space    used 10142K, committed 11072K, reserved 1048576K
}
Event: 420248.518 GC heap after
{Heap after GC invocations=1997 (full 5):
 PSYoungGen      total 4608K, used 500K [0x00000000d5580000, 0x00000000d5c80000, 0x0000000100000000)
  eden space 4096K, 0% used [0x00000000d5580000,0x00000000d5580000,0x00000000d5980000)
  from space 512K, 97% used [0x00000000d5b00000,0x00000000d5b7d220,0x00000000d5b80000)
  to   space 1536K, 0% used [0x00000000d5980000,0x00000000d5980000,0x00000000d5b00000)
 ParOldGen       total 806400K, used 604574K [0x0000000080000000, 0x00000000b1380000, 0x00000000d5580000)
  object space 806400K, 74% used [0x0000000080000000,0x00000000a4e678d0,0x00000000b1380000)
 Metaspace       used 98702K, committed 100480K, reserved 1179648K
  class space    used 10142K, committed 11072K, reserved 1048576K
}

Dll operation events (14 events):
Event: 0.023 Loaded shared library c:\Users\Federico\.vscode\extensions\redhat.java-1.55.0-win32-x64\jre\21.0.11-win32-x86_64\bin\java.dll
Event: 1.190 Loaded shared library c:\Users\Federico\.vscode\extensions\redhat.java-1.55.0-win32-x64\jre\21.0.11-win32-x86_64\bin\zip.dll
Event: 2.028 Loaded shared library C:\Users\Federico\.vscode\extensions\redhat.java-1.55.0-win32-x64\jre\21.0.11-win32-x86_64\bin\instrument.dll
Event: 2.157 Loaded shared library C:\Users\Federico\.vscode\extensions\redhat.java-1.55.0-win32-x64\jre\21.0.11-win32-x86_64\bin\net.dll
Event: 2.160 Loaded shared library C:\Users\Federico\.vscode\extensions\redhat.java-1.55.0-win32-x64\jre\21.0.11-win32-x86_64\bin\nio.dll
Event: 2.170 Loaded shared library C:\Users\Federico\.vscode\extensions\redhat.java-1.55.0-win32-x64\jre\21.0.11-win32-x86_64\bin\zip.dll
Event: 2.325 Loaded shared library C:\Users\Federico\.vscode\extensions\redhat.java-1.55.0-win32-x64\jre\21.0.11-win32-x86_64\bin\jimage.dll
Event: 5.556 Loaded shared library c:\Users\Federico\.vscode\extensions\redhat.java-1.55.0-win32-x64\jre\21.0.11-win32-x86_64\bin\verify.dll
Event: 59.598 Loaded shared library C:\Users\Federico\AppData\Roaming\Code\User\globalStorage\redhat.java\1.55.0\config_win\org.eclipse.equinox.launcher\org.eclipse.equinox.launcher.win32.win32.x86_64_1.3.100.v20260613-0559\eclipse_11924.dll
Event: 120.688 Loaded shared library C:\Users\Federico\AppData\Local\Temp\jna--154078589\jna10570329662939597358.dll
Event: 134.115 Loaded shared library C:\Users\Federico\.vscode\extensions\redhat.java-1.55.0-win32-x64\jre\21.0.11-win32-x86_64\bin\sunmscapi.dll
Event: 136.749 Loaded shared library C:\Users\Federico\.vscode\extensions\redhat.java-1.55.0-win32-x64\jre\21.0.11-win32-x86_64\bin\extnet.dll
Event: 1550.413 Loaded shared library C:\Users\Federico\.vscode\extensions\redhat.java-1.55.0-win32-x64\jre\21.0.11-win32-x86_64\bin\management.dll
Event: 1550.582 Loaded shared library C:\Users\Federico\.vscode\extensions\redhat.java-1.55.0-win32-x64\jre\21.0.11-win32-x86_64\bin\management_ext.dll

Deoptimization events (20 events):
Event: 67504.492 Thread 0x0000028e631ec220 DEOPT PACKING pc=0x0000028e52dec87c sp=0x000000c28daff090
Event: 67504.493 Thread 0x0000028e631ec220 DEOPT UNPACKING pc=0x0000028e51ea3a9c sp=0x000000c28daff058 mode 2
Event: 67504.659 Thread 0x0000028e631ec220 Uncommon trap: trap_request=0xffffffde fr.pc=0x0000028e52dec87c relative=0x000000000000045c
Event: 67504.659 Thread 0x0000028e631ec220 Uncommon trap: reason=class_check action=maybe_recompile pc=0x0000028e52dec87c method=org.eclipse.jdt.ls.core.internal.handlers.JsonRpcHelpers.toOffset(Lorg/eclipse/jface/text/IDocument;II)I @ 6 c2
Event: 67504.659 Thread 0x0000028e631ec220 DEOPT PACKING pc=0x0000028e52dec87c sp=0x000000c28dafebc0
Event: 67504.659 Thread 0x0000028e631ec220 DEOPT UNPACKING pc=0x0000028e51ea3a9c sp=0x000000c28dafeb88 mode 2
Event: 67504.659 Thread 0x0000028e631ec220 Uncommon trap: trap_request=0xffffffde fr.pc=0x0000028e52dec87c relative=0x000000000000045c
Event: 67504.659 Thread 0x0000028e631ec220 Uncommon trap: reason=class_check action=maybe_recompile pc=0x0000028e52dec87c method=org.eclipse.jdt.ls.core.internal.handlers.JsonRpcHelpers.toOffset(Lorg/eclipse/jface/text/IDocument;II)I @ 6 c2
Event: 67504.659 Thread 0x0000028e631ec220 DEOPT PACKING pc=0x0000028e52dec87c sp=0x000000c28dafebc0
Event: 67504.659 Thread 0x0000028e631ec220 DEOPT UNPACKING pc=0x0000028e51ea3a9c sp=0x000000c28dafeb88 mode 2
Event: 67507.970 Thread 0x0000028e631f0a50 Uncommon trap: trap_request=0xffffff6e fr.pc=0x0000028e53913dc4 relative=0x00000000000011e4
Event: 67507.970 Thread 0x0000028e631f0a50 Uncommon trap: reason=loop_limit_check action=maybe_recompile pc=0x0000028e53913dc4 method=org.eclipse.jdt.core.dom.DefaultCommentMapper.storeLeadingComments(Lorg/eclipse/jdt/core/dom/ASTNode;I[I)I @ 246 c2
Event: 67507.970 Thread 0x0000028e631f0a50 DEOPT PACKING pc=0x0000028e53913dc4 sp=0x000000c28defe4d0
Event: 67507.970 Thread 0x0000028e631f0a50 DEOPT UNPACKING pc=0x0000028e51ea3a9c sp=0x000000c28defe448 mode 2
Event: 67509.164 Thread 0x0000028e631f2b20 DEOPT PACKING pc=0x0000028e4abadf03 sp=0x000000c28defe780
Event: 67509.165 Thread 0x0000028e631f2b20 DEOPT UNPACKING pc=0x0000028e51ea4223 sp=0x000000c28defdc90 mode 0
Event: 417961.905 Thread 0x0000028e631ec220 Uncommon trap: trap_request=0xffffffc6 fr.pc=0x0000028e52c262d4 relative=0x0000000000000d54
Event: 417961.908 Thread 0x0000028e631ec220 Uncommon trap: reason=bimorphic_or_optimized_type_check action=maybe_recompile pc=0x0000028e52c262d4 method=java.util.concurrent.ConcurrentHashMap.putVal(Ljava/lang/Object;Ljava/lang/Object;Z)Ljava/lang/Object; @ 159 c2
Event: 417961.908 Thread 0x0000028e631ec220 DEOPT PACKING pc=0x0000028e52c262d4 sp=0x000000c28dafe230
Event: 417961.910 Thread 0x0000028e631ec220 DEOPT UNPACKING pc=0x0000028e51ea3a9c sp=0x000000c28dafe1b0 mode 2

Classes loaded (20 events):
Event: 1550.601 Loading class com/sun/management/internal/HotSpotDiagnostic
Event: 1550.602 Loading class com/sun/management/internal/HotSpotDiagnostic done
Event: 1550.602 Loading class com/sun/management/HotSpotDiagnosticMXBean$ThreadDumpFormat
Event: 1550.602 Loading class com/sun/management/HotSpotDiagnosticMXBean$ThreadDumpFormat done
Event: 1550.603 Loading class com/sun/management/VMOption
Event: 1550.603 Loading class com/sun/management/VMOption done
Event: 1550.603 Loading class com/sun/management/internal/Flag
Event: 1550.603 Loading class com/sun/management/internal/Flag done
Event: 1550.603 Loading class com/sun/management/internal/Flag$1
Event: 1550.604 Loading class com/sun/management/internal/Flag$1 done
Event: 1550.605 Loading class com/sun/management/VMOption$Origin
Event: 1550.605 Loading class com/sun/management/VMOption$Origin done
Event: 1550.608 Loading class javax/management/openmbean/CompositeData
Event: 1550.608 Loading class javax/management/openmbean/CompositeData done
Event: 1551.042 Loading class java/nio/BufferUnderflowException
Event: 1551.042 Loading class java/nio/BufferUnderflowException done
Event: 1551.838 Loading class java/util/zip/CheckedOutputStream
Event: 1551.840 Loading class java/util/zip/CheckedOutputStream done
Event: 49820.398 Loading class java/util/LinkedList$LLSpliterator
Event: 49820.499 Loading class java/util/LinkedList$LLSpliterator done

Classes unloaded (20 events):
Event: 49815.273 Thread 0x0000028e477c4200 Unloading class 0x0000028e01014800 'java/lang/invoke/LambdaForm$MH+0x0000028e01014800'
Event: 49815.274 Thread 0x0000028e477c4200 Unloading class 0x0000028e0100d800 'java/lang/invoke/LambdaForm$MH+0x0000028e0100d800'
Event: 49815.274 Thread 0x0000028e477c4200 Unloading class 0x0000028e0100d400 'java/lang/invoke/LambdaForm$MH+0x0000028e0100d400'
Event: 49815.274 Thread 0x0000028e477c4200 Unloading class 0x0000028e0100d000 'java/lang/invoke/LambdaForm$MH+0x0000028e0100d000'
Event: 49815.274 Thread 0x0000028e477c4200 Unloading class 0x0000028e0100cc00 'java/lang/invoke/LambdaForm$MH+0x0000028e0100cc00'
Event: 49815.274 Thread 0x0000028e477c4200 Unloading class 0x0000028e0100c800 'java/lang/invoke/LambdaForm$BMH+0x0000028e0100c800'
Event: 49815.274 Thread 0x0000028e477c4200 Unloading class 0x0000028e0100c000 'java/lang/invoke/LambdaForm$DMH+0x0000028e0100c000'
Event: 49815.275 Thread 0x0000028e477c4200 Unloading class 0x0000028e01008c00 'java/lang/invoke/LambdaForm$MH+0x0000028e01008c00'
Event: 49815.275 Thread 0x0000028e477c4200 Unloading class 0x0000028e01008800 'java/lang/invoke/LambdaForm$MH+0x0000028e01008800'
Event: 49815.275 Thread 0x0000028e477c4200 Unloading class 0x0000028e01008400 'java/lang/invoke/LambdaForm$MH+0x0000028e01008400'
Event: 49815.275 Thread 0x0000028e477c4200 Unloading class 0x0000028e01007000 'java/lang/invoke/LambdaForm$MH+0x0000028e01007000'
Event: 49815.275 Thread 0x0000028e477c4200 Unloading class 0x0000028e01006800 'java/lang/invoke/LambdaForm$MH+0x0000028e01006800'
Event: 49815.276 Thread 0x0000028e477c4200 Unloading class 0x0000028e01006400 'java/lang/invoke/LambdaForm$MH+0x0000028e01006400'
Event: 49815.276 Thread 0x0000028e477c4200 Unloading class 0x0000028e01006000 'java/lang/invoke/LambdaForm$MH+0x0000028e01006000'
Event: 49815.276 Thread 0x0000028e477c4200 Unloading class 0x0000028e01005c00 'java/lang/invoke/LambdaForm$BMH+0x0000028e01005c00'
Event: 49815.276 Thread 0x0000028e477c4200 Unloading class 0x0000028e01004800 'java/lang/invoke/LambdaForm$DMH+0x0000028e01004800'
Event: 49815.276 Thread 0x0000028e477c4200 Unloading class 0x0000028e01002400 'java/lang/invoke/LambdaForm$MH+0x0000028e01002400'
Event: 49815.276 Thread 0x0000028e477c4200 Unloading class 0x0000028e01002000 'java/lang/invoke/LambdaForm$MH+0x0000028e01002000'
Event: 49815.276 Thread 0x0000028e477c4200 Unloading class 0x0000028e01001800 'java/lang/invoke/LambdaForm$MH+0x0000028e01001800'
Event: 49815.276 Thread 0x0000028e477c4200 Unloading class 0x0000028e01000400 'java/lang/invoke/LambdaForm$MH+0x0000028e01000400'

Classes redefined (0 events):
No events

Internal exceptions (20 events):
Event: 50284.237 Thread 0x0000028e631f03c0 Implicit null exception at 0x0000028e5311a81a to 0x0000028e5311ad04
Event: 50284.238 Thread 0x0000028e631f03c0 Implicit null exception at 0x0000028e52f1b6b9 to 0x0000028e52f1b8e0
Event: 50285.149 Thread 0x0000028e631f1e00 Implicit null exception at 0x0000028e525f777b to 0x0000028e525fa570
Event: 50393.682 Thread 0x0000028e5e9dd060 Exception <a 'sun/nio/fs/WindowsException'{0x00000000d59c0960}> (0x00000000d59c0960) 
thrown [s\src\hotspot\share\prims\jni.cpp, line 520]
Event: 50394.377 Thread 0x0000028e5e9dd060 Exception <a 'sun/nio/fs/WindowsException'{0x00000000d5dfc220}> (0x00000000d5dfc220) 
thrown [s\src\hotspot\share\prims\jni.cpp, line 520]
Event: 50416.715 Thread 0x0000028e5e9dd060 Exception <a 'sun/nio/fs/WindowsException'{0x00000000d5962210}> (0x00000000d5962210) 
thrown [s\src\hotspot\share\prims\jni.cpp, line 520]
Event: 50417.835 Thread 0x0000028e5e9dd060 Exception <a 'sun/nio/fs/WindowsException'{0x00000000d5bf3b58}> (0x00000000d5bf3b58) 
thrown [s\src\hotspot\share\prims\jni.cpp, line 520]
Event: 50429.699 Thread 0x0000028e631ef6a0 Implicit null exception at 0x0000028e52fa1cf3 to 0x0000028e52fa22b8
Event: 50430.587 Thread 0x0000028e631f03c0 Implicit null exception at 0x0000028e52b20abf to 0x0000028e52b20da0
Event: 50430.589 Thread 0x0000028e631f03c0 Implicit null exception at 0x0000028e524d786c to 0x0000028e524d8d54
Event: 50430.604 Thread 0x0000028e631f03c0 Implicit null exception at 0x0000028e531901c4 to 0x0000028e53190220
Event: 50785.170 Thread 0x0000028e5e9dd060 Exception <a 'sun/nio/fs/WindowsException'{0x00000000d565aa58}> (0x00000000d565aa58) 
thrown [s\src\hotspot\share\prims\jni.cpp, line 520]
Event: 50785.907 Thread 0x0000028e5e9dd060 Exception <a 'sun/nio/fs/WindowsException'{0x00000000d5b797c0}> (0x00000000d5b797c0) 
thrown [s\src\hotspot\share\prims\jni.cpp, line 520]
Event: 50795.262 Thread 0x0000028e63466340 Exception <a 'java/lang/NoSuchMethodError'{0x00000000d5fe1750}: 'java.lang.Object java.lang.invoke.DirectMethodHandle$Holder.invokeStatic(java.lang.Object, int, java.lang.Object, java.lang.Object, java.lang.Object, java.lang.Object)'> (0x00000000d5fe1750) 
thrown [s\src\hotspot\share\interpreter\linkResolver.cpp, line 773]
Event: 50795.303 Thread 0x0000028e63466340 Exception <a 'java/lang/NoSuchMethodError'{0x00000000d5fe88f8}: 'java.lang.Object java.lang.invoke.DirectMethodHandle$Holder.newInvokeSpecial(java.lang.Object, int, java.lang.Object, java.lang.Object, java.lang.Object)'> (0x00000000d5fe88f8) 
thrown [s\src\hotspot\share\interpreter\linkResolver.cpp, line 773]
Event: 50814.755 Thread 0x0000028e5e9dd060 Exception <a 'sun/nio/fs/WindowsException'{0x00000000d5866268}> (0x00000000d5866268) 
thrown [s\src\hotspot\share\prims\jni.cpp, line 520]
Event: 50816.305 Thread 0x0000028e5e9dd060 Exception <a 'sun/nio/fs/WindowsException'{0x00000000d56b50a0}> (0x00000000d56b50a0) 
thrown [s\src\hotspot\share\prims\jni.cpp, line 520]
Event: 67332.765 Thread 0x0000028e63464900 Exception <a 'java/lang/ArrayIndexOutOfBoundsException'{0x00000000d57f2038}: Index 2686 out of bounds for length 2686> (0x00000000d57f2038) 
thrown [s\src\hotspot\share\interpreter\interpreterRuntime.cpp, line 439]
Event: 67502.988 Thread 0x0000028e5e9dd060 Exception <a 'sun/nio/fs/WindowsException'{0x00000000d5632fa0}> (0x00000000d5632fa0) 
thrown [s\src\hotspot\share\prims\jni.cpp, line 520]
Event: 67504.658 Thread 0x0000028e5e9dd060 Exception <a 'sun/nio/fs/WindowsException'{0x00000000d574ad40}> (0x00000000d574ad40) 
thrown [s\src\hotspot\share\prims\jni.cpp, line 520]

ZGC Phase Switch (0 events):
No events

VM Operations (20 events):
Event: 420157.003 Executing non-safepoint VM operation: RendezvousGCThreads
Event: 420157.003 Executing non-safepoint VM operation: RendezvousGCThreads done
Event: 420243.313 Executing safepoint VM operation: ParallelGCFailedAllocation (Allocation Failure)
Event: 420245.146 Executing safepoint VM operation: ParallelGCFailedAllocation (Allocation Failure) done
Event: 420248.173 Executing safepoint VM operation: Cleanup
Event: 420248.189 Executing safepoint VM operation: Cleanup done
Event: 420248.484 Executing safepoint VM operation: ParallelGCFailedAllocation (Allocation Failure)
Event: 420248.518 Executing safepoint VM operation: ParallelGCFailedAllocation (Allocation Failure) done
Event: 420276.737 Executing non-safepoint VM operation: HandshakeAllThreads (HandshakeForDeflation)
Event: 420276.737 Executing non-safepoint VM operation: HandshakeAllThreads (HandshakeForDeflation) done
Event: 420276.737 Executing non-safepoint VM operation: RendezvousGCThreads
Event: 420276.737 Executing non-safepoint VM operation: RendezvousGCThreads done
Event: 420396.959 Executing non-safepoint VM operation: HandshakeAllThreads (HandshakeForDeflation)
Event: 420396.961 Executing non-safepoint VM operation: HandshakeAllThreads (HandshakeForDeflation) done
Event: 420396.961 Executing non-safepoint VM operation: RendezvousGCThreads
Event: 420396.961 Executing non-safepoint VM operation: RendezvousGCThreads done
Event: 500209.603 Executing non-safepoint VM operation: HandshakeAllThreads (HandshakeForDeflation)
Event: 500209.610 Executing non-safepoint VM operation: HandshakeAllThreads (HandshakeForDeflation) done
Event: 500209.610 Executing non-safepoint VM operation: RendezvousGCThreads
Event: 500209.611 Executing non-safepoint VM operation: RendezvousGCThreads done

Memory protections (0 events):
No events

Nmethod flushes (20 events):
Event: 49817.860 Thread 0x0000028e477c4200 flushing  nmethod 0x0000028e4ca47290
Event: 49817.860 Thread 0x0000028e477c4200 flushing  nmethod 0x0000028e4ca47810
Event: 49817.860 Thread 0x0000028e477c4200 flushing  nmethod 0x0000028e4cabd910
Event: 49817.860 Thread 0x0000028e477c4200 flushing  nmethod 0x0000028e4caf9a10
Event: 49817.860 Thread 0x0000028e477c4200 flushing  nmethod 0x0000028e4cafc290
Event: 49817.860 Thread 0x0000028e477c4200 flushing  nmethod 0x0000028e4cb05390
Event: 49817.860 Thread 0x0000028e477c4200 flushing  nmethod 0x0000028e4cb0d690
Event: 49817.860 Thread 0x0000028e477c4200 flushing  nmethod 0x0000028e4cb3ac90
Event: 49817.860 Thread 0x0000028e477c4200 flushing  nmethod 0x0000028e4cb45a90
Event: 49817.860 Thread 0x0000028e477c4200 flushing  nmethod 0x0000028e4cb96510
Event: 49817.860 Thread 0x0000028e477c4200 flushing  nmethod 0x0000028e4cbdc910
Event: 49817.860 Thread 0x0000028e477c4200 flushing  nmethod 0x0000028e4cbe1e10
Event: 49817.860 Thread 0x0000028e477c4200 flushing  nmethod 0x0000028e4cbe3410
Event: 49817.860 Thread 0x0000028e477c4200 flushing  nmethod 0x0000028e4cbe3d10
Event: 49817.861 Thread 0x0000028e477c4200 flushing  nmethod 0x0000028e4cbe4910
Event: 49817.861 Thread 0x0000028e477c4200 flushing osr nmethod 0x0000028e4cbe4f10
Event: 49817.861 Thread 0x0000028e477c4200 flushing  nmethod 0x0000028e4cc28310
Event: 49817.862 Thread 0x0000028e477c4200 flushing osr nmethod 0x0000028e4cc3c810
Event: 49817.862 Thread 0x0000028e477c4200 flushing osr nmethod 0x0000028e4cc3e990
Event: 49817.862 Thread 0x0000028e477c4200 flushing  nmethod 0x0000028e4cc43510

Events (20 events):
Event: 417967.660 Thread 0x0000028e631ef6a0 Thread added: 0x0000028e631f2b20
Event: 417967.933 Thread 0x0000028e631f2b20 Thread exited: 0x0000028e631f2b20
Event: 420242.998 Thread 0x0000028e631ef6a0 Thread added: 0x0000028e631f0a50
Event: 420243.135 Thread 0x0000028e631f0a50 Thread exited: 0x0000028e631f0a50
Event: 420243.312 Thread 0x0000028e631ef6a0 Thread added: 0x0000028e631f0a50
Event: 420245.327 Thread 0x0000028e631ef6a0 Thread added: 0x0000028e631f2b20
Event: 420245.592 Thread 0x0000028e631f2b20 Thread exited: 0x0000028e631f2b20
Event: 420245.661 Thread 0x0000028e631f0a50 Thread exited: 0x0000028e631f0a50
Event: 420245.828 Thread 0x0000028e631ef6a0 Thread added: 0x0000028e631f0a50
Event: 420245.878 Thread 0x0000028e631f0a50 Thread exited: 0x0000028e631f0a50
Event: 420245.925 Thread 0x0000028e631ef6a0 Thread added: 0x0000028e631f2b20
Event: 420245.979 Thread 0x0000028e631f2b20 Thread exited: 0x0000028e631f2b20
Event: 420246.050 Thread 0x0000028e631ef6a0 Thread added: 0x0000028e631f2b20
Event: 420248.316 Thread 0x0000028e631f2b20 Thread exited: 0x0000028e631f2b20
Event: 420248.332 Thread 0x0000028e631ef6a0 Thread added: 0x0000028e631f2b20
Event: 420248.525 Thread 0x0000028e631f2b20 Thread exited: 0x0000028e631f2b20
Event: 420379.213 Thread 0x0000028e631ef6a0 Thread added: 0x0000028e631f2b20
Event: 420379.370 Thread 0x0000028e631ef6a0 Thread added: 0x0000028e631f0a50
Event: 420379.597 Thread 0x0000028e631f0a50 Thread exited: 0x0000028e631f0a50
Event: 420379.597 Thread 0x0000028e631f2b20 Thread exited: 0x0000028e631f2b20


Dynamic libraries:
0x00007ff7c1670000 - 0x00007ff7c167e000 	c:\Users\Federico\.vscode\extensions\redhat.java-1.55.0-win32-x64\jre\21.0.11-win32-x86_64\bin\java.exe
0x00007ffafbb00000 - 0x00007ffafbd69000 	C:\WINDOWS\SYSTEM32\ntdll.dll
0x00007ffafa050000 - 0x00007ffafa119000 	C:\WINDOWS\System32\KERNEL32.DLL
0x00007ffaf8f70000 - 0x00007ffaf9363000 	C:\WINDOWS\System32\KERNELBASE.dll
0x00007ffaf95b0000 - 0x00007ffaf96fb000 	C:\WINDOWS\System32\ucrtbase.dll
0x00007ffaee570000 - 0x00007ffaee588000 	c:\Users\Federico\.vscode\extensions\redhat.java-1.55.0-win32-x64\jre\21.0.11-win32-x86_64\bin\jli.dll
0x00007ffafb2f0000 - 0x00007ffafb4b4000 	C:\WINDOWS\System32\USER32.dll
0x00007ffaf8d40000 - 0x00007ffaf8d67000 	C:\WINDOWS\System32\win32u.dll
0x00007ffaf9e20000 - 0x00007ffaf9e4b000 	C:\WINDOWS\System32\GDI32.dll
0x00007ffaf9700000 - 0x00007ffaf982d000 	C:\WINDOWS\System32\gdi32full.dll
0x00007ffaf8c90000 - 0x00007ffaf8d33000 	C:\WINDOWS\System32\msvcp_win.dll
0x00007ffae7200000 - 0x00007ffae721e000 	c:\Users\Federico\.vscode\extensions\redhat.java-1.55.0-win32-x64\jre\21.0.11-win32-x86_64\bin\VCRUNTIME140.dll
0x00007ffade660000 - 0x00007ffade8f3000 	C:\WINDOWS\WinSxS\amd64_microsoft.windows.common-controls_6595b64144ccf1df_6.0.26100.5074_none_3e0d6f78e32fd63f\COMCTL32.dll
0x00007ffafb170000 - 0x00007ffafb219000 	C:\WINDOWS\System32\msvcrt.dll
0x00007ffaf9b60000 - 0x00007ffaf9b8f000 	C:\WINDOWS\System32\IMM32.DLL
0x00007ffaee4b0000 - 0x00007ffaee4bc000 	c:\Users\Federico\.vscode\extensions\redhat.java-1.55.0-win32-x64\jre\21.0.11-win32-x86_64\bin\vcruntime140_1.dll
0x00007ffad8060000 - 0x00007ffad80ed000 	c:\Users\Federico\.vscode\extensions\redhat.java-1.55.0-win32-x64\jre\21.0.11-win32-x86_64\bin\msvcp140.dll
0x00007ffa6d0c0000 - 0x00007ffa6de62000 	c:\Users\Federico\.vscode\extensions\redhat.java-1.55.0-win32-x64\jre\21.0.11-win32-x86_64\bin\server\jvm.dll
0x00007ffafb0a0000 - 0x00007ffafb154000 	C:\WINDOWS\System32\ADVAPI32.dll
0x00007ffafa220000 - 0x00007ffafa2c6000 	C:\WINDOWS\System32\sechost.dll
0x00007ffaf9d00000 - 0x00007ffaf9e18000 	C:\WINDOWS\System32\RPCRT4.dll
0x00007ffafb510000 - 0x00007ffafb584000 	C:\WINDOWS\System32\WS2_32.dll
0x00007ffaf8af0000 - 0x00007ffaf8b4e000 	C:\WINDOWS\SYSTEM32\POWRPROF.dll
0x00007ffade900000 - 0x00007ffade935000 	C:\WINDOWS\SYSTEM32\WINMM.dll
0x00007ffaedb70000 - 0x00007ffaedb7b000 	C:\WINDOWS\SYSTEM32\VERSION.dll
0x00007ffaf8ad0000 - 0x00007ffaf8ae4000 	C:\WINDOWS\SYSTEM32\UMPDC.dll
0x00007ffaf7a70000 - 0x00007ffaf7a8b000 	C:\WINDOWS\SYSTEM32\kernel.appcore.dll
0x00007ffaecf30000 - 0x00007ffaecf3a000 	c:\Users\Federico\.vscode\extensions\redhat.java-1.55.0-win32-x64\jre\21.0.11-win32-x86_64\bin\jimage.dll
0x00007ffaf62f0000 - 0x00007ffaf6532000 	C:\WINDOWS\SYSTEM32\DBGHELP.DLL
0x00007ffafa2e0000 - 0x00007ffafa65b000 	C:\WINDOWS\System32\combase.dll
0x00007ffafa660000 - 0x00007ffafa737000 	C:\WINDOWS\System32\OLEAUT32.dll
0x00007ffadbaf0000 - 0x00007ffadbb2d000 	C:\WINDOWS\SYSTEM32\dbgcore.DLL
0x00007ffaf9830000 - 0x00007ffaf98c9000 	C:\WINDOWS\System32\bcryptPrimitives.dll
0x00007ffaebf90000 - 0x00007ffaebf9f000 	c:\Users\Federico\.vscode\extensions\redhat.java-1.55.0-win32-x64\jre\21.0.11-win32-x86_64\bin\instrument.dll
0x00007ffae7070000 - 0x00007ffae7090000 	c:\Users\Federico\.vscode\extensions\redhat.java-1.55.0-win32-x64\jre\21.0.11-win32-x86_64\bin\java.dll
0x00007ffafa770000 - 0x00007ffafaebd000 	C:\WINDOWS\System32\SHELL32.dll
0x00007ffaf8d70000 - 0x00007ffaf8edc000 	C:\WINDOWS\System32\wintypes.dll
0x00007ffaf6930000 - 0x00007ffaf7189000 	C:\WINDOWS\SYSTEM32\windows.storage.dll
0x00007ffafa120000 - 0x00007ffafa210000 	C:\WINDOWS\System32\SHCORE.dll
0x00007ffaf9ed0000 - 0x00007ffaf9f32000 	C:\WINDOWS\System32\shlwapi.dll
0x00007ffaf8bb0000 - 0x00007ffaf8bd9000 	C:\WINDOWS\SYSTEM32\profapi.dll
0x00007ffae4f20000 - 0x00007ffae4f38000 	c:\Users\Federico\.vscode\extensions\redhat.java-1.55.0-win32-x64\jre\21.0.11-win32-x86_64\bin\zip.dll
0x00007ffae7c10000 - 0x00007ffae7c20000 	C:\Users\Federico\.vscode\extensions\redhat.java-1.55.0-win32-x64\jre\21.0.11-win32-x86_64\bin\net.dll
0x00007ffaed900000 - 0x00007ffaeda1f000 	C:\WINDOWS\SYSTEM32\WINHTTP.dll
0x00007ffaf7ff0000 - 0x00007ffaf805b000 	C:\WINDOWS\system32\mswsock.dll
0x00007ffade0a0000 - 0x00007ffade0b6000 	C:\Users\Federico\.vscode\extensions\redhat.java-1.55.0-win32-x64\jre\21.0.11-win32-x86_64\bin\nio.dll
0x00007ffae7450000 - 0x00007ffae7460000 	c:\Users\Federico\.vscode\extensions\redhat.java-1.55.0-win32-x64\jre\21.0.11-win32-x86_64\bin\verify.dll
0x00007ffad81f0000 - 0x00007ffad8235000 	C:\Users\Federico\AppData\Roaming\Code\User\globalStorage\redhat.java\1.55.0\config_win\org.eclipse.equinox.launcher\org.eclipse.equinox.launcher.win32.win32.x86_64_1.3.100.v20260613-0559\eclipse_11924.dll
0x00007ffaf99c0000 - 0x00007ffaf9b58000 	C:\WINDOWS\System32\ole32.dll
0x00007ffaf8290000 - 0x00007ffaf82ab000 	C:\WINDOWS\SYSTEM32\CRYPTSP.dll
0x00007ffaf79d0000 - 0x00007ffaf7a0b000 	C:\WINDOWS\system32\rsaenh.dll
0x00007ffaf8090000 - 0x00007ffaf80bb000 	C:\WINDOWS\SYSTEM32\USERENV.dll
0x00007ffaf8b80000 - 0x00007ffaf8ba6000 	C:\WINDOWS\SYSTEM32\bcrypt.dll
0x00007ffaf82b0000 - 0x00007ffaf82bc000 	C:\WINDOWS\SYSTEM32\CRYPTBASE.dll
0x00007ffaf74e0000 - 0x00007ffaf7514000 	C:\WINDOWS\SYSTEM32\IPHLPAPI.DLL
0x00007ffaf9f40000 - 0x00007ffaf9f4a000 	C:\WINDOWS\System32\NSI.dll
0x00007ffad6260000 - 0x00007ffad62a9000 	C:\Users\Federico\AppData\Local\Temp\jna--154078589\jna10570329662939597358.dll
0x00007ffafb160000 - 0x00007ffafb168000 	C:\WINDOWS\System32\PSAPI.DLL
0x00007ffaed6f0000 - 0x00007ffaed70e000 	C:\WINDOWS\SYSTEM32\dhcpcsvc6.DLL
0x00007ffaed6c0000 - 0x00007ffaed6e3000 	C:\WINDOWS\SYSTEM32\dhcpcsvc.DLL
0x00007ffaf3b60000 - 0x00007ffaf3b6e000 	C:\Users\Federico\.vscode\extensions\redhat.java-1.55.0-win32-x64\jre\21.0.11-win32-x86_64\bin\sunmscapi.dll
0x00007ffaf9370000 - 0x00007ffaf94e7000 	C:\WINDOWS\System32\CRYPT32.dll
0x00007ffaf84b0000 - 0x00007ffaf84e0000 	C:\WINDOWS\SYSTEM32\ncrypt.dll
0x00007ffaf8460000 - 0x00007ffaf849f000 	C:\WINDOWS\SYSTEM32\NTASN1.dll
0x00007ffaf7580000 - 0x00007ffaf76a6000 	C:\WINDOWS\SYSTEM32\DNSAPI.dll
0x00007ffadfc50000 - 0x00007ffadfc5b000 	C:\Windows\System32\rasadhlp.dll
0x00007ffaece20000 - 0x00007ffaecea6000 	C:\WINDOWS\System32\fwpuclnt.dll
0x00007ffaf3b50000 - 0x00007ffaf3b59000 	C:\Users\Federico\.vscode\extensions\redhat.java-1.55.0-win32-x64\jre\21.0.11-win32-x86_64\bin\extnet.dll
0x00007ffae71f0000 - 0x00007ffae71f8000 	C:\WINDOWS\system32\wshunix.dll
0x00007ffaee560000 - 0x00007ffaee56a000 	C:\Users\Federico\.vscode\extensions\redhat.java-1.55.0-win32-x64\jre\21.0.11-win32-x86_64\bin\management.dll
0x00007ffaee550000 - 0x00007ffaee55c000 	C:\Users\Federico\.vscode\extensions\redhat.java-1.55.0-win32-x64\jre\21.0.11-win32-x86_64\bin\management_ext.dll

JVMTI agents:
c:\Users\Federico\.vscode\extensions\redhat.java-1.55.0-win32-x64\lombok\lombok-1.18.39-4050.jar path:c:\Users\Federico\.vscode\extensions\redhat.java-1.55.0-win32-x64\jre\21.0.11-win32-x86_64\bin\instrument.dll, loaded, initialized, instrumentlib options:none

dbghelp: loaded successfully - version: 4.0.5 - missing functions: none
symbol engine: initialized successfully - sym options: 0x614 - pdb path: .;c:\Users\Federico\.vscode\extensions\redhat.java-1.55.0-win32-x64\jre\21.0.11-win32-x86_64\bin;C:\WINDOWS\SYSTEM32;C:\WINDOWS\WinSxS\amd64_microsoft.windows.common-controls_6595b64144ccf1df_6.0.26100.5074_none_3e0d6f78e32fd63f;c:\Users\Federico\.vscode\extensions\redhat.java-1.55.0-win32-x64\jre\21.0.11-win32-x86_64\bin\server;C:\Users\Federico\AppData\Roaming\Code\User\globalStorage\redhat.java\1.55.0\config_win\org.eclipse.equinox.launcher\org.eclipse.equinox.launcher.win32.win32.x86_64_1.3.100.v20260613-0559;C:\Users\Federico\AppData\Local\Temp\jna--154078589

VM Arguments:
jvm_args: --add-modules=ALL-SYSTEM --add-opens=java.base/java.util=ALL-UNNAMED --add-opens=java.base/java.lang=ALL-UNNAMED --add-opens=java.base/sun.nio.fs=ALL-UNNAMED -Declipse.application=org.eclipse.jdt.ls.core.id1 -Dosgi.bundles.defaultStartLevel=4 -Declipse.product=org.eclipse.jdt.ls.core.product -Djava.import.generatesMetadataFilesAtProjectRoot=false -DDetectVMInstallationsJob.disabled=true -Dfile.encoding=utf8 -XX:+UseParallelGC -XX:GCTimeRatio=4 -XX:AdaptiveSizePolicyWeight=90 -Dsun.zip.disableMemoryMapping=true -Xmx2G -Xms100m -Xlog:disable -javaagent:c:\Users\Federico\.vscode\extensions\redhat.java-1.55.0-win32-x64\lombok\lombok-1.18.39-4050.jar -XX:+HeapDumpOnOutOfMemoryError -XX:HeapDumpPath=c:\Users\Federico\AppData\Roaming\Code\User\workspaceStorage\c5623facd5cf54d83afa9868dd09a552\redhat.java -Daether.dependencyCollector.impl=bf 
java_command: c:\Users\Federico\.vscode\extensions\redhat.java-1.55.0-win32-x64\server\plugins\org.eclipse.equinox.launcher_1.7.200.v20260619-2039.jar -configuration c:\Users\Federico\AppData\Roaming\Code\User\globalStorage\redhat.java\1.55.0\config_win -data c:\Users\Federico\AppData\Roaming\Code\User\workspaceStorage\c5623facd5cf54d83afa9868dd09a552\redhat.java\jdt_ws --pipe=\\.\pipe\lsp-22a27fc7020f0cf6c32be0622642ec47-sock
java_class_path (initial): c:\Users\Federico\.vscode\extensions\redhat.java-1.55.0-win32-x64\server\plugins\org.eclipse.equinox.launcher_1.7.200.v20260619-2039.jar
Launcher Type: SUN_STANDARD

[Global flags]
    uintx AdaptiveSizePolicyWeight                 = 90                                        {product} {command line}
     intx CICompilerCount                          = 2                                         {product} {ergonomic}
    uintx GCTimeRatio                              = 4                                         {product} {command line}
     bool HeapDumpOnOutOfMemoryError               = true                                   {manageable} {command line}
    ccstr HeapDumpPath                             = c:\Users\Federico\AppData\Roaming\Code\User\workspaceStorage\c5623facd5cf54d83afa9868dd09a552\redhat.java         {manageable} {command line}
   size_t InitialHeapSize                          = 104857600                                 {product} {command line}
   size_t MaxHeapSize                              = 2147483648                                {product} {command line}
   size_t MaxNewSize                               = 715653120                                 {product} {ergonomic}
   size_t MinHeapDeltaBytes                        = 524288                                    {product} {ergonomic}
   size_t MinHeapSize                              = 104857600                                 {product} {command line}
   size_t NewSize                                  = 34603008                                  {product} {ergonomic}
    uintx NonNMethodCodeHeapSize                   = 5826188                                {pd product} {ergonomic}
    uintx NonProfiledCodeHeapSize                  = 122916026                              {pd product} {ergonomic}
   size_t OldSize                                  = 70254592                                  {product} {ergonomic}
    uintx ProfiledCodeHeapSize                     = 122916026                              {pd product} {ergonomic}
    uintx ReservedCodeCacheSize                    = 251658240                              {pd product} {ergonomic}
     bool SegmentedCodeCache                       = true                                      {product} {ergonomic}
   size_t SoftMaxHeapSize                          = 2147483648                             {manageable} {ergonomic}
     bool UseCompressedOops                        = true                           {product lp64_product} {ergonomic}
     bool UseLargePagesIndividualAllocation        = false                                  {pd product} {ergonomic}
     bool UseParallelGC                            = true                                      {product} {command line}

Logging:
Log output configuration:
 #0: stdout all=off uptime,level,tags foldmultilines=false
 #1: stderr all=off uptime,level,tags foldmultilines=false

Release file:
JAVA_VERSION="21.0.11" 
MODULES="java.base java.compiler java.datatransfer java.xml java.prefs java.desktop java.instrument java.logging java.management java.security.sasl java.naming java.rmi java.management.rmi java.net.http java.scripting java.security.jgss java.transaction.xa java.sql java.sql.rowset java.xml.crypto java.se java.smartcardio jdk.accessibility jdk.internal.jvmstat jdk.attach jdk.charsets jdk.internal.opt jdk.zipfs jdk.compiler jdk.crypto.ec jdk.crypto.cryptoki jdk.crypto.mscapi jdk.dynalink jdk.internal.ed jdk.editpad jdk.hotspot.agent jdk.httpserver jdk.internal.le jdk.internal.vm.ci jdk.internal.vm.compiler jdk.internal.vm.compiler.management jdk.jartool jdk.javadoc jdk.jcmd jdk.management jdk.management.agent jdk.jconsole jdk.jdeps jdk.jdwp.agent jdk.jdi jdk.jfr jdk.jshell jdk.jsobject jdk.jstatd jdk.localedata jdk.management.jfr jdk.naming.dns jdk.naming.rmi jdk.net jdk.nio.mapmode jdk.random jdk.sctp jdk.security.auth jdk.security.jgss jdk.unsupported jdk.unsupported.desktop jdk.xml.dom" 

Environment Variables:
PATH=C:\Users\Federico\bin;C:\Program Files\Git\mingw64\bin;C:\Program Files\Git\usr\local\bin;C:\Program Files\Git\usr\bin;C:\Program Files\Git\usr\bin;C:\Program Files\Git\mingw64\bin;C:\Program Files\Git\usr\bin;C:\Users\Federico\bin;C:\Program Files\Common Files\Oracle\Java\javapath;C:\WINDOWS\system32;C:\WINDOWS;C:\WINDOWS\System32\Wbem;C:\WINDOWS\System32\WindowsPowerShell\v1.0;C:\WINDOWS\System32\OpenSSH;C:\Program Files (x86)\Microsoft SQL Server\160\Tools\Binn;C:\Program Files\Microsoft SQL Server\160\Tools\Binn;C:\Program Files\Microsoft SQL Server\Client SDK\ODBC\170\Tools\Binn;C:\Program Files\Microsoft SQL Server\160\DTS\Binn;C:\Program Files (x86)\Microsoft SQL Server\160\DTS\Binn;C:\MinGW\bin;C:\Program Files\nodejs;C:\Program Files\Git\cmd;C:\Program Files (x86)\Marven\apache-maven-3.9.11\bin;C:\Program Files\Java\jdk-17\bin;C:\Program Files\nodejs;C:\Users\Federico\AppData\Local\Programs\Python\Python313\Scripts;C:\Users\Federico\AppData\Local\Programs\Python\Python313;C:\Program Files\MySQL\MySQL Shell 8.0\bin;C:\Users\Federico\AppData\Local\Microsoft\WindowsApps;C:\Program Files\JetBrains\IntelliJ IDEA Community Edition 2023.3.8\bin;C:\Users\Federico\AppData\Local\Programs\Microsoft VS Code\bin;C:\Users\Federico\AppData\Roaming\npm;C:\Program Files\Git\usr\bin\vendor_perl;C:\Program Files\Git\usr\bin\core_perl
USERNAME=Federico
SHELL=C:\Program Files\Git\usr\bin\bash.exe
DISPLAY=needs-to-be-defined
LC_CTYPE=es_ES.UTF-8
TERM=xterm
TMPDIR=C:\Users\Federico\AppData\Local\Temp
OS=Windows_NT
PROCESSOR_IDENTIFIER=Intel64 Family 6 Model 122 Stepping 8, GenuineIntel
TMP=C:\Users\Federico\AppData\Local\Temp
TEMP=C:\Users\Federico\AppData\Local\Temp




Periodic native trim disabled

---------------  S Y S T E M  ---------------

OS:
 Windows 11 , 64 bit Build 26100 (10.0.26100.5074)
OS uptime: 27 days 22:57 hours

CPU: total 2 (initial active 2) (2 cores per cpu, 1 threads per core) family 6 model 122 stepping 8 microcode 0x1a, cx8, cmov, fxsr, mmx, 3dnowpref, sse, sse2, sse3, ssse3, sse4.1, sse4.2, popcnt, tsc, tscinvbit, aes, erms, clmul, sha, clflush, clflushopt, rdtscp, rdpid
Processor Information for the first 2 processors :
  Max Mhz: 1101, Current Mhz: 1101, Mhz Limit: 1101

Memory: 4k page, system-wide physical 3858M (180M free)
TotalPageFile size 15634M (AvailPageFile size 4M)
current process WorkingSet (physical memory assigned to process): 8M, peak: 452M
current process commit charge ("private bytes"): 1148M, peak: 1227M

vm_info: OpenJDK 64-Bit Server VM (21.0.11+10-LTS) for windows-amd64 JRE (21.0.11+10-LTS), built on 2026-04-21T00:00:00Z by "admin" with MS VC++ 17.12 (VS2022)

END.
