#
# There is insufficient memory for the Java Runtime Environment to continue.
# Native memory allocation (malloc) failed to allocate 1090336 bytes. Error detail: Chunk::new
# Possible reasons:
#   The system is out of physical RAM or swap space
#   This process is running with CompressedOops enabled, and the Java Heap may be blocking the growth of the native heap
# Possible solutions:
#   Reduce memory load on the system
#   Increase physical memory or swap space
#   Check if swap backing store is full
#   Decrease Java heap size (-Xmx/-Xms)
#   Decrease number of Java threads
#   Decrease Java thread stack sizes (-Xss)
#   Set larger code cache with -XX:ReservedCodeCacheSize=
#   JVM is running with Unscaled Compressed Oops mode in which the Java heap is
#     placed in the first 4GB address space. The Java Heap base address is the
#     maximum limit for the native heap growth. Please use -XX:HeapBaseMinAddress
#     to set the Java Heap base and to place the Java Heap above 4GB virtual address.
# This output file may be truncated or incomplete.
#
#  Out of Memory Error (arena.cpp:168), pid=15724, tid=1172
#
# JRE version: OpenJDK Runtime Environment Temurin-21.0.11+10 (21.0.11+10) (build 21.0.11+10-LTS)
# Java VM: OpenJDK 64-Bit Server VM Temurin-21.0.11+10 (21.0.11+10-LTS, mixed mode, sharing, tiered, compressed oops, compressed class ptrs, parallel gc, windows-amd64)
# No core dump will be written. Minidumps are not enabled by default on client versions of Windows
#

---------------  S U M M A R Y ------------

Command Line: --add-modules=ALL-SYSTEM --add-opens=java.base/java.util=ALL-UNNAMED --add-opens=java.base/java.lang=ALL-UNNAMED --add-opens=java.base/sun.nio.fs=ALL-UNNAMED -Declipse.application=org.eclipse.jdt.ls.core.id1 -Dosgi.bundles.defaultStartLevel=4 -Declipse.product=org.eclipse.jdt.ls.core.product -Djava.import.generatesMetadataFilesAtProjectRoot=false -DDetectVMInstallationsJob.disabled=true -Dfile.encoding=utf8 -XX:+UseParallelGC -XX:GCTimeRatio=4 -XX:AdaptiveSizePolicyWeight=90 -Dsun.zip.disableMemoryMapping=true -Xmx2G -Xms100m -Xlog:disable -javaagent:c:\Users\Usuario\.vscode\extensions\redhat.java-1.55.0-win32-x64\lombok\lombok-1.18.39-4050.jar -XX:+HeapDumpOnOutOfMemoryError -XX:HeapDumpPath=c:\Users\Usuario\AppData\Roaming\Code\User\workspaceStorage\ff323b52508a9ab547f9466bd36f4b43\redhat.java -Daether.dependencyCollector.impl=bf c:\Users\Usuario\.vscode\extensions\redhat.java-1.55.0-win32-x64\server\plugins\org.eclipse.equinox.launcher_1.7.200.v20260619-2039.jar -configuration c:\Users\Usuario\AppData\Roaming\Code\User\globalStorage\redhat.java\1.55.0\config_win -data c:\Users\Usuario\AppData\Roaming\Code\User\workspaceStorage\ff323b52508a9ab547f9466bd36f4b43\redhat.java\jdt_ws --pipe=\\.\pipe\lsp-754ea14f233388b9ce6cf2f96f135164-sock

Host: AMD Ryzen 7 5700U with Radeon Graphics         , 16 cores, 7G,  Windows 11 , 64 bit Build 26100 (10.0.26100.6725)
Time: Tue Aug 18 22:49:11 2026 Hora estándar de Argentina elapsed time: 20.824888 seconds (0d 0h 0m 20s)

---------------  T H R E A D  ---------------

Current thread (0x000001ab75c8c170):  JavaThread "C2 CompilerThread2" daemon [_thread_in_native, id=1172, stack(0x00000004de100000,0x00000004de200000) (1024K)]


Current CompileTask:
C2:20825 10654   !   4       org.eclipse.osgi.internal.loader.classpath.ClasspathManager::findLocalClass (210 bytes)

Stack: [0x00000004de100000,0x00000004de200000]
Native frames: (J=compiled Java code, j=interpreted, Vv=VM code, C=native code)
V  [jvm.dll+0x6d7e19]
V  [jvm.dll+0x8b5096]
V  [jvm.dll+0x8b764e]
V  [jvm.dll+0x8b7d33]
V  [jvm.dll+0x284596]
V  [jvm.dll+0xc685d]
V  [jvm.dll+0xc6da1]
V  [jvm.dll+0x3bed6b]
V  [jvm.dll+0x38b2b2]
V  [jvm.dll+0x38a6fa]
V  [jvm.dll+0x24c700]
V  [jvm.dll+0x24bce0]
V  [jvm.dll+0x1cb4ae]
V  [jvm.dll+0x25baad]
V  [jvm.dll+0x25a03a]
V  [jvm.dll+0x3f868e]
V  [jvm.dll+0x85fb0d]
V  [jvm.dll+0x6d664d]
C  [ucrtbase.dll+0x37b0]
C  [KERNEL32.DLL+0x2e8d7]
C  [ntdll.dll+0x8c53c]


---------------  P R O C E S S  ---------------

Threads class SMR info:
_java_thread_list=0x000001ab77229fc0, length=66, elements={
0x000001ab15e5be60, 0x000001ab15e0d460, 0x000001ab15f00b00, 0x000001ab15f04980,
0x000001ab15f055e0, 0x000001ab15f0b800, 0x000001ab15f131b0, 0x000001ab15f15b70,
0x000001ab15f1b990, 0x000001ab6ed3d8f0, 0x000001ab6eeae810, 0x000001ab7058bfe0,
0x000001ab70c39d30, 0x000001ab7529dcf0, 0x000001ab70b69f50, 0x000001ab70b6add0,
0x000001ab756931a0, 0x000001ab75b01600, 0x000001ab758ed130, 0x000001ab758e5aa0,
0x000001ab758e67c0, 0x000001ab758e3340, 0x000001ab758e39d0, 0x000001ab758e4060,
0x000001ab753be130, 0x000001ab758e46f0, 0x000001ab758e4d80, 0x000001ab75f4a140,
0x000001ab75f4a7d0, 0x000001ab75f4ae60, 0x000001ab75f4b4f0, 0x000001ab75f48d90,
0x000001ab75f48070, 0x000001ab75f49420, 0x000001ab75f4bb80, 0x000001ab75f48700,
0x000001ab75f49ab0, 0x000001ab75f4cf30, 0x000001ab75f4c210, 0x000001ab75f4c8a0,
0x000001ab75f4d5c0, 0x000001ab75f4dc50, 0x000001ab75f4e2e0, 0x000001ab75f4e970,
0x000001ab75f4f000, 0x000001ab76638310, 0x000001ab76639d50, 0x000001ab76639030,
0x000001ab7663a3e0, 0x000001ab7663b100, 0x000001ab7663aa70, 0x000001ab76637c80,
0x000001ab766396c0, 0x000001ab7663b790, 0x000001ab7663be20, 0x000001ab766389a0,
0x000001ab7663d1d0, 0x000001ab7663d860, 0x000001ab7663e580, 0x000001ab7663cb40,
0x000001ab7663ec10, 0x000001ab7663f2a0, 0x000001ab7663c4b0, 0x000001ab7663def0,
0x000001ab77355480, 0x000001ab75c8c170
}

Java Threads: ( => current thread )
  0x000001ab15e5be60 JavaThread "main"                              [_thread_blocked, id=4056, stack(0x00000004d8d00000,0x00000004d8e00000) (1024K)]
  0x000001ab15e0d460 JavaThread "Reference Handler"          daemon [_thread_blocked, id=23256, stack(0x00000004d9100000,0x00000004d9200000) (1024K)]
  0x000001ab15f00b00 JavaThread "Finalizer"                  daemon [_thread_blocked, id=26620, stack(0x00000004d9200000,0x00000004d9300000) (1024K)]
  0x000001ab15f04980 JavaThread "Signal Dispatcher"          daemon [_thread_blocked, id=20140, stack(0x00000004d9300000,0x00000004d9400000) (1024K)]
  0x000001ab15f055e0 JavaThread "Attach Listener"            daemon [_thread_blocked, id=26188, stack(0x00000004d9400000,0x00000004d9500000) (1024K)]
  0x000001ab15f0b800 JavaThread "Service Thread"             daemon [_thread_blocked, id=29136, stack(0x00000004d9500000,0x00000004d9600000) (1024K)]
  0x000001ab15f131b0 JavaThread "Monitor Deflation Thread"   daemon [_thread_blocked, id=29424, stack(0x00000004d9600000,0x00000004d9700000) (1024K)]
  0x000001ab15f15b70 JavaThread "C2 CompilerThread0"         daemon [_thread_in_vm, id=8672, stack(0x00000004d9700000,0x00000004d9800000) (1024K)]
  0x000001ab15f1b990 JavaThread "C1 CompilerThread0"         daemon [_thread_blocked, id=1300, stack(0x00000004d9800000,0x00000004d9900000) (1024K)]
  0x000001ab6ed3d8f0 JavaThread "C1 CompilerThread1"         daemon [_thread_blocked, id=13092, stack(0x00000004d9900000,0x00000004d9a00000) (1024K)]
  0x000001ab6eeae810 JavaThread "Common-Cleaner"             daemon [_thread_blocked, id=27072, stack(0x00000004d9c00000,0x00000004d9d00000) (1024K)]
  0x000001ab7058bfe0 JavaThread "Notification Thread"        daemon [_thread_blocked, id=29168, stack(0x00000004d9e00000,0x00000004d9f00000) (1024K)]
  0x000001ab70c39d30 JavaThread "Active Thread: Equinox Container: c4e93f7b-b9c9-4959-8d3e-27b1397fba86"        [_thread_blocked, id=28372, stack(0x00000004da500000,0x00000004da600000) (1024K)]
  0x000001ab7529dcf0 JavaThread "Refresh Thread: Equinox Container: c4e93f7b-b9c9-4959-8d3e-27b1397fba86" daemon [_thread_blocked, id=22652, stack(0x00000004da700000,0x00000004da800000) (1024K)]
  0x000001ab70b69f50 JavaThread "Framework Event Dispatcher: Equinox Container: c4e93f7b-b9c9-4959-8d3e-27b1397fba86" daemon [_thread_blocked, id=20892, stack(0x00000004da800000,0x00000004da900000) (1024K)]
  0x000001ab70b6add0 JavaThread "Start Level: Equinox Container: c4e93f7b-b9c9-4959-8d3e-27b1397fba86" daemon [_thread_blocked, id=23272, stack(0x00000004da900000,0x00000004daa00000) (1024K)]
  0x000001ab756931a0 JavaThread "Bundle File Closer"         daemon [_thread_blocked, id=4124, stack(0x00000004dad00000,0x00000004dae00000) (1024K)]
  0x000001ab75b01600 JavaThread "SCR Component Actor"        daemon [_thread_blocked, id=19688, stack(0x00000004d9a00000,0x00000004d9b00000) (1024K)]
  0x000001ab758ed130 JavaThread "C1 CompilerThread2"         daemon [_thread_blocked, id=11496, stack(0x00000004d9d00000,0x00000004d9e00000) (1024K)]
  0x000001ab758e5aa0 JavaThread "Worker-JM"                         [_thread_blocked, id=24472, stack(0x00000004daf00000,0x00000004db000000) (1024K)]
  0x000001ab758e67c0 JavaThread "JNA Cleaner"                daemon [_thread_blocked, id=1812, stack(0x00000004db200000,0x00000004db300000) (1024K)]
  0x000001ab758e3340 JavaThread "Worker-0"                          [_thread_blocked, id=28556, stack(0x00000004db300000,0x00000004db400000) (1024K)]
  0x000001ab758e39d0 JavaThread "Worker-1"                          [_thread_blocked, id=27544, stack(0x00000004db400000,0x00000004db500000) (1024K)]
  0x000001ab758e4060 JavaThread "Worker-2"                          [_thread_blocked, id=10040, stack(0x00000004db500000,0x00000004db600000) (1024K)]
  0x000001ab753be130 JavaThread "C2 CompilerThread1"         daemon [_thread_in_vm, id=7832, stack(0x00000004d9b00000,0x00000004d9c00000) (1024K)]
  0x000001ab758e46f0 JavaThread "Java indexing"              daemon [_thread_blocked, id=15568, stack(0x00000004db600000,0x00000004db700000) (1024K)]
  0x000001ab758e4d80 JavaThread "Worker-3: Building"                [_thread_in_native, id=19056, stack(0x00000004db700000,0x00000004db800000) (1024K)]
  0x000001ab75f4a140 JavaThread "Worker-4"                          [_thread_blocked, id=28052, stack(0x00000004db800000,0x00000004db900000) (1024K)]
  0x000001ab75f4a7d0 JavaThread "Worker-5"                          [_thread_blocked, id=18152, stack(0x00000004dbb00000,0x00000004dbc00000) (1024K)]
  0x000001ab75f4ae60 JavaThread "Thread-1"                   daemon [_thread_in_native, id=14756, stack(0x00000004dbc00000,0x00000004dbd00000) (1024K)]
  0x000001ab75f4b4f0 JavaThread "Thread-2"                   daemon [_thread_in_native, id=28792, stack(0x00000004dbd00000,0x00000004dbe00000) (1024K)]
  0x000001ab75f48d90 JavaThread "Thread-3"                   daemon [_thread_in_native, id=28412, stack(0x00000004dbe00000,0x00000004dbf00000) (1024K)]
  0x000001ab75f48070 JavaThread "Thread-4"                   daemon [_thread_in_native, id=11488, stack(0x00000004dbf00000,0x00000004dc000000) (1024K)]
  0x000001ab75f49420 JavaThread "Thread-5"                   daemon [_thread_in_native, id=22016, stack(0x00000004dc000000,0x00000004dc100000) (1024K)]
  0x000001ab75f4bb80 JavaThread "Thread-6"                   daemon [_thread_in_native, id=20204, stack(0x00000004dc100000,0x00000004dc200000) (1024K)]
  0x000001ab75f48700 JavaThread "Thread-7"                   daemon [_thread_in_native, id=12236, stack(0x00000004dc200000,0x00000004dc300000) (1024K)]
  0x000001ab75f49ab0 JavaThread "Thread-8"                   daemon [_thread_in_native, id=19428, stack(0x00000004dc300000,0x00000004dc400000) (1024K)]
  0x000001ab75f4cf30 JavaThread "Thread-9"                   daemon [_thread_in_native, id=8296, stack(0x00000004dc400000,0x00000004dc500000) (1024K)]
  0x000001ab75f4c210 JavaThread "Thread-10"                  daemon [_thread_in_native, id=2448, stack(0x00000004dc500000,0x00000004dc600000) (1024K)]
  0x000001ab75f4c8a0 JavaThread "Thread-11"                  daemon [_thread_in_native, id=18972, stack(0x00000004dc600000,0x00000004dc700000) (1024K)]
  0x000001ab75f4d5c0 JavaThread "Thread-12"                  daemon [_thread_in_native, id=15228, stack(0x00000004dc700000,0x00000004dc800000) (1024K)]
  0x000001ab75f4dc50 JavaThread "Thread-13"                  daemon [_thread_in_native, id=28060, stack(0x00000004dc800000,0x00000004dc900000) (1024K)]
  0x000001ab75f4e2e0 JavaThread "Thread-14"                  daemon [_thread_in_native, id=932, stack(0x00000004dc900000,0x00000004dca00000) (1024K)]
  0x000001ab75f4e970 JavaThread "Thread-15"                  daemon [_thread_in_native, id=23180, stack(0x00000004dca00000,0x00000004dcb00000) (1024K)]
  0x000001ab75f4f000 JavaThread "Thread-16"                  daemon [_thread_in_native, id=22820, stack(0x00000004dcb00000,0x00000004dcc00000) (1024K)]
  0x000001ab76638310 JavaThread "Thread-17"                  daemon [_thread_in_native, id=2568, stack(0x00000004dcc00000,0x00000004dcd00000) (1024K)]
  0x000001ab76639d50 JavaThread "pool-2-thread-1"                   [_thread_blocked, id=27640, stack(0x00000004dcd00000,0x00000004dce00000) (1024K)]
  0x000001ab76639030 JavaThread "PatternSearchJob-worker-1"  daemon [_thread_blocked, id=17624, stack(0x00000004dce00000,0x00000004dcf00000) (1024K)]
  0x000001ab7663a3e0 JavaThread "PatternSearchJob-worker-2"  daemon [_thread_blocked, id=26400, stack(0x00000004dcf00000,0x00000004dd000000) (1024K)]
  0x000001ab7663b100 JavaThread "PatternSearchJob-worker-3"  daemon [_thread_blocked, id=27768, stack(0x00000004dd000000,0x00000004dd100000) (1024K)]
  0x000001ab7663aa70 JavaThread "PatternSearchJob-worker-4"  daemon [_thread_blocked, id=28440, stack(0x00000004dd100000,0x00000004dd200000) (1024K)]
  0x000001ab76637c80 JavaThread "PatternSearchJob-worker-5"  daemon [_thread_blocked, id=5792, stack(0x00000004dd200000,0x00000004dd300000) (1024K)]
  0x000001ab766396c0 JavaThread "PatternSearchJob-worker-6"  daemon [_thread_blocked, id=24940, stack(0x00000004dd300000,0x00000004dd400000) (1024K)]
  0x000001ab7663b790 JavaThread "PatternSearchJob-worker-7"  daemon [_thread_blocked, id=8028, stack(0x00000004dd400000,0x00000004dd500000) (1024K)]
  0x000001ab7663be20 JavaThread "PatternSearchJob-worker-8"  daemon [_thread_blocked, id=26440, stack(0x00000004dd500000,0x00000004dd600000) (1024K)]
  0x000001ab766389a0 JavaThread "PatternSearchJob-worker-9"  daemon [_thread_blocked, id=26684, stack(0x00000004dd600000,0x00000004dd700000) (1024K)]
  0x000001ab7663d1d0 JavaThread "PatternSearchJob-worker-10" daemon [_thread_blocked, id=27948, stack(0x00000004dd700000,0x00000004dd800000) (1024K)]
  0x000001ab7663d860 JavaThread "PatternSearchJob-worker-11" daemon [_thread_blocked, id=18664, stack(0x00000004dd800000,0x00000004dd900000) (1024K)]
  0x000001ab7663e580 JavaThread "PatternSearchJob-worker-12" daemon [_thread_blocked, id=28708, stack(0x00000004dd900000,0x00000004dda00000) (1024K)]
  0x000001ab7663cb40 JavaThread "PatternSearchJob-worker-13" daemon [_thread_blocked, id=28592, stack(0x00000004dda00000,0x00000004ddb00000) (1024K)]
  0x000001ab7663ec10 JavaThread "PatternSearchJob-worker-14" daemon [_thread_blocked, id=14092, stack(0x00000004ddb00000,0x00000004ddc00000) (1024K)]
  0x000001ab7663f2a0 JavaThread "PatternSearchJob-worker-15" daemon [_thread_blocked, id=28416, stack(0x00000004ddc00000,0x00000004ddd00000) (1024K)]
  0x000001ab7663c4b0 JavaThread "WorkspaceEventsHandler"            [_thread_blocked, id=8892, stack(0x00000004dde00000,0x00000004ddf00000) (1024K)]
  0x000001ab7663def0 JavaThread "pool-1-thread-1"                   [_thread_blocked, id=24556, stack(0x00000004ddf00000,0x00000004de000000) (1024K)]
  0x000001ab77355480 JavaThread "Keep-Alive-Timer"           daemon [_thread_blocked, id=18948, stack(0x00000004de000000,0x00000004de100000) (1024K)]
=>0x000001ab75c8c170 JavaThread "C2 CompilerThread2"         daemon [_thread_in_native, id=1172, stack(0x00000004de100000,0x00000004de200000) (1024K)]
Total: 66

Other Threads:
  0x000001ab15df1c60 VMThread "VM Thread"                           [id=22872, stack(0x00000004d9000000,0x00000004d9100000) (1024K)]
  0x000001ab15cecb20 WatcherThread "VM Periodic Task Thread"        [id=12304, stack(0x00000004d8f00000,0x00000004d9000000) (1024K)]
  0x000001ab15e7b650 WorkerThread "GC Thread#0"                     [id=14540, stack(0x00000004d8e00000,0x00000004d8f00000) (1024K)]
  0x000001ab708a9d60 WorkerThread "GC Thread#1"                     [id=8120, stack(0x00000004d9f00000,0x00000004da000000) (1024K)]
  0x000001ab70965980 WorkerThread "GC Thread#2"                     [id=23260, stack(0x00000004da000000,0x00000004da100000) (1024K)]
  0x000001ab70c71390 WorkerThread "GC Thread#3"                     [id=29280, stack(0x00000004da100000,0x00000004da200000) (1024K)]
  0x000001ab708ac500 WorkerThread "GC Thread#4"                     [id=27088, stack(0x00000004da200000,0x00000004da300000) (1024K)]
  0x000001ab708ad0c0 WorkerThread "GC Thread#5"                     [id=29652, stack(0x00000004da300000,0x00000004da400000) (1024K)]
  0x000001ab70ce4530 WorkerThread "GC Thread#6"                     [id=26700, stack(0x00000004da400000,0x00000004da500000) (1024K)]
  0x000001ab70bbfde0 WorkerThread "GC Thread#7"                     [id=17268, stack(0x00000004da600000,0x00000004da700000) (1024K)]
  0x000001ab755204f0 WorkerThread "GC Thread#8"                     [id=14064, stack(0x00000004daa00000,0x00000004dab00000) (1024K)]
  0x000001ab755208a0 WorkerThread "GC Thread#9"                     [id=12736, stack(0x00000004dab00000,0x00000004dac00000) (1024K)]
  0x000001ab75520c50 WorkerThread "GC Thread#10"                    [id=26664, stack(0x00000004dac00000,0x00000004dad00000) (1024K)]
  0x000001ab75590e60 WorkerThread "GC Thread#11"                    [id=16560, stack(0x00000004db000000,0x00000004db100000) (1024K)]
  0x000001ab7558ffa0 WorkerThread "GC Thread#12"                    [id=15672, stack(0x00000004db100000,0x00000004db200000) (1024K)]
Total: 15

Threads with active compile tasks:
C2 CompilerThread0  20866 10627       4       org.apache.maven.model.interpolation.StringVisitorModelInterpolator$ModelVisitor::visit (117 bytes)
C2 CompilerThread1  20866 10655       4       org.eclipse.osgi.internal.serviceregistry.ServiceRegistry::notifyHooksPrivileged (57 bytes)
C2 CompilerThread2  20866 10654   !   4       org.eclipse.osgi.internal.loader.classpath.ClasspathManager::findLocalClass (210 bytes)
Total: 3

VM state: not at safepoint (normal execution)

VM Mutex/Monitor currently owned by a thread: None

Heap address: 0x0000000080000000, size: 2048 MB, Compressed Oops mode: 32-bit

CDS archive(s) mapped at: [0x000001ab2d000000-0x000001ab2dba0000-0x000001ab2dba0000), size 12189696, SharedBaseAddress: 0x000001ab2d000000, ArchiveRelocationMode: 1.
Compressed class space mapped at: 0x000001ab2e000000-0x000001ab6e000000, reserved size: 1073741824
Narrow klass base: 0x000001ab2d000000, Narrow klass shift: 0, Narrow klass range: 0x100000000

GC Precious Log:
 CardTable entry size: 512
 CPUs: 16 total, 16 available
 Memory: 7501M
 Large Page Support: Disabled
 NUMA Support: Disabled
 Compressed Oops: Enabled (32-bit)
 Alignments: Space 512K, Generation 512K, Heap 2M
 Heap Min Capacity: 100M
 Heap Initial Capacity: 100M
 Heap Max Capacity: 2G
 Pre-touch: Disabled
 Parallel Workers: 13

Heap:
 PSYoungGen      total 15360K, used 2448K [0x00000000d5580000, 0x00000000d6980000, 0x0000000100000000)
  eden space 13824K, 10% used [0x00000000d5580000,0x00000000d56ec1d8,0x00000000d6300000)
  from space 1536K, 64% used [0x00000000d6300000,0x00000000d63f8000,0x00000000d6480000)
  to   space 1536K, 0% used [0x00000000d6800000,0x00000000d6800000,0x00000000d6980000)
 ParOldGen       total 73216K, used 72803K [0x0000000080000000, 0x0000000084780000, 0x00000000d5580000)
  object space 73216K, 99% used [0x0000000080000000,0x0000000084718ec0,0x0000000084780000)
 Metaspace       used 58100K, committed 59392K, reserved 1114112K
  class space    used 6277K, committed 6848K, reserved 1048576K

Card table byte_map: [0x000001ab15800000,0x000001ab15c10000] _byte_map_base: 0x000001ab15400000

Marking Bits: (ParMarkBitMap*) 0x00007ffa56174460
 Begin Bits: [0x000001ab28310000, 0x000001ab2a310000)
 End Bits:   [0x000001ab2a310000, 0x000001ab2c310000)

Polling page: 0x000001ab13c50000

Metaspace:

Usage:
  Non-class:     50.61 MB used.
      Class:      6.13 MB used.
       Both:     56.74 MB used.

Virtual space:
  Non-class space:       64.00 MB reserved,      51.31 MB ( 80%) committed,  1 nodes.
      Class space:        1.00 GB reserved,       6.69 MB ( <1%) committed,  1 nodes.
             Both:        1.06 GB reserved,      58.00 MB (  5%) committed. 

Chunk freelists:
   Non-Class:  12.06 MB
       Class:  9.27 MB
        Both:  21.33 MB

MaxMetaspaceSize: unlimited
CompressedClassSpaceSize: 1.00 GB
Initial GC threshold: 21.00 MB
Current GC threshold: 58.38 MB
CDS: on
 - commit_granule_bytes: 65536.
 - commit_granule_words: 8192.
 - virtual_space_node_default_size: 8388608.
 - enlarge_chunks_in_place: 1.
 - use_allocation_guard: 0.


Internal statistics:

num_allocs_failed_limit: 8.
num_arena_births: 1108.
num_arena_deaths: 14.
num_vsnodes_births: 2.
num_vsnodes_deaths: 0.
num_space_committed: 928.
num_space_uncommitted: 0.
num_chunks_returned_to_freelist: 22.
num_chunks_taken_from_freelist: 3693.
num_chunk_merges: 9.
num_chunk_splits: 2221.
num_chunks_enlarged: 1150.
num_inconsistent_stats: 0.

CodeHeap 'non-profiled nmethods': size=119168Kb used=4375Kb max_used=4375Kb free=114792Kb
 bounds [0x000001ab20c00000, 0x000001ab21050000, 0x000001ab28060000]
CodeHeap 'profiled nmethods': size=119104Kb used=21163Kb max_used=21163Kb free=97940Kb
 bounds [0x000001ab19060000, 0x000001ab1a510000, 0x000001ab204b0000]
CodeHeap 'non-nmethods': size=7488Kb used=2548Kb max_used=3198Kb free=4939Kb
 bounds [0x000001ab204b0000, 0x000001ab207e0000, 0x000001ab20c00000]
CodeCache: size=245760Kb, used=28086Kb, max_used=28736Kb, free=217671Kb
 total_blobs=10873, nmethods=10142, adapters=635, full_count=0
Compilation: enabled, stopped_count=0, restarted_count=0

Compilation events (20 events):
Event: 18.746 Thread 0x000001ab758d8390 nmethod 10762 0x000001ab1a4fa590 code [0x000001ab1a4fa760, 0x000001ab1a4fab60]
Event: 18.747 Thread 0x000001ab758ed130 nmethod 10761 0x000001ab1a4fad10 code [0x000001ab1a4faf40, 0x000001ab1a4fb738]
Event: 18.749 Thread 0x000001ab758d8390 10763       3       org.eclipse.jdt.ls.core.internal.JobHelpers$InitializeJobMatcher::matches (7 bytes)
Event: 18.749 Thread 0x000001ab758d8390 nmethod 10763 0x000001ab1a4fba10 code [0x000001ab1a4fbbc0, 0x000001ab1a4fbda8]
Event: 18.756 Thread 0x000001ab6ed3d8f0 10764       3       java.lang.Throwable::<init> (29 bytes)
Event: 18.757 Thread 0x000001ab6ed3d8f0 nmethod 10764 0x000001ab1a4fbe90 code [0x000001ab1a4fc040, 0x000001ab1a4fc2b8]
Event: 18.763 Thread 0x000001ab6ed3d8f0 10767       3       org.objectweb.asm.MethodWriter::visitMethodInsn (191 bytes)
Event: 18.765 Thread 0x000001ab6ed3d8f0 nmethod 10767 0x000001ab1a4fc390 code [0x000001ab1a4fc5e0, 0x000001ab1a4fcda0]
Event: 18.765 Thread 0x000001ab6ed3d8f0 10768       2       com.google.inject.internal.aop.ImmutableStringTrie::nextPivotColumn (55 bytes)
Event: 18.766 Thread 0x000001ab6ed3d8f0 nmethod 10768 0x000001ab1a4fd090 code [0x000001ab1a4fd260, 0x000001ab1a4fd5c8]
Event: 18.767 Thread 0x000001ab6ed3d8f0 10769       3       org.eclipse.sisu.plexus.PlexusAnnotatedBeanModule$PlexusAnnotatedBeanSource::getBeanMetadata (18 bytes)
Event: 18.767 Thread 0x000001ab6ed3d8f0 nmethod 10769 0x000001ab1a4fd910 code [0x000001ab1a4fdb20, 0x000001ab1a4fe0b8]
Event: 18.767 Thread 0x000001ab6ed3d8f0 10770       3       com.google.common.collect.AbstractMapBasedMultimap::removeAll (63 bytes)
Event: 18.768 Thread 0x000001ab6ed3d8f0 nmethod 10770 0x000001ab1a4fe290 code [0x000001ab1a4fe4c0, 0x000001ab1a4fece0]
Event: 18.769 Thread 0x000001ab6ed3d8f0 10771       1       org.codehaus.plexus.classworlds.realm.Entry::getClassLoader (5 bytes)
Event: 18.770 Thread 0x000001ab6ed3d8f0 nmethod 10771 0x000001ab21036e10 code [0x000001ab21036fa0, 0x000001ab21037068]
Event: 18.778 Thread 0x000001ab6ed3d8f0 10772       3       org.eclipse.sisu.inject.RankedSequence$Content::<init> (37 bytes)
Event: 18.778 Thread 0x000001ab6ed3d8f0 nmethod 10772 0x000001ab1a4fef10 code [0x000001ab1a4ff0e0, 0x000001ab1a4ff540]
Event: 18.781 Thread 0x000001ab758ed130 10773       3       java.lang.invoke.MethodHandles::constant (88 bytes)
Event: 18.783 Thread 0x000001ab758ed130 nmethod 10773 0x000001ab1a4ff690 code [0x000001ab1a4ff9a0, 0x000001ab1a500880]

GC Heap History (20 events):
Event: 15.506 GC heap after
{Heap after GC invocations=37 (full 2):
 PSYoungGen      total 15872K, used 1024K [0x00000000d5580000, 0x00000000d6800000, 0x0000000100000000)
  eden space 14848K, 0% used [0x00000000d5580000,0x00000000d5580000,0x00000000d6400000)
  from space 1024K, 100% used [0x00000000d6500000,0x00000000d6600000,0x00000000d6600000)
  to   space 1536K, 0% used [0x00000000d6680000,0x00000000d6680000,0x00000000d6800000)
 ParOldGen       total 68608K, used 61876K [0x0000000080000000, 0x0000000084300000, 0x00000000d5580000)
  object space 68608K, 90% used [0x0000000080000000,0x0000000083c6d378,0x0000000084300000)
 Metaspace       used 53417K, committed 54592K, reserved 1114112K
  class space    used 5819K, committed 6336K, reserved 1048576K
}
Event: 15.992 GC heap before
{Heap before GC invocations=38 (full 2):
 PSYoungGen      total 15872K, used 15872K [0x00000000d5580000, 0x00000000d6800000, 0x0000000100000000)
  eden space 14848K, 100% used [0x00000000d5580000,0x00000000d6400000,0x00000000d6400000)
  from space 1024K, 100% used [0x00000000d6500000,0x00000000d6600000,0x00000000d6600000)
  to   space 1536K, 0% used [0x00000000d6680000,0x00000000d6680000,0x00000000d6800000)
 ParOldGen       total 68608K, used 61876K [0x0000000080000000, 0x0000000084300000, 0x00000000d5580000)
  object space 68608K, 90% used [0x0000000080000000,0x0000000083c6d378,0x0000000084300000)
 Metaspace       used 55003K, committed 56256K, reserved 1114112K
  class space    used 6007K, committed 6592K, reserved 1048576K
}
Event: 15.997 GC heap after
{Heap after GC invocations=38 (full 2):
 PSYoungGen      total 16384K, used 1451K [0x00000000d5580000, 0x00000000d6800000, 0x0000000100000000)
  eden space 14848K, 0% used [0x00000000d5580000,0x00000000d5580000,0x00000000d6400000)
  from space 1536K, 94% used [0x00000000d6680000,0x00000000d67eaeb8,0x00000000d6800000)
  to   space 1536K, 0% used [0x00000000d6500000,0x00000000d6500000,0x00000000d6680000)
 ParOldGen       total 68608K, used 62672K [0x0000000080000000, 0x0000000084300000, 0x00000000d5580000)
  object space 68608K, 91% used [0x0000000080000000,0x0000000083d34388,0x0000000084300000)
 Metaspace       used 55003K, committed 56256K, reserved 1114112K
  class space    used 6007K, committed 6592K, reserved 1048576K
}
Event: 16.581 GC heap before
{Heap before GC invocations=39 (full 2):
 PSYoungGen      total 16384K, used 16299K [0x00000000d5580000, 0x00000000d6800000, 0x0000000100000000)
  eden space 14848K, 99% used [0x00000000d5580000,0x00000000d63ffff0,0x00000000d6400000)
  from space 1536K, 94% used [0x00000000d6680000,0x00000000d67eaeb8,0x00000000d6800000)
  to   space 1536K, 0% used [0x00000000d6500000,0x00000000d6500000,0x00000000d6680000)
 ParOldGen       total 68608K, used 62672K [0x0000000080000000, 0x0000000084300000, 0x00000000d5580000)
  object space 68608K, 91% used [0x0000000080000000,0x0000000083d34388,0x0000000084300000)
 Metaspace       used 55574K, committed 56896K, reserved 1114112K
  class space    used 6048K, committed 6656K, reserved 1048576K
}
Event: 16.585 GC heap after
{Heap after GC invocations=39 (full 2):
 PSYoungGen      total 16384K, used 1536K [0x00000000d5580000, 0x00000000d6b00000, 0x0000000100000000)
  eden space 14848K, 0% used [0x00000000d5580000,0x00000000d5580000,0x00000000d6400000)
  from space 1536K, 100% used [0x00000000d6500000,0x00000000d6680000,0x00000000d6680000)
  to   space 3584K, 0% used [0x00000000d6780000,0x00000000d6780000,0x00000000d6b00000)
 ParOldGen       total 68608K, used 64289K [0x0000000080000000, 0x0000000084300000, 0x00000000d5580000)
  object space 68608K, 93% used [0x0000000080000000,0x0000000083ec8450,0x0000000084300000)
 Metaspace       used 55574K, committed 56896K, reserved 1114112K
  class space    used 6048K, committed 6656K, reserved 1048576K
}
Event: 17.036 GC heap before
{Heap before GC invocations=40 (full 2):
 PSYoungGen      total 16384K, used 16384K [0x00000000d5580000, 0x00000000d6b00000, 0x0000000100000000)
  eden space 14848K, 100% used [0x00000000d5580000,0x00000000d6400000,0x00000000d6400000)
  from space 1536K, 100% used [0x00000000d6500000,0x00000000d6680000,0x00000000d6680000)
  to   space 3584K, 0% used [0x00000000d6780000,0x00000000d6780000,0x00000000d6b00000)
 ParOldGen       total 68608K, used 64289K [0x0000000080000000, 0x0000000084300000, 0x00000000d5580000)
  object space 68608K, 93% used [0x0000000080000000,0x0000000083ec8450,0x0000000084300000)
 Metaspace       used 55707K, committed 57024K, reserved 1114112K
  class space    used 6048K, committed 6656K, reserved 1048576K
}
Event: 17.039 GC heap after
{Heap after GC invocations=40 (full 2):
 PSYoungGen      total 16896K, used 1728K [0x00000000d5580000, 0x00000000d6980000, 0x0000000100000000)
  eden space 14848K, 0% used [0x00000000d5580000,0x00000000d5580000,0x00000000d6400000)
  from space 2048K, 84% used [0x00000000d6780000,0x00000000d6930000,0x00000000d6980000)
  to   space 2560K, 0% used [0x00000000d6480000,0x00000000d6480000,0x00000000d6700000)
 ParOldGen       total 68608K, used 65733K [0x0000000080000000, 0x0000000084300000, 0x00000000d5580000)
  object space 68608K, 95% used [0x0000000080000000,0x0000000084031460,0x0000000084300000)
 Metaspace       used 55707K, committed 57024K, reserved 1114112K
  class space    used 6048K, committed 6656K, reserved 1048576K
}
Event: 17.343 GC heap before
{Heap before GC invocations=41 (full 2):
 PSYoungGen      total 16896K, used 16575K [0x00000000d5580000, 0x00000000d6980000, 0x0000000100000000)
  eden space 14848K, 99% used [0x00000000d5580000,0x00000000d63ffff8,0x00000000d6400000)
  from space 2048K, 84% used [0x00000000d6780000,0x00000000d6930000,0x00000000d6980000)
  to   space 2560K, 0% used [0x00000000d6480000,0x00000000d6480000,0x00000000d6700000)
 ParOldGen       total 68608K, used 65733K [0x0000000080000000, 0x0000000084300000, 0x00000000d5580000)
  object space 68608K, 95% used [0x0000000080000000,0x0000000084031460,0x0000000084300000)
 Metaspace       used 55903K, committed 57216K, reserved 1114112K
  class space    used 6049K, committed 6656K, reserved 1048576K
}
Event: 17.346 GC heap after
{Heap after GC invocations=41 (full 2):
 PSYoungGen      total 16384K, used 1328K [0x00000000d5580000, 0x00000000d6800000, 0x0000000100000000)
  eden space 14848K, 0% used [0x00000000d5580000,0x00000000d5580000,0x00000000d6400000)
  from space 1536K, 86% used [0x00000000d6480000,0x00000000d65cc010,0x00000000d6600000)
  to   space 2048K, 0% used [0x00000000d6600000,0x00000000d6600000,0x00000000d6800000)
 ParOldGen       total 68608K, used 67180K [0x0000000080000000, 0x0000000084300000, 0x00000000d5580000)
  object space 68608K, 97% used [0x0000000080000000,0x000000008419b260,0x0000000084300000)
 Metaspace       used 55903K, committed 57216K, reserved 1114112K
  class space    used 6049K, committed 6656K, reserved 1048576K
}
Event: 17.591 GC heap before
{Heap before GC invocations=42 (full 2):
 PSYoungGen      total 16384K, used 16176K [0x00000000d5580000, 0x00000000d6800000, 0x0000000100000000)
  eden space 14848K, 100% used [0x00000000d5580000,0x00000000d6400000,0x00000000d6400000)
  from space 1536K, 86% used [0x00000000d6480000,0x00000000d65cc010,0x00000000d6600000)
  to   space 2048K, 0% used [0x00000000d6600000,0x00000000d6600000,0x00000000d6800000)
 ParOldGen       total 68608K, used 67180K [0x0000000080000000, 0x0000000084300000, 0x00000000d5580000)
  object space 68608K, 97% used [0x0000000080000000,0x000000008419b260,0x0000000084300000)
 Metaspace       used 56266K, committed 57472K, reserved 1114112K
  class space    used 6101K, committed 6656K, reserved 1048576K
}
Event: 17.595 GC heap after
{Heap after GC invocations=42 (full 2):
 PSYoungGen      total 16896K, used 1520K [0x00000000d5580000, 0x00000000d6800000, 0x0000000100000000)
  eden space 14848K, 0% used [0x00000000d5580000,0x00000000d5580000,0x00000000d6400000)
  from space 2048K, 74% used [0x00000000d6600000,0x00000000d677c010,0x00000000d6800000)
  to   space 2048K, 0% used [0x00000000d6400000,0x00000000d6400000,0x00000000d6600000)
 ParOldGen       total 68608K, used 68344K [0x0000000080000000, 0x0000000084300000, 0x00000000d5580000)
  object space 68608K, 99% used [0x0000000080000000,0x00000000842be270,0x0000000084300000)
 Metaspace       used 56266K, committed 57472K, reserved 1114112K
  class space    used 6101K, committed 6656K, reserved 1048576K
}
Event: 17.728 GC heap before
{Heap before GC invocations=43 (full 2):
 PSYoungGen      total 16896K, used 16368K [0x00000000d5580000, 0x00000000d6800000, 0x0000000100000000)
  eden space 14848K, 100% used [0x00000000d5580000,0x00000000d6400000,0x00000000d6400000)
  from space 2048K, 74% used [0x00000000d6600000,0x00000000d677c010,0x00000000d6800000)
  to   space 2048K, 0% used [0x00000000d6400000,0x00000000d6400000,0x00000000d6600000)
 ParOldGen       total 68608K, used 68344K [0x0000000080000000, 0x0000000084300000, 0x00000000d5580000)
  object space 68608K, 99% used [0x0000000080000000,0x00000000842be270,0x0000000084300000)
 Metaspace       used 56429K, committed 57664K, reserved 1114112K
  class space    used 6103K, committed 6656K, reserved 1048576K
}
Event: 17.732 GC heap after
{Heap after GC invocations=43 (full 2):
 PSYoungGen      total 16384K, used 1200K [0x00000000d5580000, 0x00000000d6700000, 0x0000000100000000)
  eden space 14848K, 0% used [0x00000000d5580000,0x00000000d5580000,0x00000000d6400000)
  from space 1536K, 78% used [0x00000000d6400000,0x00000000d652c010,0x00000000d6580000)
  to   space 1536K, 0% used [0x00000000d6580000,0x00000000d6580000,0x00000000d6700000)
 ParOldGen       total 69632K, used 69610K [0x0000000080000000, 0x0000000084400000, 0x00000000d5580000)
  object space 69632K, 99% used [0x0000000080000000,0x00000000843fabe0,0x0000000084400000)
 Metaspace       used 56429K, committed 57664K, reserved 1114112K
  class space    used 6103K, committed 6656K, reserved 1048576K
}
Event: 17.847 GC heap before
{Heap before GC invocations=44 (full 2):
 PSYoungGen      total 16384K, used 16048K [0x00000000d5580000, 0x00000000d6700000, 0x0000000100000000)
  eden space 14848K, 100% used [0x00000000d5580000,0x00000000d6400000,0x00000000d6400000)
  from space 1536K, 78% used [0x00000000d6400000,0x00000000d652c010,0x00000000d6580000)
  to   space 1536K, 0% used [0x00000000d6580000,0x00000000d6580000,0x00000000d6700000)
 ParOldGen       total 69632K, used 69610K [0x0000000080000000, 0x0000000084400000, 0x00000000d5580000)
  object space 69632K, 99% used [0x0000000080000000,0x00000000843fabe0,0x0000000084400000)
 Metaspace       used 56634K, committed 57920K, reserved 1114112K
  class space    used 6107K, committed 6720K, reserved 1048576K
}
Event: 17.851 GC heap after
{Heap after GC invocations=44 (full 2):
 PSYoungGen      total 15360K, used 1536K [0x00000000d5580000, 0x00000000d6900000, 0x0000000100000000)
  eden space 13824K, 0% used [0x00000000d5580000,0x00000000d5580000,0x00000000d6300000)
  from space 1536K, 100% used [0x00000000d6580000,0x00000000d6700000,0x00000000d6700000)
  to   space 2560K, 0% used [0x00000000d6300000,0x00000000d6300000,0x00000000d6580000)
 ParOldGen       total 70656K, used 70194K [0x0000000080000000, 0x0000000084500000, 0x00000000d5580000)
  object space 70656K, 99% used [0x0000000080000000,0x000000008448cbe0,0x0000000084500000)
 Metaspace       used 56634K, committed 57920K, reserved 1114112K
  class space    used 6107K, committed 6720K, reserved 1048576K
}
Event: 17.979 GC heap before
{Heap before GC invocations=45 (full 2):
 PSYoungGen      total 15360K, used 15360K [0x00000000d5580000, 0x00000000d6900000, 0x0000000100000000)
  eden space 13824K, 100% used [0x00000000d5580000,0x00000000d6300000,0x00000000d6300000)
  from space 1536K, 100% used [0x00000000d6580000,0x00000000d6700000,0x00000000d6700000)
  to   space 2560K, 0% used [0x00000000d6300000,0x00000000d6300000,0x00000000d6580000)
 ParOldGen       total 70656K, used 70194K [0x0000000080000000, 0x0000000084500000, 0x00000000d5580000)
  object space 70656K, 99% used [0x0000000080000000,0x000000008448cbe0,0x0000000084500000)
 Metaspace       used 56724K, committed 58048K, reserved 1114112K
  class space    used 6108K, committed 6720K, reserved 1048576K
}
Event: 17.982 GC heap after
{Heap after GC invocations=45 (full 2):
 PSYoungGen      total 15360K, used 1216K [0x00000000d5580000, 0x00000000d6700000, 0x0000000100000000)
  eden space 13824K, 0% used [0x00000000d5580000,0x00000000d5580000,0x00000000d6300000)
  from space 1536K, 79% used [0x00000000d6300000,0x00000000d6430000,0x00000000d6480000)
  to   space 2048K, 0% used [0x00000000d6500000,0x00000000d6500000,0x00000000d6700000)
 ParOldGen       total 71168K, used 71114K [0x0000000080000000, 0x0000000084580000, 0x00000000d5580000)
  object space 71168K, 99% used [0x0000000080000000,0x0000000084572be0,0x0000000084580000)
 Metaspace       used 56724K, committed 58048K, reserved 1114112K
  class space    used 6108K, committed 6720K, reserved 1048576K
}
Event: 18.437 GC heap before
{Heap before GC invocations=46 (full 2):
 PSYoungGen      total 15360K, used 15040K [0x00000000d5580000, 0x00000000d6700000, 0x0000000100000000)
  eden space 13824K, 100% used [0x00000000d5580000,0x00000000d6300000,0x00000000d6300000)
  from space 1536K, 79% used [0x00000000d6300000,0x00000000d6430000,0x00000000d6480000)
  to   space 2048K, 0% used [0x00000000d6500000,0x00000000d6500000,0x00000000d6700000)
 ParOldGen       total 71168K, used 71114K [0x0000000080000000, 0x0000000084580000, 0x00000000d5580000)
  object space 71168K, 99% used [0x0000000080000000,0x0000000084572be0,0x0000000084580000)
 Metaspace       used 57367K, committed 58688K, reserved 1114112K
  class space    used 6183K, committed 6784K, reserved 1048576K
}
Event: 18.440 GC heap after
{Heap after GC invocations=46 (full 2):
 PSYoungGen      total 15360K, used 1216K [0x00000000d5580000, 0x00000000d6680000, 0x0000000100000000)
  eden space 13824K, 0% used [0x00000000d5580000,0x00000000d5580000,0x00000000d6300000)
  from space 1536K, 79% used [0x00000000d6500000,0x00000000d6630010,0x00000000d6680000)
  to   space 1536K, 0% used [0x00000000d6300000,0x00000000d6300000,0x00000000d6480000)
 ParOldGen       total 72192K, used 71914K [0x0000000080000000, 0x0000000084680000, 0x00000000d5580000)
  object space 72192K, 99% used [0x0000000080000000,0x000000008463abe0,0x0000000084680000)
 Metaspace       used 57367K, committed 58688K, reserved 1114112K
  class space    used 6183K, committed 6784K, reserved 1048576K
}
Event: 18.800 GC heap before
{Heap before GC invocations=47 (full 2):
 PSYoungGen      total 15360K, used 15040K [0x00000000d5580000, 0x00000000d6680000, 0x0000000100000000)
  eden space 13824K, 100% used [0x00000000d5580000,0x00000000d6300000,0x00000000d6300000)
  from space 1536K, 79% used [0x00000000d6500000,0x00000000d6630010,0x00000000d6680000)
  to   space 1536K, 0% used [0x00000000d6300000,0x00000000d6300000,0x00000000d6480000)
 ParOldGen       total 72192K, used 71914K [0x0000000080000000, 0x0000000084680000, 0x00000000d5580000)
  object space 72192K, 99% used [0x0000000080000000,0x000000008463abe0,0x0000000084680000)
 Metaspace       used 57973K, committed 59328K, reserved 1114112K
  class space    used 6266K, committed 6848K, reserved 1048576K
}

Dll operation events (12 events):
Event: 0.026 Loaded shared library c:\Users\Usuario\.vscode\extensions\redhat.java-1.55.0-win32-x64\jre\21.0.11-win32-x86_64\bin\java.dll
Event: 0.180 Loaded shared library c:\Users\Usuario\.vscode\extensions\redhat.java-1.55.0-win32-x64\jre\21.0.11-win32-x86_64\bin\zip.dll
Event: 0.231 Loaded shared library C:\Users\Usuario\.vscode\extensions\redhat.java-1.55.0-win32-x64\jre\21.0.11-win32-x86_64\bin\instrument.dll
Event: 0.245 Loaded shared library C:\Users\Usuario\.vscode\extensions\redhat.java-1.55.0-win32-x64\jre\21.0.11-win32-x86_64\bin\net.dll
Event: 0.252 Loaded shared library C:\Users\Usuario\.vscode\extensions\redhat.java-1.55.0-win32-x64\jre\21.0.11-win32-x86_64\bin\nio.dll
Event: 0.265 Loaded shared library C:\Users\Usuario\.vscode\extensions\redhat.java-1.55.0-win32-x64\jre\21.0.11-win32-x86_64\bin\zip.dll
Event: 0.311 Loaded shared library C:\Users\Usuario\.vscode\extensions\redhat.java-1.55.0-win32-x64\jre\21.0.11-win32-x86_64\bin\jimage.dll
Event: 0.486 Loaded shared library c:\Users\Usuario\.vscode\extensions\redhat.java-1.55.0-win32-x64\jre\21.0.11-win32-x86_64\bin\verify.dll
Event: 2.887 Loaded shared library C:\Users\Usuario\AppData\Roaming\Code\User\globalStorage\redhat.java\1.55.0\config_win\org.eclipse.equinox.launcher\org.eclipse.equinox.launcher.win32.win32.x86_64_1.3.100.v20260613-0559\eclipse_11924.dll
Event: 7.642 Loaded shared library C:\Users\Usuario\AppData\Local\Temp\jna-1531808526\jna5578845116772690301.dll
Event: 11.079 Loaded shared library C:\Users\Usuario\.vscode\extensions\redhat.java-1.55.0-win32-x64\jre\21.0.11-win32-x86_64\bin\sunmscapi.dll
Event: 12.088 Loaded shared library C:\Users\Usuario\.vscode\extensions\redhat.java-1.55.0-win32-x64\jre\21.0.11-win32-x86_64\bin\extnet.dll

Deoptimization events (20 events):
Event: 18.630 Thread 0x000001ab758e4d80 DEOPT PACKING pc=0x000001ab20fa6988 sp=0x00000004db7fb770
Event: 18.630 Thread 0x000001ab758e4d80 DEOPT UNPACKING pc=0x000001ab20503aa2 sp=0x00000004db7fb670 mode 2
Event: 18.741 Thread 0x000001ab758e4d80 DEOPT PACKING pc=0x000001ab1a4f6c9e sp=0x00000004db7f7040
Event: 18.741 Thread 0x000001ab758e4d80 DEOPT UNPACKING pc=0x000001ab20504242 sp=0x00000004db7f6520 mode 0
Event: 18.761 Thread 0x000001ab758e4d80 Uncommon trap: trap_request=0xffffffbe fr.pc=0x000001ab2100cb44 relative=0x0000000000000364
Event: 18.761 Thread 0x000001ab758e4d80 Uncommon trap: reason=profile_predicate action=maybe_recompile pc=0x000001ab2100cb44 method=com.google.inject.internal.aop.ImmutableStringTrie.nextPivotColumn([Ljava/lang/String;III)I @ 21 c2
Event: 18.761 Thread 0x000001ab758e4d80 DEOPT PACKING pc=0x000001ab2100cb44 sp=0x00000004db7fbf90
Event: 18.761 Thread 0x000001ab758e4d80 DEOPT UNPACKING pc=0x000001ab20503aa2 sp=0x00000004db7fbf20 mode 2
Event: 18.762 Thread 0x000001ab758e4d80 Uncommon trap: trap_request=0xffffffbe fr.pc=0x000001ab2100cb44 relative=0x0000000000000364
Event: 18.762 Thread 0x000001ab758e4d80 Uncommon trap: reason=profile_predicate action=maybe_recompile pc=0x000001ab2100cb44 method=com.google.inject.internal.aop.ImmutableStringTrie.nextPivotColumn([Ljava/lang/String;III)I @ 21 c2
Event: 18.762 Thread 0x000001ab758e4d80 DEOPT PACKING pc=0x000001ab2100cb44 sp=0x00000004db7fbf90
Event: 18.762 Thread 0x000001ab758e4d80 DEOPT UNPACKING pc=0x000001ab20503aa2 sp=0x00000004db7fbf20 mode 2
Event: 18.764 Thread 0x000001ab758e4d80 Uncommon trap: trap_request=0xffffffbe fr.pc=0x000001ab2100cb44 relative=0x0000000000000364
Event: 18.764 Thread 0x000001ab758e4d80 Uncommon trap: reason=profile_predicate action=maybe_recompile pc=0x000001ab2100cb44 method=com.google.inject.internal.aop.ImmutableStringTrie.nextPivotColumn([Ljava/lang/String;III)I @ 21 c2
Event: 18.764 Thread 0x000001ab758e4d80 DEOPT PACKING pc=0x000001ab2100cb44 sp=0x00000004db7fc0a0
Event: 18.764 Thread 0x000001ab758e4d80 DEOPT UNPACKING pc=0x000001ab20503aa2 sp=0x00000004db7fc030 mode 2
Event: 18.770 Thread 0x000001ab758e4d80 Uncommon trap: trap_request=0xffffff45 fr.pc=0x000001ab210185e0 relative=0x0000000000000ba0
Event: 18.770 Thread 0x000001ab758e4d80 Uncommon trap: reason=unstable_if action=reinterpret pc=0x000001ab210185e0 method=org.eclipse.sisu.inject.LocatedBeans$Itr.hasNext()Z @ 81 c2
Event: 18.770 Thread 0x000001ab758e4d80 DEOPT PACKING pc=0x000001ab210185e0 sp=0x00000004db7fd800
Event: 18.770 Thread 0x000001ab758e4d80 DEOPT UNPACKING pc=0x000001ab20503aa2 sp=0x00000004db7fd7c0 mode 2

Classes loaded (20 events):
Event: 13.777 Loading class sun/net/www/http/KeepAliveCache$1
Event: 13.777 Loading class sun/net/www/http/KeepAliveCache$1 done
Event: 13.778 Loading class sun/net/www/http/KeepAliveCache$ClientVector
Event: 13.778 Loading class sun/net/www/http/KeepAliveCache$ClientVector done
Event: 13.781 Loading class sun/net/www/http/KeepAliveEntry
Event: 13.782 Loading class sun/net/www/http/KeepAliveEntry done
Event: 15.175 Loading class java/lang/ProcessEnvironment$CheckedKeySet
Event: 15.175 Loading class java/lang/ProcessEnvironment$CheckedKeySet done
Event: 15.804 Loading class java/util/regex/Pattern$Pos
Event: 15.804 Loading class java/util/regex/Pattern$Pos done
Event: 15.860 Loading class sun/security/provider/MD5
Event: 15.860 Loading class sun/security/provider/MD5 done
Event: 15.861 Loading class sun/security/provider/ByteArrayAccess$LE
Event: 15.861 Loading class sun/security/provider/ByteArrayAccess$LE done
Event: 18.130 Loading class java/util/stream/DistinctOps
Event: 18.131 Loading class java/util/stream/DistinctOps done
Event: 18.131 Loading class java/util/stream/DistinctOps$1
Event: 18.132 Loading class java/util/stream/DistinctOps$1 done
Event: 18.132 Loading class java/util/stream/DistinctOps$1$2
Event: 18.133 Loading class java/util/stream/DistinctOps$1$2 done

Classes unloaded (7 events):
Event: 8.610 Thread 0x000001ab15df1c60 Unloading class 0x000001ab2e1ab800 'java/lang/invoke/LambdaForm$MH+0x000001ab2e1ab800'
Event: 8.610 Thread 0x000001ab15df1c60 Unloading class 0x000001ab2e1ab400 'java/lang/invoke/LambdaForm$MH+0x000001ab2e1ab400'
Event: 8.610 Thread 0x000001ab15df1c60 Unloading class 0x000001ab2e1ab000 'java/lang/invoke/LambdaForm$MH+0x000001ab2e1ab000'
Event: 8.610 Thread 0x000001ab15df1c60 Unloading class 0x000001ab2e1aac00 'java/lang/invoke/LambdaForm$MH+0x000001ab2e1aac00'
Event: 8.610 Thread 0x000001ab15df1c60 Unloading class 0x000001ab2e1aa800 'java/lang/invoke/LambdaForm$BMH+0x000001ab2e1aa800'
Event: 8.610 Thread 0x000001ab15df1c60 Unloading class 0x000001ab2e1aa400 'java/lang/invoke/LambdaForm$DMH+0x000001ab2e1aa400'
Event: 8.610 Thread 0x000001ab15df1c60 Unloading class 0x000001ab2e1a9000 'java/lang/invoke/LambdaForm$DMH+0x000001ab2e1a9000'

Classes redefined (0 events):
No events

Internal exceptions (20 events):
Event: 14.885 Thread 0x000001ab75f4a7d0 Exception <a 'java/io/FileNotFoundException'{0x00000000d5650a28}> (0x00000000d5650a28) 
thrown [s\src\hotspot\share\prims\jni.cpp, line 520]
Event: 14.885 Thread 0x000001ab75f4a7d0 Exception <a 'java/io/FileNotFoundException'{0x00000000d565dc28}> (0x00000000d565dc28) 
thrown [s\src\hotspot\share\prims\jni.cpp, line 520]
Event: 15.112 Thread 0x000001ab758e3340 Exception <a 'java/lang/NoClassDefFoundError'{0x00000000d606ad60}: com/google/inject/servlet/ServletModuleTargetVisitor> (0x00000000d606ad60) 
thrown [s\src\hotspot\share\classfile\systemDictionary.cpp, line 302]
Event: 15.758 Thread 0x000001ab7663def0 Exception <a 'java/lang/IncompatibleClassChangeError'{0x00000000d5d41280}: Found class java.lang.Object, but interface was expected> (0x00000000d5d41280) 
thrown [s\src\hotspot\share\interpreter\linkResolver.cpp, line 840]
Event: 16.075 Thread 0x000001ab758e4d80 Exception <a 'java/lang/NoSuchMethodError'{0x00000000d5899ff8}: 'void java.lang.invoke.DirectMethodHandle$Holder.invokeStatic(java.lang.Object, java.lang.Object, java.lang.Object, int)'> (0x00000000d5899ff8) 
thrown [s\src\hotspot\share\interpreter\linkResolver.cpp, line 773]
Event: 16.099 Thread 0x000001ab758e4d80 Exception <a 'java/lang/NoSuchMethodError'{0x00000000d58f0f18}: 'void java.lang.invoke.DirectMethodHandle$Holder.invokeVirtual(java.lang.Object, java.lang.Object, int)'> (0x00000000d58f0f18) 
thrown [s\src\hotspot\share\interpreter\linkResolver.cpp, line 773]
Event: 17.498 Thread 0x000001ab758e4d80 Exception <a 'java/lang/NoSuchMethodError'{0x00000000d5f49460}: 'void java.lang.invoke.DirectMethodHandle$Holder.invokeInterface(java.lang.Object, java.lang.Object)'> (0x00000000d5f49460) 
thrown [s\src\hotspot\share\interpreter\linkResolver.cpp, line 773]
Event: 17.529 Thread 0x000001ab77358f90 Exception <a 'java/lang/NoSuchMethodError'{0x00000000d6028b98}: 'void java.lang.invoke.DirectMethodHandle$Holder.invokeSpecial(java.lang.Object, java.lang.Object, java.lang.Object, java.lang.Object, java.lang.Object, java.lang.Object, java.lang.Object, java.lang.Object)'> (0x00000000d6028b98) 
thrown [s\src\hotspot\share\interpreter\linkResolver.cpp, line 773]
Event: 17.535 Thread 0x000001ab77356830 Implicit null exception at 0x000001ab20f34fa0 to 0x000001ab20f351a0
Event: 17.606 Thread 0x000001ab77355b10 Implicit null exception at 0x000001ab20f33624 to 0x000001ab20f33cb8
Event: 17.606 Thread 0x000001ab77358f90 Implicit null exception at 0x000001ab20f33624 to 0x000001ab20f33cb8
Event: 18.135 Thread 0x000001ab758e4d80 Exception <a 'java/lang/NoSuchMethodError'{0x00000000d59dd528}: 'java.lang.Object java.lang.invoke.DirectMethodHandle$Holder.newInvokeSpecial(java.lang.Object, java.lang.Object, int, java.lang.Object, java.lang.Object)'> (0x00000000d59dd528) 
thrown [s\src\hotspot\share\interpreter\linkResolver.cpp, line 773]
Event: 18.238 Thread 0x000001ab758e4d80 Exception <a 'java/lang/NoSuchMethodError'{0x00000000d5cb28a0}: 'java.lang.Object java.lang.invoke.DirectMethodHandle$Holder.invokeStatic(java.lang.Object, java.lang.Object, int, java.lang.Object, java.lang.Object)'> (0x00000000d5cb28a0) 
thrown [s\src\hotspot\share\interpreter\linkResolver.cpp, line 773]
Event: 18.239 Thread 0x000001ab758e4d80 Exception <a 'java/lang/NoSuchMethodError'{0x00000000d5cb8fa8}: 'java.lang.Object java.lang.invoke.DirectMethodHandle$Holder.newInvokeSpecial(java.lang.Object, java.lang.Object, int)'> (0x00000000d5cb8fa8) 
thrown [s\src\hotspot\share\interpreter\linkResolver.cpp, line 773]
Event: 18.272 Thread 0x000001ab758e4d80 Exception <a 'java/lang/NoSuchMethodError'{0x00000000d5d3b680}: 'void java.lang.invoke.DirectMethodHandle$Holder.invokeStatic(java.lang.Object, int)'> (0x00000000d5d3b680) 
thrown [s\src\hotspot\share\interpreter\linkResolver.cpp, line 773]
Event: 18.455 Thread 0x000001ab758e4d80 Exception <a 'java/io/FileNotFoundException'{0x00000000d564bb60}> (0x00000000d564bb60) 
thrown [s\src\hotspot\share\prims\jni.cpp, line 520]
Event: 18.456 Thread 0x000001ab758e4d80 Exception <a 'java/io/FileNotFoundException'{0x00000000d564ce48}> (0x00000000d564ce48) 
thrown [s\src\hotspot\share\prims\jni.cpp, line 520]
Event: 18.456 Thread 0x000001ab758e4d80 Exception <a 'java/io/FileNotFoundException'{0x00000000d564de88}> (0x00000000d564de88) 
thrown [s\src\hotspot\share\prims\jni.cpp, line 520]
Event: 18.473 Thread 0x000001ab758e4d80 Exception <a 'java/lang/NoSuchMethodError'{0x00000000d56a8070}: 'int java.lang.invoke.DirectMethodHandle$Holder.invokeSpecialIFC(java.lang.Object, java.lang.Object, java.lang.Object, java.lang.Object)'> (0x00000000d56a8070) 
thrown [s\src\hotspot\share\interpreter\linkResolver.cpp, line 773]
Event: 18.630 Thread 0x000001ab758e4d80 Implicit null exception at 0x000001ab20fa58b7 to 0x000001ab20fa6970

ZGC Phase Switch (0 events):
No events

VM Operations (20 events):
Event: 16.585 Executing safepoint VM operation: ParallelGCFailedAllocation (Allocation Failure) done
Event: 17.036 Executing safepoint VM operation: ParallelGCFailedAllocation (Allocation Failure)
Event: 17.039 Executing safepoint VM operation: ParallelGCFailedAllocation (Allocation Failure) done
Event: 17.343 Executing safepoint VM operation: ParallelGCFailedAllocation (Allocation Failure)
Event: 17.347 Executing safepoint VM operation: ParallelGCFailedAllocation (Allocation Failure) done
Event: 17.546 Executing non-safepoint VM operation: HandshakeAllThreads (Deoptimize)
Event: 17.546 Executing non-safepoint VM operation: HandshakeAllThreads (Deoptimize) done
Event: 17.591 Executing safepoint VM operation: ParallelGCFailedAllocation (Allocation Failure)
Event: 17.595 Executing safepoint VM operation: ParallelGCFailedAllocation (Allocation Failure) done
Event: 17.728 Executing safepoint VM operation: ParallelGCFailedAllocation (Allocation Failure)
Event: 17.732 Executing safepoint VM operation: ParallelGCFailedAllocation (Allocation Failure) done
Event: 17.847 Executing safepoint VM operation: ParallelGCFailedAllocation (Allocation Failure)
Event: 17.851 Executing safepoint VM operation: ParallelGCFailedAllocation (Allocation Failure) done
Event: 17.978 Executing safepoint VM operation: ParallelGCFailedAllocation (Allocation Failure)
Event: 17.982 Executing safepoint VM operation: ParallelGCFailedAllocation (Allocation Failure) done
Event: 18.223 Executing safepoint VM operation: ICBufferFull
Event: 18.223 Executing safepoint VM operation: ICBufferFull done
Event: 18.436 Executing safepoint VM operation: ParallelGCFailedAllocation (Allocation Failure)
Event: 18.440 Executing safepoint VM operation: ParallelGCFailedAllocation (Allocation Failure) done
Event: 18.800 Executing safepoint VM operation: ParallelGCFailedAllocation (Allocation Failure)

Memory protections (0 events):
No events

Nmethod flushes (20 events):
Event: 10.981 Thread 0x000001ab15df1c60 flushing  nmethod 0x000001ab1980c490
Event: 10.981 Thread 0x000001ab15df1c60 flushing  nmethod 0x000001ab1980c890
Event: 10.981 Thread 0x000001ab15df1c60 flushing  nmethod 0x000001ab1980d190
Event: 10.981 Thread 0x000001ab15df1c60 flushing  nmethod 0x000001ab1980e390
Event: 10.981 Thread 0x000001ab15df1c60 flushing  nmethod 0x000001ab1980eb90
Event: 10.981 Thread 0x000001ab15df1c60 flushing  nmethod 0x000001ab19810890
Event: 10.981 Thread 0x000001ab15df1c60 flushing  nmethod 0x000001ab19810d90
Event: 10.981 Thread 0x000001ab15df1c60 flushing  nmethod 0x000001ab19811290
Event: 10.981 Thread 0x000001ab15df1c60 flushing  nmethod 0x000001ab19811690
Event: 10.981 Thread 0x000001ab15df1c60 flushing  nmethod 0x000001ab19811f10
Event: 10.981 Thread 0x000001ab15df1c60 flushing  nmethod 0x000001ab19812a90
Event: 10.981 Thread 0x000001ab15df1c60 flushing  nmethod 0x000001ab19814510
Event: 10.981 Thread 0x000001ab15df1c60 flushing  nmethod 0x000001ab19815f90
Event: 10.981 Thread 0x000001ab15df1c60 flushing  nmethod 0x000001ab19859390
Event: 10.981 Thread 0x000001ab15df1c60 flushing  nmethod 0x000001ab19859e90
Event: 10.981 Thread 0x000001ab15df1c60 flushing  nmethod 0x000001ab19860a90
Event: 10.981 Thread 0x000001ab15df1c60 flushing  nmethod 0x000001ab19880610
Event: 10.981 Thread 0x000001ab15df1c60 flushing  nmethod 0x000001ab19881690
Event: 10.981 Thread 0x000001ab15df1c60 flushing  nmethod 0x000001ab198d9290
Event: 10.981 Thread 0x000001ab15df1c60 flushing  nmethod 0x000001ab19900190

Events (20 events):
Event: 17.522 Thread 0x000001ab758e4d80 Thread added: 0x000001ab77358f90
Event: 17.523 Thread 0x000001ab758e4d80 Thread added: 0x000001ab77356ec0
Event: 17.524 Thread 0x000001ab758e4d80 Thread added: 0x000001ab77355b10
Event: 17.524 Thread 0x000001ab758e4d80 Thread added: 0x000001ab77356830
Event: 17.524 Thread 0x000001ab758e4d80 Thread added: 0x000001ab77359620
Event: 17.986 Thread 0x000001ab77359620 Thread exited: 0x000001ab77359620
Event: 17.986 Thread 0x000001ab77356830 Thread exited: 0x000001ab77356830
Event: 17.987 Thread 0x000001ab77358f90 Thread exited: 0x000001ab77358f90
Event: 17.988 Thread 0x000001ab77355b10 Thread exited: 0x000001ab77355b10
Event: 17.989 Thread 0x000001ab77356ec0 Thread exited: 0x000001ab77356ec0
Event: 18.541 Thread 0x000001ab758e4d80 Thread added: 0x000001ab77357be0
Event: 18.541 Thread 0x000001ab758e4d80 Thread added: 0x000001ab77355b10
Event: 18.563 Thread 0x000001ab758e4d80 Thread added: 0x000001ab77359cb0
Event: 18.564 Thread 0x000001ab758e4d80 Thread added: 0x000001ab77359620
Event: 18.564 Thread 0x000001ab758e4d80 Thread added: 0x000001ab77356830
Event: 18.601 Thread 0x000001ab77359620 Thread exited: 0x000001ab77359620
Event: 18.601 Thread 0x000001ab77359cb0 Thread exited: 0x000001ab77359cb0
Event: 18.601 Thread 0x000001ab77355b10 Thread exited: 0x000001ab77355b10
Event: 18.602 Thread 0x000001ab77357be0 Thread exited: 0x000001ab77357be0
Event: 18.602 Thread 0x000001ab77356830 Thread exited: 0x000001ab77356830


Dynamic libraries:
0x00007ff669350000 - 0x00007ff66935e000 	c:\Users\Usuario\.vscode\extensions\redhat.java-1.55.0-win32-x64\jre\21.0.11-win32-x86_64\bin\java.exe
0x00007ffb1e780000 - 0x00007ffb1e9e8000 	C:\WINDOWS\SYSTEM32\ntdll.dll
0x00007ffb1ce90000 - 0x00007ffb1cf59000 	C:\WINDOWS\System32\KERNEL32.DLL
0x00007ffb1bb70000 - 0x00007ffb1bf62000 	C:\WINDOWS\System32\KERNELBASE.dll
0x00007ffb1c0d0000 - 0x00007ffb1c21b000 	C:\WINDOWS\System32\ucrtbase.dll
0x00007ffab3d80000 - 0x00007ffab3d98000 	c:\Users\Usuario\.vscode\extensions\redhat.java-1.55.0-win32-x64\jre\21.0.11-win32-x86_64\bin\jli.dll
0x00007ffa98710000 - 0x00007ffa9872e000 	c:\Users\Usuario\.vscode\extensions\redhat.java-1.55.0-win32-x64\jre\21.0.11-win32-x86_64\bin\VCRUNTIME140.dll
0x00007ffb1d880000 - 0x00007ffb1da45000 	C:\WINDOWS\System32\USER32.dll
0x00007ffb05830000 - 0x00007ffb05ac3000 	C:\WINDOWS\WinSxS\amd64_microsoft.windows.common-controls_6595b64144ccf1df_6.0.26100.6899_none_3e0efeeae32e88c1\COMCTL32.dll
0x00007ffb1bb40000 - 0x00007ffb1bb67000 	C:\WINDOWS\System32\win32u.dll
0x00007ffb1e250000 - 0x00007ffb1e2f9000 	C:\WINDOWS\System32\msvcrt.dll
0x00007ffb1c5b0000 - 0x00007ffb1c5db000 	C:\WINDOWS\System32\GDI32.dll
0x00007ffb1c220000 - 0x00007ffb1c34d000 	C:\WINDOWS\System32\gdi32full.dll
0x00007ffb1ba90000 - 0x00007ffb1bb33000 	C:\WINDOWS\System32\msvcp_win.dll
0x00007ffb1cd30000 - 0x00007ffb1cd5f000 	C:\WINDOWS\System32\IMM32.DLL
0x00007ffb026b0000 - 0x00007ffb026bc000 	c:\Users\Usuario\.vscode\extensions\redhat.java-1.55.0-win32-x64\jre\21.0.11-win32-x86_64\bin\vcruntime140_1.dll
0x00007ffa56260000 - 0x00007ffa562ed000 	c:\Users\Usuario\.vscode\extensions\redhat.java-1.55.0-win32-x64\jre\21.0.11-win32-x86_64\bin\msvcp140.dll
0x00007ffa554b0000 - 0x00007ffa56252000 	c:\Users\Usuario\.vscode\extensions\redhat.java-1.55.0-win32-x64\jre\21.0.11-win32-x86_64\bin\server\jvm.dll
0x00007ffb1cf70000 - 0x00007ffb1d024000 	C:\WINDOWS\System32\ADVAPI32.dll
0x00007ffb1d6b0000 - 0x00007ffb1d756000 	C:\WINDOWS\System32\sechost.dll
0x00007ffb1cd70000 - 0x00007ffb1ce88000 	C:\WINDOWS\System32\RPCRT4.dll
0x00007ffb1d7a0000 - 0x00007ffb1d814000 	C:\WINDOWS\System32\WS2_32.dll
0x00007ffb1b770000 - 0x00007ffb1b7ce000 	C:\WINDOWS\SYSTEM32\POWRPROF.dll
0x00007ffb14ee0000 - 0x00007ffb14f15000 	C:\WINDOWS\SYSTEM32\WINMM.dll
0x00007ffb14f80000 - 0x00007ffb14f8b000 	C:\WINDOWS\SYSTEM32\VERSION.dll
0x00007ffb1b750000 - 0x00007ffb1b764000 	C:\WINDOWS\SYSTEM32\UMPDC.dll
0x00007ffb1a6e0000 - 0x00007ffb1a6fb000 	C:\WINDOWS\SYSTEM32\kernel.appcore.dll
0x00007ffaf9720000 - 0x00007ffaf972a000 	c:\Users\Usuario\.vscode\extensions\redhat.java-1.55.0-win32-x64\jre\21.0.11-win32-x86_64\bin\jimage.dll
0x00007ffb19130000 - 0x00007ffb19372000 	C:\WINDOWS\SYSTEM32\DBGHELP.DLL
0x00007ffb1e300000 - 0x00007ffb1e67b000 	C:\WINDOWS\System32\combase.dll
0x00007ffb1d5d0000 - 0x00007ffb1d6a7000 	C:\WINDOWS\System32\OLEAUT32.dll
0x00007ffafa9b0000 - 0x00007ffafa9ec000 	C:\WINDOWS\SYSTEM32\dbgcore.DLL
0x00007ffb1c030000 - 0x00007ffb1c0c8000 	C:\WINDOWS\System32\bcryptPrimitives.dll
0x00007ffaf8800000 - 0x00007ffaf880f000 	c:\Users\Usuario\.vscode\extensions\redhat.java-1.55.0-win32-x64\jre\21.0.11-win32-x86_64\bin\instrument.dll
0x00007ffa982e0000 - 0x00007ffa98300000 	c:\Users\Usuario\.vscode\extensions\redhat.java-1.55.0-win32-x64\jre\21.0.11-win32-x86_64\bin\java.dll
0x00007ffb1c5e0000 - 0x00007ffb1cd2d000 	C:\WINDOWS\System32\SHELL32.dll
0x00007ffb1c3e0000 - 0x00007ffb1c54b000 	C:\WINDOWS\System32\wintypes.dll
0x00007ffb19560000 - 0x00007ffb19dbd000 	C:\WINDOWS\SYSTEM32\windows.storage.dll
0x00007ffb1e0e0000 - 0x00007ffb1e1d2000 	C:\WINDOWS\System32\SHCORE.dll
0x00007ffb1e1e0000 - 0x00007ffb1e242000 	C:\WINDOWS\System32\shlwapi.dll
0x00007ffb1b830000 - 0x00007ffb1b859000 	C:\WINDOWS\SYSTEM32\profapi.dll
0x00007ffae77a0000 - 0x00007ffae77b8000 	c:\Users\Usuario\.vscode\extensions\redhat.java-1.55.0-win32-x64\jre\21.0.11-win32-x86_64\bin\zip.dll
0x00007ffaf61c0000 - 0x00007ffaf61d0000 	C:\Users\Usuario\.vscode\extensions\redhat.java-1.55.0-win32-x64\jre\21.0.11-win32-x86_64\bin\net.dll
0x00007ffb11f50000 - 0x00007ffb1206f000 	C:\WINDOWS\SYSTEM32\WINHTTP.dll
0x00007ffb1ac50000 - 0x00007ffb1acbb000 	C:\WINDOWS\system32\mswsock.dll
0x00007ffa9b710000 - 0x00007ffa9b726000 	C:\Users\Usuario\.vscode\extensions\redhat.java-1.55.0-win32-x64\jre\21.0.11-win32-x86_64\bin\nio.dll
0x00007ffaeff80000 - 0x00007ffaeff90000 	c:\Users\Usuario\.vscode\extensions\redhat.java-1.55.0-win32-x64\jre\21.0.11-win32-x86_64\bin\verify.dll
0x00007ffa5ffd0000 - 0x00007ffa60015000 	C:\Users\Usuario\AppData\Roaming\Code\User\globalStorage\redhat.java\1.55.0\config_win\org.eclipse.equinox.launcher\org.eclipse.equinox.launcher.win32.win32.x86_64_1.3.100.v20260613-0559\eclipse_11924.dll
0x00007ffb1d310000 - 0x00007ffb1d4a8000 	C:\WINDOWS\System32\ole32.dll
0x00007ffb1af10000 - 0x00007ffb1af2b000 	C:\WINDOWS\SYSTEM32\CRYPTSP.dll
0x00007ffb1a640000 - 0x00007ffb1a67b000 	C:\WINDOWS\system32\rsaenh.dll
0x00007ffb1acf0000 - 0x00007ffb1ad1b000 	C:\WINDOWS\SYSTEM32\USERENV.dll
0x00007ffb1b800000 - 0x00007ffb1b826000 	C:\WINDOWS\SYSTEM32\bcrypt.dll
0x00007ffb1af00000 - 0x00007ffb1af0c000 	C:\WINDOWS\SYSTEM32\CRYPTBASE.dll
0x00007ffb1a0e0000 - 0x00007ffb1a114000 	C:\WINDOWS\SYSTEM32\IPHLPAPI.DLL
0x00007ffb1cf60000 - 0x00007ffb1cf6a000 	C:\WINDOWS\System32\NSI.dll
0x00007ffae03d0000 - 0x00007ffae0419000 	C:\Users\Usuario\AppData\Local\Temp\jna-1531808526\jna5578845116772690301.dll
0x00007ffb1c5a0000 - 0x00007ffb1c5a8000 	C:\WINDOWS\System32\PSAPI.DLL
0x00007ffb154e0000 - 0x00007ffb154fe000 	C:\WINDOWS\SYSTEM32\dhcpcsvc6.DLL
0x00007ffb15400000 - 0x00007ffb15423000 	C:\WINDOWS\SYSTEM32\dhcpcsvc.DLL
0x00007ffaefd30000 - 0x00007ffaefd3e000 	C:\Users\Usuario\.vscode\extensions\redhat.java-1.55.0-win32-x64\jre\21.0.11-win32-x86_64\bin\sunmscapi.dll
0x00007ffb1b910000 - 0x00007ffb1ba87000 	C:\WINDOWS\System32\CRYPT32.dll
0x00007ffb1b120000 - 0x00007ffb1b150000 	C:\WINDOWS\SYSTEM32\ncrypt.dll
0x00007ffb1b0d0000 - 0x00007ffb1b10f000 	C:\WINDOWS\SYSTEM32\NTASN1.dll
0x00007ffb1a170000 - 0x00007ffb1a296000 	C:\WINDOWS\SYSTEM32\DNSAPI.dll
0x00007ffb11be0000 - 0x00007ffb11beb000 	C:\Windows\System32\rasadhlp.dll
0x00007ffb15960000 - 0x00007ffb159e6000 	C:\WINDOWS\System32\fwpuclnt.dll
0x00007ffae8370000 - 0x00007ffae8379000 	C:\Users\Usuario\.vscode\extensions\redhat.java-1.55.0-win32-x64\jre\21.0.11-win32-x86_64\bin\extnet.dll

JVMTI agents:
c:\Users\Usuario\.vscode\extensions\redhat.java-1.55.0-win32-x64\lombok\lombok-1.18.39-4050.jar path:c:\Users\Usuario\.vscode\extensions\redhat.java-1.55.0-win32-x64\jre\21.0.11-win32-x86_64\bin\instrument.dll, loaded, initialized, instrumentlib options:none

dbghelp: loaded successfully - version: 4.0.5 - missing functions: none
symbol engine: initialized successfully - sym options: 0x614 - pdb path: .;c:\Users\Usuario\.vscode\extensions\redhat.java-1.55.0-win32-x64\jre\21.0.11-win32-x86_64\bin;C:\WINDOWS\SYSTEM32;C:\WINDOWS\WinSxS\amd64_microsoft.windows.common-controls_6595b64144ccf1df_6.0.26100.6899_none_3e0efeeae32e88c1;c:\Users\Usuario\.vscode\extensions\redhat.java-1.55.0-win32-x64\jre\21.0.11-win32-x86_64\bin\server;C:\Users\Usuario\AppData\Roaming\Code\User\globalStorage\redhat.java\1.55.0\config_win\org.eclipse.equinox.launcher\org.eclipse.equinox.launcher.win32.win32.x86_64_1.3.100.v20260613-0559;C:\Users\Usuario\AppData\Local\Temp\jna-1531808526

VM Arguments:
jvm_args: --add-modules=ALL-SYSTEM --add-opens=java.base/java.util=ALL-UNNAMED --add-opens=java.base/java.lang=ALL-UNNAMED --add-opens=java.base/sun.nio.fs=ALL-UNNAMED -Declipse.application=org.eclipse.jdt.ls.core.id1 -Dosgi.bundles.defaultStartLevel=4 -Declipse.product=org.eclipse.jdt.ls.core.product -Djava.import.generatesMetadataFilesAtProjectRoot=false -DDetectVMInstallationsJob.disabled=true -Dfile.encoding=utf8 -XX:+UseParallelGC -XX:GCTimeRatio=4 -XX:AdaptiveSizePolicyWeight=90 -Dsun.zip.disableMemoryMapping=true -Xmx2G -Xms100m -Xlog:disable -javaagent:c:\Users\Usuario\.vscode\extensions\redhat.java-1.55.0-win32-x64\lombok\lombok-1.18.39-4050.jar -XX:+HeapDumpOnOutOfMemoryError -XX:HeapDumpPath=c:\Users\Usuario\AppData\Roaming\Code\User\workspaceStorage\ff323b52508a9ab547f9466bd36f4b43\redhat.java -Daether.dependencyCollector.impl=bf 
java_command: c:\Users\Usuario\.vscode\extensions\redhat.java-1.55.0-win32-x64\server\plugins\org.eclipse.equinox.launcher_1.7.200.v20260619-2039.jar -configuration c:\Users\Usuario\AppData\Roaming\Code\User\globalStorage\redhat.java\1.55.0\config_win -data c:\Users\Usuario\AppData\Roaming\Code\User\workspaceStorage\ff323b52508a9ab547f9466bd36f4b43\redhat.java\jdt_ws --pipe=\\.\pipe\lsp-754ea14f233388b9ce6cf2f96f135164-sock
java_class_path (initial): c:\Users\Usuario\.vscode\extensions\redhat.java-1.55.0-win32-x64\server\plugins\org.eclipse.equinox.launcher_1.7.200.v20260619-2039.jar
Launcher Type: SUN_STANDARD

[Global flags]
    uintx AdaptiveSizePolicyWeight                 = 90                                        {product} {command line}
     intx CICompilerCount                          = 12                                        {product} {ergonomic}
    uintx GCTimeRatio                              = 4                                         {product} {command line}
     bool HeapDumpOnOutOfMemoryError               = true                                   {manageable} {command line}
    ccstr HeapDumpPath                             = c:\Users\Usuario\AppData\Roaming\Code\User\workspaceStorage\ff323b52508a9ab547f9466bd36f4b43\redhat.java         {manageable} {command line}
   size_t InitialHeapSize                          = 104857600                                 {product} {command line}
   size_t MaxHeapSize                              = 2147483648                                {product} {command line}
   size_t MaxNewSize                               = 715653120                                 {product} {ergonomic}
   size_t MinHeapDeltaBytes                        = 524288                                    {product} {ergonomic}
   size_t MinHeapSize                              = 104857600                                 {product} {command line}
   size_t NewSize                                  = 34603008                                  {product} {ergonomic}
    uintx NonNMethodCodeHeapSize                   = 7602480                                {pd product} {ergonomic}
    uintx NonProfiledCodeHeapSize                  = 122027880                              {pd product} {ergonomic}
   size_t OldSize                                  = 70254592                                  {product} {ergonomic}
    uintx ProfiledCodeHeapSize                     = 122027880                              {pd product} {ergonomic}
    uintx ReservedCodeCacheSize                    = 251658240                              {pd product} {ergonomic}
     bool SegmentedCodeCache                       = true                                      {product} {ergonomic}
   size_t SoftMaxHeapSize                          = 2147483648                             {manageable} {ergonomic}
     bool UseCompressedOops                        = true                           {product lp64_product} {ergonomic}
     bool UseLargePagesIndividualAllocation        = false                                  {pd product} {ergonomic}
     bool UseParallelGC                            = true                                      {product} {command line}

Logging:
Log output configuration:
 #0: stdout all=off uptime,level,tags foldmultilines=false
 #1: stderr all=off uptime,level,tags foldmultilines=false

Release file:
JAVA_VERSION="21.0.11" 
MODULES="java.base java.compiler java.datatransfer java.xml java.prefs java.desktop java.instrument java.logging java.management java.security.sasl java.naming java.rmi java.management.rmi java.net.http java.scripting java.security.jgss java.transaction.xa java.sql java.sql.rowset java.xml.crypto java.se java.smartcardio jdk.accessibility jdk.internal.jvmstat jdk.attach jdk.charsets jdk.internal.opt jdk.zipfs jdk.compiler jdk.crypto.ec jdk.crypto.cryptoki jdk.crypto.mscapi jdk.dynalink jdk.internal.ed jdk.editpad jdk.hotspot.agent jdk.httpserver jdk.internal.le jdk.internal.vm.ci jdk.internal.vm.compiler jdk.internal.vm.compiler.management jdk.jartool jdk.javadoc jdk.jcmd jdk.management jdk.management.agent jdk.jconsole jdk.jdeps jdk.jdwp.agent jdk.jdi jdk.jfr jdk.jshell jdk.jsobject jdk.jstatd jdk.localedata jdk.management.jfr jdk.naming.dns jdk.naming.rmi jdk.net jdk.nio.mapmode jdk.random jdk.sctp jdk.security.auth jdk.security.jgss jdk.unsupported jdk.unsupported.desktop jdk.xml.dom" 

Environment Variables:
PATH=C:\Program Files\Common Files\Oracle\Java\javapath;C:\Program Files (x86)\Common Files\Oracle\Java\java8path;C:\Program Files (x86)\Common Files\Oracle\Java\javapath;C:\Program Files\Eclipse Adoptium\jdk-21.0.7.6-hotspot\bin;C:\WINDOWS\system32;C:\WINDOWS;C:\WINDOWS\System32\Wbem;C:\WINDOWS\System32\WindowsPowerShell\v1.0\;C:\WINDOWS\System32\OpenSSH\;C:\Program Files\dotnet\;C:\Program Files (x86)\Microsoft SQL Server\160\Tools\Binn\;C:\Program Files\Microsoft SQL Server\160\Tools\Binn\;C:\Program Files\Microsoft SQL Server\Client SDK\ODBC\170\Tools\Binn\;C:\Program Files\Microsoft SQL Server\160\DTS\Binn\;C:\Program Files (x86)\Microsoft SQL Server\160\DTS\Binn\;%JAVA_HOME%\bin;C:\Program Files\Git\cmd;C:\Program Files (x86)\Maven\apache-maven-3.9.11\bin;C:\Program Files\Java\jdk-17\bin;C:\Program Files\nodejs\;C:\Users\Usuario\AppData\Local\Programs\Python\Python313\Scripts\;C:\Users\Usuario\AppData\Local\Programs\Python\Python313\;C:\Users\Usuario\AppData\Local\Microsoft\WindowsApps;C:\Users\Usuario\AppData\Local\Programs\Microsoft VS Code\bin;C:\Users\Usuario\AppData\Roaming\npm
USERNAME=Usuario
OS=Windows_NT
PROCESSOR_IDENTIFIER=AMD64 Family 23 Model 104 Stepping 1, AuthenticAMD
TMP=C:\Users\Usuario\AppData\Local\Temp
TEMP=C:\Users\Usuario\AppData\Local\Temp




Periodic native trim disabled

---------------  S Y S T E M  ---------------

OS:
 Windows 11 , 64 bit Build 26100 (10.0.26100.6725)
OS uptime: 0 days 7:47 hours
Hyper-V role detected

CPU: total 16 (initial active 16) (16 cores per cpu, 2 threads per core) family 23 model 104 stepping 1 microcode 0x8608109, cx8, cmov, fxsr, ht, mmx, 3dnowpref, sse, sse2, sse3, ssse3, sse4a, sse4.1, sse4.2, popcnt, lzcnt, tsc, tscinvbit, avx, avx2, aes, clmul, bmi1, bmi2, adx, sha, fma, vzeroupper, clflush, clflushopt, hv, rdtscp, rdpid, f16c
Processor Information for the first 16 processors :
  Max Mhz: 1801, Current Mhz: 1801, Mhz Limit: 1801

Memory: 4k page, system-wide physical 7501M (775M free)
TotalPageFile size 30029M (AvailPageFile size 56M)
current process WorkingSet (physical memory assigned to process): 297M, peak: 297M
current process commit charge ("private bytes"): 387M, peak: 387M

vm_info: OpenJDK 64-Bit Server VM (21.0.11+10-LTS) for windows-amd64 JRE (21.0.11+10-LTS), built on 2026-04-21T00:00:00Z by "admin" with MS VC++ 17.12 (VS2022)

END.
