#
# There is insufficient memory for the Java Runtime Environment to continue.
# Native memory allocation (malloc) failed to allocate 280096 bytes. Error detail: Chunk::new
# Possible reasons:
#   The system is out of physical RAM or swap space
#   This process is running with CompressedOops enabled, and the Java Heap may be blocking the growth of the native heap
# Possible solutions:
#   Reduce memory load on the system
#   Increase physical memory or swap space
#   Check if swap backing store is full
#   Decrease Java heap size (-Xmx/-Xms)
#   Decrease number of Java threads
#   Decrease Java thread stack sizes (-Xss)
#   Set larger code cache with -XX:ReservedCodeCacheSize=
#   JVM is running with Unscaled Compressed Oops mode in which the Java heap is
#     placed in the first 4GB address space. The Java Heap base address is the
#     maximum limit for the native heap growth. Please use -XX:HeapBaseMinAddress
#     to set the Java Heap base and to place the Java Heap above 4GB virtual address.
# This output file may be truncated or incomplete.
#
#  Out of Memory Error (arena.cpp:168), pid=17380, tid=26744
#
# JRE version: OpenJDK Runtime Environment Temurin-21.0.11+10 (21.0.11+10) (build 21.0.11+10-LTS)
# Java VM: OpenJDK 64-Bit Server VM Temurin-21.0.11+10 (21.0.11+10-LTS, mixed mode, sharing, tiered, compressed oops, compressed class ptrs, parallel gc, windows-amd64)
# No core dump will be written. Minidumps are not enabled by default on client versions of Windows
#

---------------  S U M M A R Y ------------

Command Line: --add-modules=ALL-SYSTEM --add-opens=java.base/java.util=ALL-UNNAMED --add-opens=java.base/java.lang=ALL-UNNAMED --add-opens=java.base/sun.nio.fs=ALL-UNNAMED -Declipse.application=org.eclipse.jdt.ls.core.id1 -Dosgi.bundles.defaultStartLevel=4 -Declipse.product=org.eclipse.jdt.ls.core.product -Djava.import.generatesMetadataFilesAtProjectRoot=false -DDetectVMInstallationsJob.disabled=true -Dfile.encoding=utf8 -XX:+UseParallelGC -XX:GCTimeRatio=4 -XX:AdaptiveSizePolicyWeight=90 -Dsun.zip.disableMemoryMapping=true -Xmx2G -Xms100m -Xlog:disable -javaagent:c:\Users\Usuario\.vscode\extensions\redhat.java-1.55.0-win32-x64\lombok\lombok-1.18.39-4050.jar -XX:+HeapDumpOnOutOfMemoryError -XX:HeapDumpPath=c:\Users\Usuario\AppData\Roaming\Code\User\workspaceStorage\ff323b52508a9ab547f9466bd36f4b43\redhat.java -Daether.dependencyCollector.impl=bf c:\Users\Usuario\.vscode\extensions\redhat.java-1.55.0-win32-x64\server\plugins\org.eclipse.equinox.launcher_1.7.200.v20260619-2039.jar -configuration c:\Users\Usuario\AppData\Roaming\Code\User\globalStorage\redhat.java\1.55.0\config_win -data c:\Users\Usuario\AppData\Roaming\Code\User\workspaceStorage\ff323b52508a9ab547f9466bd36f4b43\redhat.java\jdt_ws --pipe=\\.\pipe\lsp-33edb286f06be8090e5d516546817ae4-sock

Host: AMD Ryzen 7 5700U with Radeon Graphics         , 16 cores, 7G,  Windows 11 , 64 bit Build 26100 (10.0.26100.6725)
Time: Tue Aug 18 22:49:28 2026 Hora estándar de Argentina elapsed time: 16.226073 seconds (0d 0h 0m 16s)

---------------  T H R E A D  ---------------

Current thread (0x000001c722456690):  JavaThread "C2 CompilerThread0" daemon [_thread_in_native, id=26744, stack(0x000000a405000000,0x000000a405100000) (1024K)]


Current CompileTask:
C2:16226 3476       4       lombok.patcher.PatchScript::classMatches (41 bytes)

Stack: [0x000000a405000000,0x000000a405100000]
Native frames: (J=compiled Java code, j=interpreted, Vv=VM code, C=native code)
V  [jvm.dll+0x6d7e19]
V  [jvm.dll+0x8b5096]
V  [jvm.dll+0x8b764e]
V  [jvm.dll+0x8b7d33]
V  [jvm.dll+0x284596]
V  [jvm.dll+0xc685d]
V  [jvm.dll+0xc6da1]
V  [jvm.dll+0x2fb4ee]
V  [jvm.dll+0x5fe9a4]
V  [jvm.dll+0x255d67]
V  [jvm.dll+0x24e3bf]
V  [jvm.dll+0x24bbe6]
V  [jvm.dll+0x1cb4ae]
V  [jvm.dll+0x25baad]
V  [jvm.dll+0x25a03a]
V  [jvm.dll+0x3f868e]
V  [jvm.dll+0x85fb0d]
V  [jvm.dll+0x6d664d]
C  [ucrtbase.dll+0x37b0]
C  [KERNEL32.DLL+0x2e8d7]
C  [ntdll.dll+0x8c53c]


---------------  P R O C E S S  ---------------

Threads class SMR info:
_java_thread_list=0x000001c77d7df720, length=18, elements={
0x000001c72239ec30, 0x000001c72234d3c0, 0x000001c72234e1e0, 0x000001c722448cc0,
0x000001c722449ba0, 0x000001c72244bb10, 0x000001c7224518a0, 0x000001c722456690,
0x000001c722459620, 0x000001c77b421770, 0x000001c77b4231b0, 0x000001c77b422b20,
0x000001c77b424560, 0x000001c77b423ed0, 0x000001c77b421e00, 0x000001c77b424bf0,
0x000001c77b422490, 0x000001c77d7401d0
}

Java Threads: ( => current thread )
  0x000001c72239ec30 JavaThread "main"                              [_thread_blocked, id=28900, stack(0x000000a404600000,0x000000a404700000) (1024K)]
  0x000001c72234d3c0 JavaThread "Reference Handler"          daemon [_thread_blocked, id=26648, stack(0x000000a404a00000,0x000000a404b00000) (1024K)]
  0x000001c72234e1e0 JavaThread "Finalizer"                  daemon [_thread_blocked, id=22296, stack(0x000000a404b00000,0x000000a404c00000) (1024K)]
  0x000001c722448cc0 JavaThread "Signal Dispatcher"          daemon [_thread_blocked, id=26868, stack(0x000000a404c00000,0x000000a404d00000) (1024K)]
  0x000001c722449ba0 JavaThread "Attach Listener"            daemon [_thread_blocked, id=21196, stack(0x000000a404d00000,0x000000a404e00000) (1024K)]
  0x000001c72244bb10 JavaThread "Service Thread"             daemon [_thread_blocked, id=22772, stack(0x000000a404e00000,0x000000a404f00000) (1024K)]
  0x000001c7224518a0 JavaThread "Monitor Deflation Thread"   daemon [_thread_blocked, id=25956, stack(0x000000a404f00000,0x000000a405000000) (1024K)]
=>0x000001c722456690 JavaThread "C2 CompilerThread0"         daemon [_thread_in_native, id=26744, stack(0x000000a405000000,0x000000a405100000) (1024K)]
  0x000001c722459620 JavaThread "C1 CompilerThread0"         daemon [_thread_blocked, id=13884, stack(0x000000a405100000,0x000000a405200000) (1024K)]
  0x000001c77b421770 JavaThread "Common-Cleaner"             daemon [_thread_blocked, id=17388, stack(0x000000a405500000,0x000000a405600000) (1024K)]
  0x000001c77b4231b0 JavaThread "Notification Thread"        daemon [_thread_blocked, id=14188, stack(0x000000a405600000,0x000000a405700000) (1024K)]
  0x000001c77b422b20 JavaThread "Active Thread: Equinox Container: 703a5572-4207-4f3a-aca6-c266251aed42"        [_thread_blocked, id=6672, stack(0x000000a406000000,0x000000a406100000) (1024K)]
  0x000001c77b424560 JavaThread "Refresh Thread: Equinox Container: 703a5572-4207-4f3a-aca6-c266251aed42" daemon [_thread_blocked, id=28748, stack(0x000000a406100000,0x000000a406200000) (1024K)]
  0x000001c77b423ed0 JavaThread "Framework Event Dispatcher: Equinox Container: 703a5572-4207-4f3a-aca6-c266251aed42" daemon [_thread_blocked, id=3520, stack(0x000000a406200000,0x000000a406300000) (1024K)]
  0x000001c77b421e00 JavaThread "Start Level: Equinox Container: 703a5572-4207-4f3a-aca6-c266251aed42" daemon [_thread_in_Java, id=23088, stack(0x000000a406300000,0x000000a406400000) (1024K)]
  0x000001c77b424bf0 JavaThread "Bundle File Closer"         daemon [_thread_blocked, id=9344, stack(0x000000a406600000,0x000000a406700000) (1024K)]
  0x000001c77b422490 JavaThread "SCR Component Actor"        daemon [_thread_blocked, id=22332, stack(0x000000a405200000,0x000000a405300000) (1024K)]
  0x000001c77d7401d0 JavaThread "Worker-JM"                         [_thread_blocked, id=456, stack(0x000000a406700000,0x000000a406800000) (1024K)]
Total: 18

Other Threads:
  0x000001c722440b40 VMThread "VM Thread"                           [id=28316, stack(0x000000a404900000,0x000000a404a00000) (1024K)]
  0x000001c72222ca00 WatcherThread "VM Periodic Task Thread"        [id=23284, stack(0x000000a404800000,0x000000a404900000) (1024K)]
  0x000001c7223be220 WorkerThread "GC Thread#0"                     [id=6104, stack(0x000000a404700000,0x000000a404800000) (1024K)]
  0x000001c77d2d5890 WorkerThread "GC Thread#1"                     [id=22940, stack(0x000000a405800000,0x000000a405900000) (1024K)]
  0x000001c77d2d6040 WorkerThread "GC Thread#2"                     [id=29660, stack(0x000000a405900000,0x000000a405a00000) (1024K)]
  0x000001c77d21e950 WorkerThread "GC Thread#3"                     [id=20388, stack(0x000000a405a00000,0x000000a405b00000) (1024K)]
  0x000001c77d250580 WorkerThread "GC Thread#4"                     [id=14800, stack(0x000000a405b00000,0x000000a405c00000) (1024K)]
  0x000001c77d0c60e0 WorkerThread "GC Thread#5"                     [id=27812, stack(0x000000a405c00000,0x000000a405d00000) (1024K)]
  0x000001c77cdf54f0 WorkerThread "GC Thread#6"                     [id=21160, stack(0x000000a405d00000,0x000000a405e00000) (1024K)]
  0x000001c77cdf58a0 WorkerThread "GC Thread#7"                     [id=2016, stack(0x000000a405e00000,0x000000a405f00000) (1024K)]
  0x000001c77cdf5c50 WorkerThread "GC Thread#8"                     [id=14196, stack(0x000000a405f00000,0x000000a406000000) (1024K)]
  0x000001c77cdf6000 WorkerThread "GC Thread#9"                     [id=22956, stack(0x000000a406400000,0x000000a406500000) (1024K)]
  0x000001c77cdf63b0 WorkerThread "GC Thread#10"                    [id=23912, stack(0x000000a406500000,0x000000a406600000) (1024K)]
  0x000001c77cdf49e0 WorkerThread "GC Thread#11"                    [id=28996, stack(0x000000a405300000,0x000000a405400000) (1024K)]
  0x000001c77dc26db0 WorkerThread "GC Thread#12"                    [id=1476, stack(0x000000a406800000,0x000000a406900000) (1024K)]
Total: 15

Threads with active compile tasks:
C2 CompilerThread0  16260 3476       4       lombok.patcher.PatchScript::classMatches (41 bytes)
Total: 1

VM state: not at safepoint (normal execution)

VM Mutex/Monitor currently owned by a thread: None

Heap address: 0x0000000080000000, size: 2048 MB, Compressed Oops mode: 32-bit

CDS archive(s) mapped at: [0x000001c739000000-0x000001c739ba0000-0x000001c739ba0000), size 12189696, SharedBaseAddress: 0x000001c739000000, ArchiveRelocationMode: 1.
Compressed class space mapped at: 0x000001c73a000000-0x000001c77a000000, reserved size: 1073741824
Narrow klass base: 0x000001c739000000, Narrow klass shift: 0, Narrow klass range: 0x100000000

GC Precious Log:
 CardTable entry size: 512
 CPUs: 16 total, 16 available
 Memory: 7501M
 Large Page Support: Disabled
 NUMA Support: Disabled
 Compressed Oops: Enabled (32-bit)
 Alignments: Space 512K, Generation 512K, Heap 2M
 Heap Min Capacity: 100M
 Heap Initial Capacity: 100M
 Heap Max Capacity: 2G
 Pre-touch: Disabled
 Parallel Workers: 13

Heap:
 PSYoungGen      total 29184K, used 12650K [0x00000000d5580000, 0x00000000d7900000, 0x0000000100000000)
  eden space 25088K, 34% used [0x00000000d5580000,0x00000000d5ddcad8,0x00000000d6e00000)
  from space 4096K, 99% used [0x00000000d6e80000,0x00000000d727ddb8,0x00000000d7280000)
  to   space 5632K, 0% used [0x00000000d7380000,0x00000000d7380000,0x00000000d7900000)
 ParOldGen       total 68608K, used 7482K [0x0000000080000000, 0x0000000084300000, 0x00000000d5580000)
  object space 68608K, 10% used [0x0000000080000000,0x000000008074ea40,0x0000000084300000)
 Metaspace       used 15668K, committed 16192K, reserved 1114112K
  class space    used 1598K, committed 1856K, reserved 1048576K

Card table byte_map: [0x000001c721d40000,0x000001c722150000] _byte_map_base: 0x000001c721940000

Marking Bits: (ParMarkBitMap*) 0x00007ffa56174460
 Begin Bits: [0x000001c734850000, 0x000001c736850000)
 End Bits:   [0x000001c736850000, 0x000001c738850000)

Polling page: 0x000001c720160000

Metaspace:

Usage:
  Non-class:     13.74 MB used.
      Class:      1.56 MB used.
       Both:     15.30 MB used.

Virtual space:
  Non-class space:       64.00 MB reserved,      14.00 MB ( 22%) committed,  1 nodes.
      Class space:        1.00 GB reserved,       1.81 MB ( <1%) committed,  1 nodes.
             Both:        1.06 GB reserved,      15.81 MB (  1%) committed. 

Chunk freelists:
   Non-Class:  1.66 MB
       Class:  14.02 MB
        Both:  15.67 MB

MaxMetaspaceSize: unlimited
CompressedClassSpaceSize: 1.00 GB
Initial GC threshold: 21.00 MB
Current GC threshold: 21.00 MB
CDS: on
 - commit_granule_bytes: 65536.
 - commit_granule_words: 8192.
 - virtual_space_node_default_size: 8388608.
 - enlarge_chunks_in_place: 1.
 - use_allocation_guard: 0.


Internal statistics:

num_allocs_failed_limit: 0.
num_arena_births: 414.
num_arena_deaths: 0.
num_vsnodes_births: 2.
num_vsnodes_deaths: 0.
num_space_committed: 254.
num_space_uncommitted: 0.
num_chunks_returned_to_freelist: 0.
num_chunks_taken_from_freelist: 946.
num_chunk_merges: 0.
num_chunk_splits: 599.
num_chunks_enlarged: 394.
num_inconsistent_stats: 0.

CodeHeap 'non-profiled nmethods': size=119168Kb used=1456Kb max_used=1456Kb free=117711Kb
 bounds [0x000001c72d140000, 0x000001c72d3b0000, 0x000001c7345a0000]
CodeHeap 'profiled nmethods': size=119104Kb used=7251Kb max_used=7251Kb free=111852Kb
 bounds [0x000001c7255a0000, 0x000001c725cc0000, 0x000001c72c9f0000]
CodeHeap 'non-nmethods': size=7488Kb used=1258Kb max_used=2966Kb free=6229Kb
 bounds [0x000001c72c9f0000, 0x000001c72cce0000, 0x000001c72d140000]
CodeCache: size=245760Kb, used=9965Kb, max_used=11673Kb, free=235792Kb
 total_blobs=4017, nmethods=3487, adapters=436, full_count=0
Compilation: enabled, stopped_count=0, restarted_count=0

Compilation events (20 events):
Event: 13.156 Thread 0x000001c77d48f130 nmethod 3468 0x000001c72d2aa390 code [0x000001c72d2aa520, 0x000001c72d2aa5e8]
Event: 13.158 Thread 0x000001c77d48f130 3469       3       org.eclipse.core.internal.preferences.EclipsePreferences::checkRemoved (26 bytes)
Event: 13.159 Thread 0x000001c77d48f130 nmethod 3469 0x000001c725cae710 code [0x000001c725cae8e0, 0x000001c725caebe0]
Event: 13.159 Thread 0x000001c722456690 3470       4       org.eclipse.osgi.internal.hookregistry.ClassLoaderHook::preFindLocalClass (1 bytes)
Event: 13.160 Thread 0x000001c722456690 nmethod 3470 0x000001c72d2aa690 code [0x000001c72d2aa820, 0x000001c72d2aa8a8]
Event: 13.160 Thread 0x000001c722456690 3471       4       org.eclipse.osgi.internal.hookregistry.ClassLoaderHook::postFindLocalClass (1 bytes)
Event: 13.160 Thread 0x000001c722456690 nmethod 3471 0x000001c72d2aa990 code [0x000001c72d2aab20, 0x000001c72d2aaba8]
Event: 13.166 Thread 0x000001c77d48f130 3472       3       java.util.ArrayDeque::addFirst (51 bytes)
Event: 13.166 Thread 0x000001c77d48d5f0 3473       3       java.util.ArrayDeque::dec (13 bytes)
Event: 13.166 Thread 0x000001c77d48d5f0 nmethod 3473 0x000001c725caed10 code [0x000001c725caeea0, 0x000001c725caefc8]
Event: 13.166 Thread 0x000001c77d48f130 nmethod 3472 0x000001c725caf090 code [0x000001c725caf280, 0x000001c725caf6f0]
Event: 13.172 Thread 0x000001c722456690 3474   !   4       org.eclipse.osgi.internal.loader.BundleLoader::getModuleClassLoader (203 bytes)
Event: 13.172 Thread 0x000001c77d48f130 3475   !   3       org.eclipse.osgi.internal.loader.ModuleClassLoader::defineClass (67 bytes)
Event: 13.173 Thread 0x000001c77d48f130 nmethod 3475 0x000001c725caf890 code [0x000001c725cafaa0, 0x000001c725cb0110]
Event: 13.183 Thread 0x000001c722456690 nmethod 3474 0x000001c72d2aac90 code [0x000001c72d2aae80, 0x000001c72d2ab4c8]
Event: 13.188 Thread 0x000001c722456690 3476       4       lombok.patcher.PatchScript::classMatches (41 bytes)
Event: 13.192 Thread 0x000001c722459620 3477   !   3       java.util.concurrent.ConcurrentHashMap::initTable (112 bytes)
Event: 13.193 Thread 0x000001c722459620 nmethod 3477 0x000001c725cb0490 code [0x000001c725cb06a0, 0x000001c725cb0ef0]
Event: 16.048 Thread 0x000001c722459620 3479       3       java.lang.Thread::isVirtual (5 bytes)
Event: 16.049 Thread 0x000001c722459620 nmethod 3479 0x000001c725cb1190 code [0x000001c725cb1340, 0x000001c725cb1548]

GC Heap History (10 events):
Event: 1.361 GC heap before
{Heap before GC invocations=1 (full 0):
 PSYoungGen      total 29696K, used 25600K [0x00000000d5580000, 0x00000000d7680000, 0x0000000100000000)
  eden space 25600K, 100% used [0x00000000d5580000,0x00000000d6e80000,0x00000000d6e80000)
  from space 4096K, 0% used [0x00000000d7280000,0x00000000d7280000,0x00000000d7680000)
  to   space 4096K, 0% used [0x00000000d6e80000,0x00000000d6e80000,0x00000000d7280000)
 ParOldGen       total 68608K, used 0K [0x0000000080000000, 0x0000000084300000, 0x00000000d5580000)
  object space 68608K, 0% used [0x0000000080000000,0x0000000080000000,0x0000000084300000)
 Metaspace       used 4249K, committed 4544K, reserved 1114112K
  class space    used 465K, committed 576K, reserved 1048576K
}
Event: 1.371 GC heap after
{Heap after GC invocations=1 (full 0):
 PSYoungGen      total 29696K, used 3868K [0x00000000d5580000, 0x00000000d7680000, 0x0000000100000000)
  eden space 25600K, 0% used [0x00000000d5580000,0x00000000d5580000,0x00000000d6e80000)
  from space 4096K, 94% used [0x00000000d6e80000,0x00000000d7247000,0x00000000d7280000)
  to   space 4096K, 0% used [0x00000000d7280000,0x00000000d7280000,0x00000000d7680000)
 ParOldGen       total 68608K, used 16K [0x0000000080000000, 0x0000000084300000, 0x00000000d5580000)
  object space 68608K, 0% used [0x0000000080000000,0x0000000080004000,0x0000000084300000)
 Metaspace       used 4249K, committed 4544K, reserved 1114112K
  class space    used 465K, committed 576K, reserved 1048576K
}
Event: 2.345 GC heap before
{Heap before GC invocations=2 (full 0):
 PSYoungGen      total 29696K, used 29468K [0x00000000d5580000, 0x00000000d7680000, 0x0000000100000000)
  eden space 25600K, 100% used [0x00000000d5580000,0x00000000d6e80000,0x00000000d6e80000)
  from space 4096K, 94% used [0x00000000d6e80000,0x00000000d7247000,0x00000000d7280000)
  to   space 4096K, 0% used [0x00000000d7280000,0x00000000d7280000,0x00000000d7680000)
 ParOldGen       total 68608K, used 16K [0x0000000080000000, 0x0000000084300000, 0x00000000d5580000)
  object space 68608K, 0% used [0x0000000080000000,0x0000000080004000,0x0000000084300000)
 Metaspace       used 7944K, committed 8256K, reserved 1114112K
  class space    used 818K, committed 960K, reserved 1048576K
}
Event: 2.357 GC heap after
{Heap after GC invocations=2 (full 0):
 PSYoungGen      total 29696K, used 4086K [0x00000000d5580000, 0x00000000d7680000, 0x0000000100000000)
  eden space 25600K, 0% used [0x00000000d5580000,0x00000000d5580000,0x00000000d6e80000)
  from space 4096K, 99% used [0x00000000d7280000,0x00000000d767d810,0x00000000d7680000)
  to   space 4096K, 0% used [0x00000000d6e80000,0x00000000d6e80000,0x00000000d7280000)
 ParOldGen       total 68608K, used 1909K [0x0000000080000000, 0x0000000084300000, 0x00000000d5580000)
  object space 68608K, 2% used [0x0000000080000000,0x00000000801dd6b8,0x0000000084300000)
 Metaspace       used 7944K, committed 8256K, reserved 1114112K
  class space    used 818K, committed 960K, reserved 1048576K
}
Event: 7.458 GC heap before
{Heap before GC invocations=3 (full 0):
 PSYoungGen      total 29696K, used 29686K [0x00000000d5580000, 0x00000000d7680000, 0x0000000100000000)
  eden space 25600K, 100% used [0x00000000d5580000,0x00000000d6e80000,0x00000000d6e80000)
  from space 4096K, 99% used [0x00000000d7280000,0x00000000d767d810,0x00000000d7680000)
  to   space 4096K, 0% used [0x00000000d6e80000,0x00000000d6e80000,0x00000000d7280000)
 ParOldGen       total 68608K, used 1909K [0x0000000080000000, 0x0000000084300000, 0x00000000d5580000)
  object space 68608K, 2% used [0x0000000080000000,0x00000000801dd6b8,0x0000000084300000)
 Metaspace       used 9511K, committed 9856K, reserved 1114112K
  class space    used 1011K, committed 1152K, reserved 1048576K
}
Event: 7.470 GC heap after
{Heap after GC invocations=3 (full 0):
 PSYoungGen      total 29696K, used 4085K [0x00000000d5580000, 0x00000000d7680000, 0x0000000100000000)
  eden space 25600K, 0% used [0x00000000d5580000,0x00000000d5580000,0x00000000d6e80000)
  from space 4096K, 99% used [0x00000000d6e80000,0x00000000d727d6b0,0x00000000d7280000)
  to   space 4096K, 0% used [0x00000000d7280000,0x00000000d7280000,0x00000000d7680000)
 ParOldGen       total 68608K, used 4328K [0x0000000080000000, 0x0000000084300000, 0x00000000d5580000)
  object space 68608K, 6% used [0x0000000080000000,0x000000008043a398,0x0000000084300000)
 Metaspace       used 9511K, committed 9856K, reserved 1114112K
  class space    used 1011K, committed 1152K, reserved 1048576K
}
Event: 10.036 GC heap before
{Heap before GC invocations=4 (full 0):
 PSYoungGen      total 29696K, used 29685K [0x00000000d5580000, 0x00000000d7680000, 0x0000000100000000)
  eden space 25600K, 100% used [0x00000000d5580000,0x00000000d6e80000,0x00000000d6e80000)
  from space 4096K, 99% used [0x00000000d6e80000,0x00000000d727d6b0,0x00000000d7280000)
  to   space 4096K, 0% used [0x00000000d7280000,0x00000000d7280000,0x00000000d7680000)
 ParOldGen       total 68608K, used 4328K [0x0000000080000000, 0x0000000084300000, 0x00000000d5580000)
  object space 68608K, 6% used [0x0000000080000000,0x000000008043a398,0x0000000084300000)
 Metaspace       used 11373K, committed 11776K, reserved 1114112K
  class space    used 1191K, committed 1344K, reserved 1048576K
}
Event: 10.045 GC heap after
{Heap after GC invocations=4 (full 0):
 PSYoungGen      total 29696K, used 4077K [0x00000000d5580000, 0x00000000d7680000, 0x0000000100000000)
  eden space 25600K, 0% used [0x00000000d5580000,0x00000000d5580000,0x00000000d6e80000)
  from space 4096K, 99% used [0x00000000d7280000,0x00000000d767b628,0x00000000d7680000)
  to   space 4096K, 0% used [0x00000000d6e80000,0x00000000d6e80000,0x00000000d7280000)
 ParOldGen       total 68608K, used 6827K [0x0000000080000000, 0x0000000084300000, 0x00000000d5580000)
  object space 68608K, 9% used [0x0000000080000000,0x00000000806aae20,0x0000000084300000)
 Metaspace       used 11373K, committed 11776K, reserved 1114112K
  class space    used 1191K, committed 1344K, reserved 1048576K
}
Event: 12.993 GC heap before
{Heap before GC invocations=5 (full 0):
 PSYoungGen      total 29696K, used 29677K [0x00000000d5580000, 0x00000000d7680000, 0x0000000100000000)
  eden space 25600K, 100% used [0x00000000d5580000,0x00000000d6e80000,0x00000000d6e80000)
  from space 4096K, 99% used [0x00000000d7280000,0x00000000d767b628,0x00000000d7680000)
  to   space 4096K, 0% used [0x00000000d6e80000,0x00000000d6e80000,0x00000000d7280000)
 ParOldGen       total 68608K, used 6827K [0x0000000080000000, 0x0000000084300000, 0x00000000d5580000)
  object space 68608K, 9% used [0x0000000080000000,0x00000000806aae20,0x0000000084300000)
 Metaspace       used 14467K, committed 14976K, reserved 1114112K
  class space    used 1480K, committed 1664K, reserved 1048576K
}
Event: 12.999 GC heap after
{Heap after GC invocations=5 (full 0):
 PSYoungGen      total 29184K, used 4087K [0x00000000d5580000, 0x00000000d7900000, 0x0000000100000000)
  eden space 25088K, 0% used [0x00000000d5580000,0x00000000d5580000,0x00000000d6e00000)
  from space 4096K, 99% used [0x00000000d6e80000,0x00000000d727ddb8,0x00000000d7280000)
  to   space 5632K, 0% used [0x00000000d7380000,0x00000000d7380000,0x00000000d7900000)
 ParOldGen       total 68608K, used 7482K [0x0000000080000000, 0x0000000084300000, 0x00000000d5580000)
  object space 68608K, 10% used [0x0000000080000000,0x000000008074ea40,0x0000000084300000)
 Metaspace       used 14467K, committed 14976K, reserved 1114112K
  class space    used 1480K, committed 1664K, reserved 1048576K
}

Dll operation events (9 events):
Event: 0.022 Loaded shared library c:\Users\Usuario\.vscode\extensions\redhat.java-1.55.0-win32-x64\jre\21.0.11-win32-x86_64\bin\java.dll
Event: 0.169 Loaded shared library c:\Users\Usuario\.vscode\extensions\redhat.java-1.55.0-win32-x64\jre\21.0.11-win32-x86_64\bin\zip.dll
Event: 0.211 Loaded shared library C:\Users\Usuario\.vscode\extensions\redhat.java-1.55.0-win32-x64\jre\21.0.11-win32-x86_64\bin\instrument.dll
Event: 0.223 Loaded shared library C:\Users\Usuario\.vscode\extensions\redhat.java-1.55.0-win32-x64\jre\21.0.11-win32-x86_64\bin\net.dll
Event: 0.227 Loaded shared library C:\Users\Usuario\.vscode\extensions\redhat.java-1.55.0-win32-x64\jre\21.0.11-win32-x86_64\bin\nio.dll
Event: 0.233 Loaded shared library C:\Users\Usuario\.vscode\extensions\redhat.java-1.55.0-win32-x64\jre\21.0.11-win32-x86_64\bin\zip.dll
Event: 0.269 Loaded shared library C:\Users\Usuario\.vscode\extensions\redhat.java-1.55.0-win32-x64\jre\21.0.11-win32-x86_64\bin\jimage.dll
Event: 0.413 Loaded shared library c:\Users\Usuario\.vscode\extensions\redhat.java-1.55.0-win32-x64\jre\21.0.11-win32-x86_64\bin\verify.dll
Event: 2.545 Loaded shared library C:\Users\Usuario\AppData\Roaming\Code\User\globalStorage\redhat.java\1.55.0\config_win\org.eclipse.equinox.launcher\org.eclipse.equinox.launcher.win32.win32.x86_64_1.3.100.v20260613-0559\eclipse_11924.dll

Deoptimization events (20 events):
Event: 12.662 Thread 0x000001c77b421e00 DEOPT PACKING pc=0x000001c72d272bbc sp=0x000000a4063fbe10
Event: 12.662 Thread 0x000001c77b421e00 DEOPT UNPACKING pc=0x000001c72ca43aa2 sp=0x000000a4063fbda0 mode 2
Event: 12.726 Thread 0x000001c77b421e00 Uncommon trap: trap_request=0xffffff45 fr.pc=0x000001c72d2760e4 relative=0x0000000000000464
Event: 12.726 Thread 0x000001c77b421e00 Uncommon trap: reason=unstable_if action=reinterpret pc=0x000001c72d2760e4 method=com.sun.org.apache.xerces.internal.impl.XMLEntityScanner.scanLiteral(ILcom/sun/org/apache/xerces/internal/xni/XMLString;Z)I @ 299 c2
Event: 12.726 Thread 0x000001c77b421e00 DEOPT PACKING pc=0x000001c72d2760e4 sp=0x000000a4063fdad0
Event: 12.726 Thread 0x000001c77b421e00 DEOPT UNPACKING pc=0x000001c72ca43aa2 sp=0x000000a4063fda60 mode 2
Event: 12.819 Thread 0x000001c77b421e00 DEOPT PACKING pc=0x000001c7259de3d6 sp=0x000000a4063fe590
Event: 12.819 Thread 0x000001c77b421e00 DEOPT UNPACKING pc=0x000001c72ca44242 sp=0x000000a4063fdaa0 mode 0
Event: 12.857 Thread 0x000001c77b421e00 Uncommon trap: trap_request=0xffffff45 fr.pc=0x000001c72d203258 relative=0x0000000000000f38
Event: 12.857 Thread 0x000001c77b421e00 Uncommon trap: reason=unstable_if action=reinterpret pc=0x000001c72d203258 method=java.io.WinNTFileSystem.normalize(Ljava/lang/String;II)Ljava/lang/String; @ 100 c2
Event: 12.857 Thread 0x000001c77b421e00 DEOPT PACKING pc=0x000001c72d203258 sp=0x000000a4063fce40
Event: 12.857 Thread 0x000001c77b421e00 DEOPT UNPACKING pc=0x000001c72ca43aa2 sp=0x000000a4063fce18 mode 2
Event: 13.044 Thread 0x000001c77b421e00 Uncommon trap: trap_request=0xffffff45 fr.pc=0x000001c72d1dbd00 relative=0x0000000000000fa0
Event: 13.044 Thread 0x000001c77b421e00 Uncommon trap: reason=unstable_if action=reinterpret pc=0x000001c72d1dbd00 method=jdk.internal.jimage.ImageStringsReader.stringFromByteBufferMatches(Ljava/nio/ByteBuffer;ILjava/lang/String;I)I @ 48 c2
Event: 13.044 Thread 0x000001c77b421e00 DEOPT PACKING pc=0x000001c72d1dbd00 sp=0x000000a4063f8b20
Event: 13.044 Thread 0x000001c77b421e00 DEOPT UNPACKING pc=0x000001c72ca43aa2 sp=0x000000a4063f8858 mode 2
Event: 13.073 Thread 0x000001c77b421e00 Uncommon trap: trap_request=0xffffff45 fr.pc=0x000001c72d18fbb4 relative=0x0000000000000f14
Event: 13.073 Thread 0x000001c77b421e00 Uncommon trap: reason=unstable_if action=reinterpret pc=0x000001c72d18fbb4 method=lombok.patcher.PatchScript.classMatches(Ljava/lang/String;Ljava/util/Collection;)Z @ 25 c2
Event: 13.073 Thread 0x000001c77b421e00 DEOPT PACKING pc=0x000001c72d18fbb4 sp=0x000000a4063f7040
Event: 13.073 Thread 0x000001c77b421e00 DEOPT UNPACKING pc=0x000001c72ca43aa2 sp=0x000000a4063f7000 mode 2

Classes loaded (20 events):
Event: 13.090 Loading class java/io/ObjectInputStream
Event: 13.091 Loading class java/io/ObjectInput
Event: 13.091 Loading class java/io/ObjectInput done
Event: 13.091 Loading class java/io/ObjectStreamConstants
Event: 13.091 Loading class java/io/ObjectStreamConstants done
Event: 13.091 Loading class java/io/ObjectInputStream done
Event: 13.091 Loading class java/io/ObjectOutputStream
Event: 13.092 Loading class java/io/ObjectOutput
Event: 13.092 Loading class java/io/ObjectOutput done
Event: 13.092 Loading class java/io/ObjectOutputStream done
Event: 13.092 Loading class java/lang/constant/ClassDesc
Event: 13.092 Loading class java/lang/constant/ClassDesc done
Event: 13.093 Loading class jdk/internal/vm/annotation/ForceInline
Event: 13.093 Loading class jdk/internal/vm/annotation/ForceInline done
Event: 13.184 Loading class java/text/MessageFormat
Event: 13.184 Loading class java/text/MessageFormat done
Event: 13.187 Loading class java/text/FieldPosition$Delegate
Event: 13.187 Loading class java/text/FieldPosition$Delegate done
Event: 13.188 Loading class java/text/MessageFormat$Field
Event: 13.188 Loading class java/text/MessageFormat$Field done

Classes unloaded (0 events):
No events

Classes redefined (0 events):
No events

Internal exceptions (20 events):
Event: 2.252 Thread 0x000001c72239ec30 Exception <a 'java/lang/ClassNotFoundException'{0x00000000d6c016d8}: sun/net/www/protocol/plurl/Handler> (0x00000000d6c016d8) 
thrown [s\src\hotspot\share\classfile\systemDictionary.cpp, line 313]
Event: 2.252 Thread 0x000001c72239ec30 Exception <a 'java/lang/ClassNotFoundException'{0x00000000d6c027a0}: sun/net/www/protocol/plurl/Handler> (0x00000000d6c027a0) 
thrown [s\src\hotspot\share\classfile\systemDictionary.cpp, line 313]
Event: 2.541 Thread 0x000001c72239ec30 Exception <a 'java/lang/UnsatisfiedLinkError'{0x00000000d57e8930}: 'void org.eclipse.equinox.launcher.JNIBridge._update_splash()'> (0x00000000d57e8930) 
thrown [s\src\hotspot\share\prims\nativeLookup.cpp, line 415]
Event: 2.601 Thread 0x000001c77b424560 Exception <a 'java/lang/NoSuchMethodError'{0x00000000d5a878b8}: 'void java.lang.invoke.DirectMethodHandle$Holder.invokeInterface(java.lang.Object, java.lang.Object, java.lang.Object)'> (0x00000000d5a878b8) 
thrown [s\src\hotspot\share\interpreter\linkResolver.cpp, line 773]
Event: 3.753 Thread 0x000001c77b421e00 Exception <a 'java/lang/NoSuchMethodError'{0x00000000d5e4b398}: 'java.lang.Object java.lang.invoke.DirectMethodHandle$Holder.newInvokeSpecial(java.lang.Object, java.lang.Object, int, java.lang.Object)'> (0x00000000d5e4b398) 
thrown [s\src\hotspot\share\interpreter\linkResolver.cpp, line 773]
Event: 3.754 Thread 0x000001c77b421e00 Exception <a 'java/lang/NoSuchMethodError'{0x00000000d5e4f1c8}: 'java.lang.Object java.lang.invoke.DirectMethodHandle$Holder.invokeSpecial(java.lang.Object, java.lang.Object, java.lang.Object, int, java.lang.Object)'> (0x00000000d5e4f1c8) 
thrown [s\src\hotspot\share\interpreter\linkResolver.cpp, line 773]
Event: 3.780 Thread 0x000001c77b421e00 Exception <a 'java/lang/NoClassDefFoundError'{0x00000000d5ef62d0}: jakarta/servlet/ServletContainerInitializer> (0x00000000d5ef62d0) 
thrown [s\src\hotspot\share\classfile\systemDictionary.cpp, line 302]
Event: 4.844 Thread 0x000001c77b421e00 Exception <a 'java/lang/ClassNotFoundException'{0x00000000d605fab8}: sun/util/logging/resources/spi/loggingProvider> (0x00000000d605fab8) 
thrown [s\src\hotspot\share\classfile\systemDictionary.cpp, line 313]
Event: 9.938 Thread 0x000001c77b421e00 Exception <a 'java/lang/NullPointerException'{0x00000000d69c6f30}> (0x00000000d69c6f30) 
thrown [s\src\hotspot\share\interpreter\linkResolver.cpp, line 1372]
Event: 9.938 Thread 0x000001c77b421e00 Exception <a 'java/lang/NullPointerException'{0x00000000d69c7210}> (0x00000000d69c7210) 
thrown [s\src\hotspot\share\interpreter\linkResolver.cpp, line 1372]
Event: 10.188 Thread 0x000001c77b421e00 Exception <a 'java/lang/NoSuchMethodError'{0x00000000d5a87478}: 'long java.lang.invoke.DirectMethodHandle$Holder.invokeSpecial(java.lang.Object, java.lang.Object)'> (0x00000000d5a87478) 
thrown [s\src\hotspot\share\interpreter\linkResolver.cpp, line 773]
Event: 10.219 Thread 0x000001c77b421e00 Exception <a 'java/lang/NoSuchMethodError'{0x00000000d5b42d60}: 'void java.lang.invoke.Invokers$Holder.invokeExact_MT(java.lang.Object, java.lang.Object, java.lang.Object)'> (0x00000000d5b42d60) 
thrown [s\src\hotspot\share\interpreter\linkResolver.cpp, line 773]
Event: 12.690 Thread 0x000001c77b421e00 Exception <a 'java/io/FileNotFoundException'{0x00000000d64ba4b0}> (0x00000000d64ba4b0) 
thrown [s\src\hotspot\share\prims\jni.cpp, line 520]
Event: 12.881 Thread 0x000001c77b421e00 Exception <a 'java/lang/NoSuchMethodError'{0x00000000d69a74f8}: 'java.lang.Object java.lang.invoke.Invokers$Holder.linkToTargetMethod(java.lang.Object, long, java.lang.Object)'> (0x00000000d69a74f8) 
thrown [s\src\hotspot\share\interpreter\linkResolver.cpp, line 773]
Event: 13.098 Thread 0x000001c77b421e00 Exception <a 'java/lang/NoSuchMethodError'{0x00000000d58e3a08}: 'java.lang.Object java.lang.invoke.DirectMethodHandle$Holder.invokeVirtual(java.lang.Object, java.lang.Object, java.lang.Object)'> (0x00000000d58e3a08) 
thrown [s\src\hotspot\share\interpreter\linkResolver.cpp, line 773]
Event: 13.101 Thread 0x000001c77b421e00 Exception <a 'java/lang/NoSuchMethodError'{0x00000000d58fbda0}: 'java.lang.Object java.lang.invoke.DelegatingMethodHandle$Holder.reinvoke_L(java.lang.Object, java.lang.Object, java.lang.Object, java.lang.Object, int, int)'> (0x00000000d58fbda0) 
thrown [s\src\hotspot\share\interpreter\linkResolver.cpp, line 773]
Event: 13.104 Thread 0x000001c77b421e00 Exception <a 'java/lang/NoSuchMethodError'{0x00000000d5918718}: 'java.lang.Object java.lang.invoke.DirectMethodHandle$Holder.newInvokeSpecial(java.lang.Object, java.lang.Object, java.lang.Object, java.lang.Object, java.lang.Object, java.lang.Object)'> (0x00000000d5918718) 
thrown [s\src\hotspot\share\interpreter\linkResolver.cpp, line 773]
Event: 13.109 Thread 0x000001c77b421e00 Exception <a 'java/lang/NoSuchMethodError'{0x00000000d5944e20}: 'void java.lang.invoke.Invokers$Holder.invokeExact_MT(java.lang.Object, java.lang.Object, java.lang.Object, java.lang.Object)'> (0x00000000d5944e20) 
thrown [s\src\hotspot\share\interpreter\linkResolver.cpp, line 773]
Event: 13.194 Thread 0x000001c77b421e00 Exception <a 'java/io/FileNotFoundException'{0x00000000d5bf3db0}> (0x00000000d5bf3db0) 
thrown [s\src\hotspot\share\prims\jni.cpp, line 520]
Event: 13.195 Thread 0x000001c77b421e00 Exception <a 'java/io/FileNotFoundException'{0x00000000d5bfb8c0}> (0x00000000d5bfb8c0) 
thrown [s\src\hotspot\share\prims\jni.cpp, line 520]

ZGC Phase Switch (0 events):
No events

VM Operations (20 events):
Event: 7.133 Executing non-safepoint VM operation: HandshakeAllThreads (Deoptimize) done
Event: 7.152 Executing non-safepoint VM operation: HandshakeAllThreads (Deoptimize)
Event: 7.152 Executing non-safepoint VM operation: HandshakeAllThreads (Deoptimize) done
Event: 7.458 Executing safepoint VM operation: ParallelGCFailedAllocation (Allocation Failure)
Event: 7.470 Executing safepoint VM operation: ParallelGCFailedAllocation (Allocation Failure) done
Event: 8.077 Executing non-safepoint VM operation: HandshakeAllThreads (Deoptimize)
Event: 8.077 Executing non-safepoint VM operation: HandshakeAllThreads (Deoptimize) done
Event: 9.081 Executing safepoint VM operation: Cleanup
Event: 9.081 Executing safepoint VM operation: Cleanup done
Event: 10.036 Executing safepoint VM operation: ParallelGCFailedAllocation (Allocation Failure)
Event: 10.045 Executing safepoint VM operation: ParallelGCFailedAllocation (Allocation Failure) done
Event: 10.077 Executing non-safepoint VM operation: HandshakeAllThreads (Deoptimize)
Event: 10.078 Executing non-safepoint VM operation: HandshakeAllThreads (Deoptimize) done
Event: 11.081 Executing safepoint VM operation: Cleanup
Event: 12.619 Executing safepoint VM operation: Cleanup done
Event: 12.993 Executing safepoint VM operation: ParallelGCFailedAllocation (Allocation Failure)
Event: 12.999 Executing safepoint VM operation: ParallelGCFailedAllocation (Allocation Failure) done
Event: 14.007 Executing safepoint VM operation: Cleanup
Event: 14.007 Executing safepoint VM operation: Cleanup done
Event: 15.022 Executing safepoint VM operation: Cleanup

Memory protections (0 events):
No events

Nmethod flushes (0 events):
No events

Events (20 events):
Event: 4.835 Thread 0x000001c77d453500 Thread exited: 0x000001c77d453500
Event: 7.134 Thread 0x000001c77b2a6680 Thread exited: 0x000001c77b2a6680
Event: 7.169 Thread 0x000001c722459620 Thread added: 0x000001c77b3f97c0
Event: 7.169 Thread 0x000001c722459620 Thread added: 0x000001c77b3f9e70
Event: 7.169 Thread 0x000001c722459620 Thread added: 0x000001c77b3fb540
Event: 7.743 Thread 0x000001c77b421e00 Thread added: 0x000001c77b424bf0
Event: 7.877 Thread 0x000001c77b3fb540 Thread exited: 0x000001c77b3fb540
Event: 8.141 Thread 0x000001c77b3f9e70 Thread exited: 0x000001c77b3f9e70
Event: 8.275 Thread 0x000001c77b3f97c0 Thread exited: 0x000001c77b3f97c0
Event: 9.100 Thread 0x000001c77b29d690 Thread exited: 0x000001c77b29d690
Event: 9.887 Thread 0x000001c77b421e00 Thread added: 0x000001c77b422490
Event: 10.222 Thread 0x000001c722459620 Thread added: 0x000001c77d48f130
Event: 10.367 Thread 0x000001c77d48f130 Thread added: 0x000001c77d48d5f0
Event: 10.370 Thread 0x000001c77d48d5f0 Thread added: 0x000001c77d48dcc0
Event: 10.419 Thread 0x000001c77d48f130 Thread added: 0x000001c77d4905a0
Event: 10.423 Thread 0x000001c77d48dcc0 Thread added: 0x000001c77d48cf20
Event: 12.619 Thread 0x000001c77d48cf20 Thread exited: 0x000001c77d48cf20
Event: 12.619 Thread 0x000001c77d48dcc0 Thread exited: 0x000001c77d48dcc0
Event: 12.942 Thread 0x000001c77d4905a0 Thread exited: 0x000001c77d4905a0
Event: 12.963 Thread 0x000001c77b421e00 Thread added: 0x000001c77d7401d0


Dynamic libraries:
0x00007ff669350000 - 0x00007ff66935e000 	c:\Users\Usuario\.vscode\extensions\redhat.java-1.55.0-win32-x64\jre\21.0.11-win32-x86_64\bin\java.exe
0x00007ffb1e780000 - 0x00007ffb1e9e8000 	C:\WINDOWS\SYSTEM32\ntdll.dll
0x00007ffb1ce90000 - 0x00007ffb1cf59000 	C:\WINDOWS\System32\KERNEL32.DLL
0x00007ffb1bb70000 - 0x00007ffb1bf62000 	C:\WINDOWS\System32\KERNELBASE.dll
0x00007ffb1c0d0000 - 0x00007ffb1c21b000 	C:\WINDOWS\System32\ucrtbase.dll
0x00007ffab3d80000 - 0x00007ffab3d98000 	c:\Users\Usuario\.vscode\extensions\redhat.java-1.55.0-win32-x64\jre\21.0.11-win32-x86_64\bin\jli.dll
0x00007ffa98710000 - 0x00007ffa9872e000 	c:\Users\Usuario\.vscode\extensions\redhat.java-1.55.0-win32-x64\jre\21.0.11-win32-x86_64\bin\VCRUNTIME140.dll
0x00007ffb1d880000 - 0x00007ffb1da45000 	C:\WINDOWS\System32\USER32.dll
0x00007ffb1bb40000 - 0x00007ffb1bb67000 	C:\WINDOWS\System32\win32u.dll
0x00007ffb05830000 - 0x00007ffb05ac3000 	C:\WINDOWS\WinSxS\amd64_microsoft.windows.common-controls_6595b64144ccf1df_6.0.26100.6899_none_3e0efeeae32e88c1\COMCTL32.dll
0x00007ffb1c5b0000 - 0x00007ffb1c5db000 	C:\WINDOWS\System32\GDI32.dll
0x00007ffb1e250000 - 0x00007ffb1e2f9000 	C:\WINDOWS\System32\msvcrt.dll
0x00007ffb1c220000 - 0x00007ffb1c34d000 	C:\WINDOWS\System32\gdi32full.dll
0x00007ffb1ba90000 - 0x00007ffb1bb33000 	C:\WINDOWS\System32\msvcp_win.dll
0x00007ffb1cd30000 - 0x00007ffb1cd5f000 	C:\WINDOWS\System32\IMM32.DLL
0x00007ffb026b0000 - 0x00007ffb026bc000 	c:\Users\Usuario\.vscode\extensions\redhat.java-1.55.0-win32-x64\jre\21.0.11-win32-x86_64\bin\vcruntime140_1.dll
0x00007ffa56260000 - 0x00007ffa562ed000 	c:\Users\Usuario\.vscode\extensions\redhat.java-1.55.0-win32-x64\jre\21.0.11-win32-x86_64\bin\msvcp140.dll
0x00007ffa554b0000 - 0x00007ffa56252000 	c:\Users\Usuario\.vscode\extensions\redhat.java-1.55.0-win32-x64\jre\21.0.11-win32-x86_64\bin\server\jvm.dll
0x00007ffb1cf70000 - 0x00007ffb1d024000 	C:\WINDOWS\System32\ADVAPI32.dll
0x00007ffb1d6b0000 - 0x00007ffb1d756000 	C:\WINDOWS\System32\sechost.dll
0x00007ffb1cd70000 - 0x00007ffb1ce88000 	C:\WINDOWS\System32\RPCRT4.dll
0x00007ffb1d7a0000 - 0x00007ffb1d814000 	C:\WINDOWS\System32\WS2_32.dll
0x00007ffb1b770000 - 0x00007ffb1b7ce000 	C:\WINDOWS\SYSTEM32\POWRPROF.dll
0x00007ffb14f80000 - 0x00007ffb14f8b000 	C:\WINDOWS\SYSTEM32\VERSION.dll
0x00007ffb14ee0000 - 0x00007ffb14f15000 	C:\WINDOWS\SYSTEM32\WINMM.dll
0x00007ffb1b750000 - 0x00007ffb1b764000 	C:\WINDOWS\SYSTEM32\UMPDC.dll
0x00007ffb1a6e0000 - 0x00007ffb1a6fb000 	C:\WINDOWS\SYSTEM32\kernel.appcore.dll
0x00007ffaf9720000 - 0x00007ffaf972a000 	c:\Users\Usuario\.vscode\extensions\redhat.java-1.55.0-win32-x64\jre\21.0.11-win32-x86_64\bin\jimage.dll
0x00007ffb19130000 - 0x00007ffb19372000 	C:\WINDOWS\SYSTEM32\DBGHELP.DLL
0x00007ffb1e300000 - 0x00007ffb1e67b000 	C:\WINDOWS\System32\combase.dll
0x00007ffb1d5d0000 - 0x00007ffb1d6a7000 	C:\WINDOWS\System32\OLEAUT32.dll
0x00007ffafa9b0000 - 0x00007ffafa9ec000 	C:\WINDOWS\SYSTEM32\dbgcore.DLL
0x00007ffb1c030000 - 0x00007ffb1c0c8000 	C:\WINDOWS\System32\bcryptPrimitives.dll
0x00007ffaf8800000 - 0x00007ffaf880f000 	c:\Users\Usuario\.vscode\extensions\redhat.java-1.55.0-win32-x64\jre\21.0.11-win32-x86_64\bin\instrument.dll
0x00007ffa982e0000 - 0x00007ffa98300000 	c:\Users\Usuario\.vscode\extensions\redhat.java-1.55.0-win32-x64\jre\21.0.11-win32-x86_64\bin\java.dll
0x00007ffb1c5e0000 - 0x00007ffb1cd2d000 	C:\WINDOWS\System32\SHELL32.dll
0x00007ffb1c3e0000 - 0x00007ffb1c54b000 	C:\WINDOWS\System32\wintypes.dll
0x00007ffb19560000 - 0x00007ffb19dbd000 	C:\WINDOWS\SYSTEM32\windows.storage.dll
0x00007ffb1e0e0000 - 0x00007ffb1e1d2000 	C:\WINDOWS\System32\SHCORE.dll
0x00007ffb1e1e0000 - 0x00007ffb1e242000 	C:\WINDOWS\System32\shlwapi.dll
0x00007ffb1b830000 - 0x00007ffb1b859000 	C:\WINDOWS\SYSTEM32\profapi.dll
0x00007ffae77a0000 - 0x00007ffae77b8000 	c:\Users\Usuario\.vscode\extensions\redhat.java-1.55.0-win32-x64\jre\21.0.11-win32-x86_64\bin\zip.dll
0x00007ffaf61c0000 - 0x00007ffaf61d0000 	C:\Users\Usuario\.vscode\extensions\redhat.java-1.55.0-win32-x64\jre\21.0.11-win32-x86_64\bin\net.dll
0x00007ffb11f50000 - 0x00007ffb1206f000 	C:\WINDOWS\SYSTEM32\WINHTTP.dll
0x00007ffb1ac50000 - 0x00007ffb1acbb000 	C:\WINDOWS\system32\mswsock.dll
0x00007ffa9b710000 - 0x00007ffa9b726000 	C:\Users\Usuario\.vscode\extensions\redhat.java-1.55.0-win32-x64\jre\21.0.11-win32-x86_64\bin\nio.dll
0x00007ffaeff80000 - 0x00007ffaeff90000 	c:\Users\Usuario\.vscode\extensions\redhat.java-1.55.0-win32-x64\jre\21.0.11-win32-x86_64\bin\verify.dll
0x00007ffa5ffd0000 - 0x00007ffa60015000 	C:\Users\Usuario\AppData\Roaming\Code\User\globalStorage\redhat.java\1.55.0\config_win\org.eclipse.equinox.launcher\org.eclipse.equinox.launcher.win32.win32.x86_64_1.3.100.v20260613-0559\eclipse_11924.dll
0x00007ffb1d310000 - 0x00007ffb1d4a8000 	C:\WINDOWS\System32\ole32.dll

JVMTI agents:
c:\Users\Usuario\.vscode\extensions\redhat.java-1.55.0-win32-x64\lombok\lombok-1.18.39-4050.jar path:c:\Users\Usuario\.vscode\extensions\redhat.java-1.55.0-win32-x64\jre\21.0.11-win32-x86_64\bin\instrument.dll, loaded, initialized, instrumentlib options:none

dbghelp: loaded successfully - version: 4.0.5 - missing functions: none
symbol engine: initialized successfully - sym options: 0x614 - pdb path: .;c:\Users\Usuario\.vscode\extensions\redhat.java-1.55.0-win32-x64\jre\21.0.11-win32-x86_64\bin;C:\WINDOWS\SYSTEM32;C:\WINDOWS\WinSxS\amd64_microsoft.windows.common-controls_6595b64144ccf1df_6.0.26100.6899_none_3e0efeeae32e88c1;c:\Users\Usuario\.vscode\extensions\redhat.java-1.55.0-win32-x64\jre\21.0.11-win32-x86_64\bin\server;C:\Users\Usuario\AppData\Roaming\Code\User\globalStorage\redhat.java\1.55.0\config_win\org.eclipse.equinox.launcher\org.eclipse.equinox.launcher.win32.win32.x86_64_1.3.100.v20260613-0559

VM Arguments:
jvm_args: --add-modules=ALL-SYSTEM --add-opens=java.base/java.util=ALL-UNNAMED --add-opens=java.base/java.lang=ALL-UNNAMED --add-opens=java.base/sun.nio.fs=ALL-UNNAMED -Declipse.application=org.eclipse.jdt.ls.core.id1 -Dosgi.bundles.defaultStartLevel=4 -Declipse.product=org.eclipse.jdt.ls.core.product -Djava.import.generatesMetadataFilesAtProjectRoot=false -DDetectVMInstallationsJob.disabled=true -Dfile.encoding=utf8 -XX:+UseParallelGC -XX:GCTimeRatio=4 -XX:AdaptiveSizePolicyWeight=90 -Dsun.zip.disableMemoryMapping=true -Xmx2G -Xms100m -Xlog:disable -javaagent:c:\Users\Usuario\.vscode\extensions\redhat.java-1.55.0-win32-x64\lombok\lombok-1.18.39-4050.jar -XX:+HeapDumpOnOutOfMemoryError -XX:HeapDumpPath=c:\Users\Usuario\AppData\Roaming\Code\User\workspaceStorage\ff323b52508a9ab547f9466bd36f4b43\redhat.java -Daether.dependencyCollector.impl=bf 
java_command: c:\Users\Usuario\.vscode\extensions\redhat.java-1.55.0-win32-x64\server\plugins\org.eclipse.equinox.launcher_1.7.200.v20260619-2039.jar -configuration c:\Users\Usuario\AppData\Roaming\Code\User\globalStorage\redhat.java\1.55.0\config_win -data c:\Users\Usuario\AppData\Roaming\Code\User\workspaceStorage\ff323b52508a9ab547f9466bd36f4b43\redhat.java\jdt_ws --pipe=\\.\pipe\lsp-33edb286f06be8090e5d516546817ae4-sock
java_class_path (initial): c:\Users\Usuario\.vscode\extensions\redhat.java-1.55.0-win32-x64\server\plugins\org.eclipse.equinox.launcher_1.7.200.v20260619-2039.jar
Launcher Type: SUN_STANDARD

[Global flags]
    uintx AdaptiveSizePolicyWeight                 = 90                                        {product} {command line}
     intx CICompilerCount                          = 12                                        {product} {ergonomic}
    uintx GCTimeRatio                              = 4                                         {product} {command line}
     bool HeapDumpOnOutOfMemoryError               = true                                   {manageable} {command line}
    ccstr HeapDumpPath                             = c:\Users\Usuario\AppData\Roaming\Code\User\workspaceStorage\ff323b52508a9ab547f9466bd36f4b43\redhat.java         {manageable} {command line}
   size_t InitialHeapSize                          = 104857600                                 {product} {command line}
   size_t MaxHeapSize                              = 2147483648                                {product} {command line}
   size_t MaxNewSize                               = 715653120                                 {product} {ergonomic}
   size_t MinHeapDeltaBytes                        = 524288                                    {product} {ergonomic}
   size_t MinHeapSize                              = 104857600                                 {product} {command line}
   size_t NewSize                                  = 34603008                                  {product} {ergonomic}
    uintx NonNMethodCodeHeapSize                   = 7602480                                {pd product} {ergonomic}
    uintx NonProfiledCodeHeapSize                  = 122027880                              {pd product} {ergonomic}
   size_t OldSize                                  = 70254592                                  {product} {ergonomic}
    uintx ProfiledCodeHeapSize                     = 122027880                              {pd product} {ergonomic}
    uintx ReservedCodeCacheSize                    = 251658240                              {pd product} {ergonomic}
     bool SegmentedCodeCache                       = true                                      {product} {ergonomic}
   size_t SoftMaxHeapSize                          = 2147483648                             {manageable} {ergonomic}
     bool UseCompressedOops                        = true                           {product lp64_product} {ergonomic}
     bool UseLargePagesIndividualAllocation        = false                                  {pd product} {ergonomic}
     bool UseParallelGC                            = true                                      {product} {command line}

Logging:
Log output configuration:
 #0: stdout all=off uptime,level,tags foldmultilines=false
 #1: stderr all=off uptime,level,tags foldmultilines=false

Release file:
JAVA_VERSION="21.0.11" 
MODULES="java.base java.compiler java.datatransfer java.xml java.prefs java.desktop java.instrument java.logging java.management java.security.sasl java.naming java.rmi java.management.rmi java.net.http java.scripting java.security.jgss java.transaction.xa java.sql java.sql.rowset java.xml.crypto java.se java.smartcardio jdk.accessibility jdk.internal.jvmstat jdk.attach jdk.charsets jdk.internal.opt jdk.zipfs jdk.compiler jdk.crypto.ec jdk.crypto.cryptoki jdk.crypto.mscapi jdk.dynalink jdk.internal.ed jdk.editpad jdk.hotspot.agent jdk.httpserver jdk.internal.le jdk.internal.vm.ci jdk.internal.vm.compiler jdk.internal.vm.compiler.management jdk.jartool jdk.javadoc jdk.jcmd jdk.management jdk.management.agent jdk.jconsole jdk.jdeps jdk.jdwp.agent jdk.jdi jdk.jfr jdk.jshell jdk.jsobject jdk.jstatd jdk.localedata jdk.management.jfr jdk.naming.dns jdk.naming.rmi jdk.net jdk.nio.mapmode jdk.random jdk.sctp jdk.security.auth jdk.security.jgss jdk.unsupported jdk.unsupported.desktop jdk.xml.dom" 

Environment Variables:
PATH=C:\Program Files\Common Files\Oracle\Java\javapath;C:\Program Files (x86)\Common Files\Oracle\Java\java8path;C:\Program Files (x86)\Common Files\Oracle\Java\javapath;C:\Program Files\Eclipse Adoptium\jdk-21.0.7.6-hotspot\bin;C:\WINDOWS\system32;C:\WINDOWS;C:\WINDOWS\System32\Wbem;C:\WINDOWS\System32\WindowsPowerShell\v1.0\;C:\WINDOWS\System32\OpenSSH\;C:\Program Files\dotnet\;C:\Program Files (x86)\Microsoft SQL Server\160\Tools\Binn\;C:\Program Files\Microsoft SQL Server\160\Tools\Binn\;C:\Program Files\Microsoft SQL Server\Client SDK\ODBC\170\Tools\Binn\;C:\Program Files\Microsoft SQL Server\160\DTS\Binn\;C:\Program Files (x86)\Microsoft SQL Server\160\DTS\Binn\;%JAVA_HOME%\bin;C:\Program Files\Git\cmd;C:\Program Files (x86)\Maven\apache-maven-3.9.11\bin;C:\Program Files\Java\jdk-17\bin;C:\Program Files\nodejs\;C:\Users\Usuario\AppData\Local\Programs\Python\Python313\Scripts\;C:\Users\Usuario\AppData\Local\Programs\Python\Python313\;C:\Users\Usuario\AppData\Local\Microsoft\WindowsApps;C:\Users\Usuario\AppData\Local\Programs\Microsoft VS Code\bin;C:\Users\Usuario\AppData\Roaming\npm
USERNAME=Usuario
OS=Windows_NT
PROCESSOR_IDENTIFIER=AMD64 Family 23 Model 104 Stepping 1, AuthenticAMD
TMP=C:\Users\Usuario\AppData\Local\Temp
TEMP=C:\Users\Usuario\AppData\Local\Temp




Periodic native trim disabled

---------------  S Y S T E M  ---------------

OS:
 Windows 11 , 64 bit Build 26100 (10.0.26100.6725)
OS uptime: 0 days 7:47 hours
Hyper-V role detected

CPU: total 16 (initial active 16) (16 cores per cpu, 2 threads per core) family 23 model 104 stepping 1 microcode 0x8608109, cx8, cmov, fxsr, ht, mmx, 3dnowpref, sse, sse2, sse3, ssse3, sse4a, sse4.1, sse4.2, popcnt, lzcnt, tsc, tscinvbit, avx, avx2, aes, clmul, bmi1, bmi2, adx, sha, fma, vzeroupper, clflush, clflushopt, hv, rdtscp, rdpid, f16c
Processor Information for the first 16 processors :
  Max Mhz: 1801, Current Mhz: 1801, Mhz Limit: 1801

Memory: 4k page, system-wide physical 7501M (1777M free)
TotalPageFile size 30029M (AvailPageFile size 0M)
current process WorkingSet (physical memory assigned to process): 124M, peak: 124M
current process commit charge ("private bytes"): 279M, peak: 279M

vm_info: OpenJDK 64-Bit Server VM (21.0.11+10-LTS) for windows-amd64 JRE (21.0.11+10-LTS), built on 2026-04-21T00:00:00Z by "admin" with MS VC++ 17.12 (VS2022)

END.
